MPLINK 5.09, LINKER
Linker Map File - Created Sat Oct  2 10:24:52 2021

                                 Section Info
                  Section       Type    Address   Location Size(Bytes)
                ---------  ---------  ---------  ---------  ---------
                   .org_0       code   0x000000    program   0x000000
                   .org_4       code   0x000000    program   0x000002
                   .org_5       code   0x000004    program   0x000d7c
                   .org_1       code   0x000120    program   0x000000
                   .org_2       code   0x0001a0    program   0x000000
                   .org_6       code   0x000800    program   0x000766
                   .org_7       code   0x001000    program   0x000f0a
                   .org_8       code   0x001800    program   0x0005da
.config_2007_/HOME/DIRK/PROJECTS/HW9_DIGITAL_       code   0x002007    program   0x000002
                   .org_3       code   0x002100    program   0x000042



                              Program Memory Usage 
                               Start         End      
                           ---------   ---------      
                            0x000000    0x000000      
                            0x000004    0x0006c1      
                            0x000800    0x000bb2      
                            0x001000    0x001784      
                            0x001800    0x001aec      
                            0x002007    0x002007      
                            0x002100    0x002120      
            5382 out of 8454 program addresses used, program memory utilization is 63%



                              Symbols - Sorted by Name
                     Name    Address   Location    Storage File                     
                ---------  ---------  ---------  --------- ---------                
                   AAGC01   0x001453    program     static /home/dirk/projects/hw9_digital_vfo/repo/hw9-dds-vfo/hw9/mplab/uni-dds-hw9.asm
                   AAGC02   0x00145c    program     static /home/dirk/projects/hw9_digital_vfo/repo/hw9-dds-vfo/hw9/mplab/uni-dds-hw9.asm
                   AAGC03   0x001478    program     static /home/dirk/projects/hw9_digital_vfo/repo/hw9-dds-vfo/hw9/mplab/uni-dds-hw9.asm
               AnzeigeAGC   0x00143d    program     static /home/dirk/projects/hw9_digital_vfo/repo/hw9-dds-vfo/hw9/mplab/uni-dds-hw9.asm
              AnzeigeBand   0x001479    program     static /home/dirk/projects/hw9_digital_vfo/repo/hw9-dds-vfo/hw9/mplab/uni-dds-hw9.asm
               BCDToASCII   0x000052    program     static /home/dirk/projects/hw9_digital_vfo/repo/hw9-dds-vfo/hw9/mplab/uni-dds-hw9.asm
                    DELAY   0x000129    program     static /home/dirk/projects/hw9_digital_vfo/repo/hw9-dds-vfo/hw9/mplab/uni-dds-hw9.asm
                  DELAY_1   0x00012b    program     static /home/dirk/projects/hw9_digital_vfo/repo/hw9-dds-vfo/hw9/mplab/uni-dds-hw9.asm
                  DELAY_2   0x00012e    program     static /home/dirk/projects/hw9_digital_vfo/repo/hw9-dds-vfo/hw9/mplab/uni-dds-hw9.asm
                  DELAY_3   0x000130    program     static /home/dirk/projects/hw9_digital_vfo/repo/hw9-dds-vfo/hw9/mplab/uni-dds-hw9.asm
                  DELAY_4   0x000133    program     static /home/dirk/projects/hw9_digital_vfo/repo/hw9-dds-vfo/hw9/mplab/uni-dds-hw9.asm
                  DELAY_5   0x000135    program     static /home/dirk/projects/hw9_digital_vfo/repo/hw9-dds-vfo/hw9/mplab/uni-dds-hw9.asm
                  Dauer01   0x00149b    program     static /home/dirk/projects/hw9_digital_vfo/repo/hw9-dds-vfo/hw9/mplab/uni-dds-hw9.asm
                  Dauer02   0x001503    program     static /home/dirk/projects/hw9_digital_vfo/repo/hw9-dds-vfo/hw9/mplab/uni-dds-hw9.asm
                  Dauer03   0x0014e9    program     static /home/dirk/projects/hw9_digital_vfo/repo/hw9-dds-vfo/hw9/mplab/uni-dds-hw9.asm
                  Dauer04   0x0014f7    program     static /home/dirk/projects/hw9_digital_vfo/repo/hw9-dds-vfo/hw9/mplab/uni-dds-hw9.asm
                 Dauerton   0x001494    program     static /home/dirk/projects/hw9_digital_vfo/repo/hw9-dds-vfo/hw9/mplab/uni-dds-hw9.asm
                   Enable   0x000163    program     static /home/dirk/projects/hw9_digital_vfo/repo/hw9-dds-vfo/hw9/mplab/uni-dds-hw9.asm
                  HEX2BCD   0x000614    program     static /home/dirk/projects/hw9_digital_vfo/repo/hw9-dds-vfo/hw9/mplab/uni-dds-hw9.asm
                LCDAnZ101   0x00033e    program     static /home/dirk/projects/hw9_digital_vfo/repo/hw9-dds-vfo/hw9/mplab/uni-dds-hw9.asm
                LCDAnZ102   0x000336    program     static /home/dirk/projects/hw9_digital_vfo/repo/hw9-dds-vfo/hw9/mplab/uni-dds-hw9.asm
                LCDAnZ201   0x00032c    program     static /home/dirk/projects/hw9_digital_vfo/repo/hw9-dds-vfo/hw9/mplab/uni-dds-hw9.asm
                LCDAnZ202   0x00031e    program     static /home/dirk/projects/hw9_digital_vfo/repo/hw9-dds-vfo/hw9/mplab/uni-dds-hw9.asm
                LCDAnZ203   0x000324    program     static /home/dirk/projects/hw9_digital_vfo/repo/hw9-dds-vfo/hw9/mplab/uni-dds-hw9.asm
                 LCDAnz01   0x00038a    program     static /home/dirk/projects/hw9_digital_vfo/repo/hw9-dds-vfo/hw9/mplab/uni-dds-hw9.asm
                  LCDAnz1   0x000390    program     static /home/dirk/projects/hw9_digital_vfo/repo/hw9-dds-vfo/hw9/mplab/uni-dds-hw9.asm
                  LCDAnz2   0x000392    program     static /home/dirk/projects/hw9_digital_vfo/repo/hw9-dds-vfo/hw9/mplab/uni-dds-hw9.asm
                  LCDAnz3   0x000394    program     static /home/dirk/projects/hw9_digital_vfo/repo/hw9-dds-vfo/hw9/mplab/uni-dds-hw9.asm
                  LCDAnz9   0x000396    program     static /home/dirk/projects/hw9_digital_vfo/repo/hw9-dds-vfo/hw9/mplab/uni-dds-hw9.asm
               LCDAnzeige   0x00035f    program     static /home/dirk/projects/hw9_digital_vfo/repo/hw9-dds-vfo/hw9/mplab/uni-dds-hw9.asm
             LCDAnzeigeZ1   0x000330    program     static /home/dirk/projects/hw9_digital_vfo/repo/hw9-dds-vfo/hw9/mplab/uni-dds-hw9.asm
             LCDAnzeigeZ2   0x00030f    program     static /home/dirk/projects/hw9_digital_vfo/repo/hw9-dds-vfo/hw9/mplab/uni-dds-hw9.asm
               LCDAusgabe   0x000160    program     static /home/dirk/projects/hw9_digital_vfo/repo/hw9-dds-vfo/hw9/mplab/uni-dds-hw9.asm
                  LCDBand   0x0003ab    program     static /home/dirk/projects/hw9_digital_vfo/repo/hw9-dds-vfo/hw9/mplab/uni-dds-hw9.asm
                  LCDChar   0x00014f    program     static /home/dirk/projects/hw9_digital_vfo/repo/hw9-dds-vfo/hw9/mplab/uni-dds-hw9.asm
                   LCDCom   0x000159    program     static /home/dirk/projects/hw9_digital_vfo/repo/hw9-dds-vfo/hw9/mplab/uni-dds-hw9.asm
            LCDCursorHome   0x000185    program     static /home/dirk/projects/hw9_digital_vfo/repo/hw9-dds-vfo/hw9/mplab/uni-dds-hw9.asm
          LCDCursorZeile1   0x000187    program     static /home/dirk/projects/hw9_digital_vfo/repo/hw9-dds-vfo/hw9/mplab/uni-dds-hw9.asm
          LCDCursorZeile2   0x000189    program     static /home/dirk/projects/hw9_digital_vfo/repo/hw9-dds-vfo/hw9/mplab/uni-dds-hw9.asm
          LCDDisplayClear   0x000183    program     static /home/dirk/projects/hw9_digital_vfo/repo/hw9-dds-vfo/hw9/mplab/uni-dds-hw9.asm
                   LCDHEX   0x0001c2    program     static /home/dirk/projects/hw9_digital_vfo/repo/hw9-dds-vfo/hw9/mplab/uni-dds-hw9.asm
                  LCDInit   0x000138    program     static /home/dirk/projects/hw9_digital_vfo/repo/hw9-dds-vfo/hw9/mplab/uni-dds-hw9.asm
                 LCDLoadA   0x00034b    program     static /home/dirk/projects/hw9_digital_vfo/repo/hw9-dds-vfo/hw9/mplab/uni-dds-hw9.asm
                 LCDLoadB   0x000342    program     static /home/dirk/projects/hw9_digital_vfo/repo/hw9-dds-vfo/hw9/mplab/uni-dds-hw9.asm
                   LCDPos   0x00018b    program     static /home/dirk/projects/hw9_digital_vfo/repo/hw9-dds-vfo/hw9/mplab/uni-dds-hw9.asm
                   LCDRdy   0x000166    program     static /home/dirk/projects/hw9_digital_vfo/repo/hw9-dds-vfo/hw9/mplab/uni-dds-hw9.asm
                  LCDRdy1   0x00016f    program     static /home/dirk/projects/hw9_digital_vfo/repo/hw9-dds-vfo/hw9/mplab/uni-dds-hw9.asm
                 LCDSpace   0x0001c0    program     static /home/dirk/projects/hw9_digital_vfo/repo/hw9-dds-vfo/hw9/mplab/uni-dds-hw9.asm
                LCDString   0x00018d    program     static /home/dirk/projects/hw9_digital_vfo/repo/hw9-dds-vfo/hw9/mplab/uni-dds-hw9.asm
               LCDString1   0x0001a7    program     static /home/dirk/projects/hw9_digital_vfo/repo/hw9-dds-vfo/hw9/mplab/uni-dds-hw9.asm
               LCDString2   0x0001aa    program     static /home/dirk/projects/hw9_digital_vfo/repo/hw9-dds-vfo/hw9/mplab/uni-dds-hw9.asm
               LCDString3   0x000195    program     static /home/dirk/projects/hw9_digital_vfo/repo/hw9-dds-vfo/hw9/mplab/uni-dds-hw9.asm
                 LCDfkorr   0x000353    program     static /home/dirk/projects/hw9_digital_vfo/repo/hw9-dds-vfo/hw9/mplab/uni-dds-hw9.asm
                  LCDfrq1   0x00039e    program     static /home/dirk/projects/hw9_digital_vfo/repo/hw9-dds-vfo/hw9/mplab/uni-dds-hw9.asm
                  LCDfrq3   0x00039e    program     static /home/dirk/projects/hw9_digital_vfo/repo/hw9-dds-vfo/hw9/mplab/uni-dds-hw9.asm
                  LCDfrq4   0x0003a0    program     static /home/dirk/projects/hw9_digital_vfo/repo/hw9-dds-vfo/hw9/mplab/uni-dds-hw9.asm
               LCDfrqbyte   0x000397    program     static /home/dirk/projects/hw9_digital_vfo/repo/hw9-dds-vfo/hw9/mplab/uni-dds-hw9.asm
                MenuStart   0x0000c7    program     static /home/dirk/projects/hw9_digital_vfo/repo/hw9-dds-vfo/hw9/mplab/uni-dds-hw9.asm
               MenuStart1   0x0000cc    program     static /home/dirk/projects/hw9_digital_vfo/repo/hw9-dds-vfo/hw9/mplab/uni-dds-hw9.asm
               MenuStart2   0x0000dc    program     static /home/dirk/projects/hw9_digital_vfo/repo/hw9-dds-vfo/hw9/mplab/uni-dds-hw9.asm
               MenuStart3   0x0000d7    program     static /home/dirk/projects/hw9_digital_vfo/repo/hw9-dds-vfo/hw9/mplab/uni-dds-hw9.asm
           Menuauswertung   0x001074    program     static /home/dirk/projects/hw9_digital_vfo/repo/hw9-dds-vfo/hw9/mplab/uni-dds-hw9.asm
               P2smsmeter   0x001073    program     static /home/dirk/projects/hw9_digital_vfo/repo/hw9-dds-vfo/hw9/mplab/uni-dds-hw9.asm
               P3smsmeter   0x001983    program     static /home/dirk/projects/hw9_digital_vfo/repo/hw9-dds-vfo/hw9/mplab/uni-dds-hw9.asm
                    PAGE0   0x000000    program     static /home/dirk/projects/hw9_digital_vfo/repo/hw9-dds-vfo/hw9/mplab/uni-dds-hw9.asm
                    PAGE1   0x000800    program     static /home/dirk/projects/hw9_digital_vfo/repo/hw9-dds-vfo/hw9/mplab/uni-dds-hw9.asm
                    PAGE2   0x001000    program     static /home/dirk/projects/hw9_digital_vfo/repo/hw9-dds-vfo/hw9/mplab/uni-dds-hw9.asm
                    PAGE3   0x001800    program     static /home/dirk/projects/hw9_digital_vfo/repo/hw9-dds-vfo/hw9/mplab/uni-dds-hw9.asm
                 SAnzeige   0x001225    program     static /home/dirk/projects/hw9_digital_vfo/repo/hw9-dds-vfo/hw9/mplab/uni-dds-hw9.asm
              Tastaturst1   0x0003b4    program     static /home/dirk/projects/hw9_digital_vfo/repo/hw9-dds-vfo/hw9/mplab/uni-dds-hw9.asm
              Tastaturst2   0x0003c7    program     static /home/dirk/projects/hw9_digital_vfo/repo/hw9-dds-vfo/hw9/mplab/uni-dds-hw9.asm
             Tastaturst99   0x0003ca    program     static /home/dirk/projects/hw9_digital_vfo/repo/hw9-dds-vfo/hw9/mplab/uni-dds-hw9.asm
           Tastegedrueckt   0x0000dd    program     static /home/dirk/projects/hw9_digital_vfo/repo/hw9-dds-vfo/hw9/mplab/uni-dds-hw9.asm
                    UBatt   0x0005ee    program     static /home/dirk/projects/hw9_digital_vfo/repo/hw9-dds-vfo/hw9/mplab/uni-dds-hw9.asm
              UPowerRueck   0x0005f0    program     static /home/dirk/projects/hw9_digital_vfo/repo/hw9-dds-vfo/hw9/mplab/uni-dds-hw9.asm
                UPowerVor   0x0005f2    program     static /home/dirk/projects/hw9_digital_vfo/repo/hw9-dds-vfo/hw9/mplab/uni-dds-hw9.asm
                     Uagc   0x0005de    program     static /home/dirk/projects/hw9_digital_vfo/repo/hw9-dds-vfo/hw9/mplab/uni-dds-hw9.asm
                    Umess   0x0005f5    program     static /home/dirk/projects/hw9_digital_vfo/repo/hw9-dds-vfo/hw9/mplab/uni-dds-hw9.asm
                   Umess0   0x0005f4    program     static /home/dirk/projects/hw9_digital_vfo/repo/hw9-dds-vfo/hw9/mplab/uni-dds-hw9.asm
           UmessKeyerPoti   0x0005f4    program     static /home/dirk/projects/hw9_digital_vfo/repo/hw9-dds-vfo/hw9/mplab/uni-dds-hw9.asm
                 _174CEND   0x0015c9    program     static /home/dirk/projects/hw9_digital_vfo/repo/hw9-dds-vfo/hw9/mplab/uni-dds-hw9.asm
                _178C3END   0x001626    program     static /home/dirk/projects/hw9_digital_vfo/repo/hw9-dds-vfo/hw9/mplab/uni-dds-hw9.asm
                _179C2END   0x001625    program     static /home/dirk/projects/hw9_digital_vfo/repo/hw9-dds-vfo/hw9/mplab/uni-dds-hw9.asm
                 _180CEND   0x001624    program     static /home/dirk/projects/hw9_digital_vfo/repo/hw9-dds-vfo/hw9/mplab/uni-dds-hw9.asm
                 _196CEND   0x0016e9    program     static /home/dirk/projects/hw9_digital_vfo/repo/hw9-dds-vfo/hw9/mplab/uni-dds-hw9.asm
                 _199CEND   0x0016f7    program     static /home/dirk/projects/hw9_digital_vfo/repo/hw9-dds-vfo/hw9/mplab/uni-dds-hw9.asm
                 _209CEND   0x001755    program     static /home/dirk/projects/hw9_digital_vfo/repo/hw9-dds-vfo/hw9/mplab/uni-dds-hw9.asm
                    addzf   0x0004a0    program     static /home/dirk/projects/hw9_digital_vfo/repo/hw9-dds-vfo/hw9/mplab/uni-dds-hw9.asm
                     anf1   0x000109    program     static /home/dirk/projects/hw9_digital_vfo/repo/hw9-dds-vfo/hw9/mplab/uni-dds-hw9.asm
                     az03   0x001493    program     static /home/dirk/projects/hw9_digital_vfo/repo/hw9-dds-vfo/hw9/mplab/uni-dds-hw9.asm
                 band2hex   0x0003a1    program     static /home/dirk/projects/hw9_digital_vfo/repo/hw9-dds-vfo/hw9/mplab/uni-dds-hw9.asm
                bandconst   0x001a9c    program     static /home/dirk/projects/hw9_digital_vfo/repo/hw9-dds-vfo/hw9/mplab/uni-dds-hw9.asm
                    bank2   0x000120    program     static /home/dirk/projects/hw9_digital_vfo/repo/hw9-dds-vfo/hw9/mplab/uni-dds-hw9.asm
                    bank3   0x0001a0    program     static /home/dirk/projects/hw9_digital_vfo/repo/hw9-dds-vfo/hw9/mplab/uni-dds-hw9.asm
                  bcd2hex   0x0016b1    program     static /home/dirk/projects/hw9_digital_vfo/repo/hw9-dds-vfo/hw9/mplab/uni-dds-hw9.asm
                 bcd2hex1   0x0016bf    program     static /home/dirk/projects/hw9_digital_vfo/repo/hw9-dds-vfo/hw9/mplab/uni-dds-hw9.asm
                 bcd2hex3   0x0016cc    program     static /home/dirk/projects/hw9_digital_vfo/repo/hw9-dds-vfo/hw9/mplab/uni-dds-hw9.asm
                 bcd2hex4   0x0016d0    program     static /home/dirk/projects/hw9_digital_vfo/repo/hw9-dds-vfo/hw9/mplab/uni-dds-hw9.asm
                 bcd2hex5   0x0016d4    program     static /home/dirk/projects/hw9_digital_vfo/repo/hw9-dds-vfo/hw9/mplab/uni-dds-hw9.asm
                  bcdadd1   0x000402    program     static /home/dirk/projects/hw9_digital_vfo/repo/hw9-dds-vfo/hw9/mplab/uni-dds-hw9.asm
                 bcdadd10   0x0003fd    program     static /home/dirk/projects/hw9_digital_vfo/repo/hw9-dds-vfo/hw9/mplab/uni-dds-hw9.asm
                bcdadd100   0x0003f3    program     static /home/dirk/projects/hw9_digital_vfo/repo/hw9-dds-vfo/hw9/mplab/uni-dds-hw9.asm
               bcdadd1000   0x0003ee    program     static /home/dirk/projects/hw9_digital_vfo/repo/hw9-dds-vfo/hw9/mplab/uni-dds-hw9.asm
               bcdadd100k   0x0003e9    program     static /home/dirk/projects/hw9_digital_vfo/repo/hw9-dds-vfo/hw9/mplab/uni-dds-hw9.asm
                  bcdadd4   0x000405    program     static /home/dirk/projects/hw9_digital_vfo/repo/hw9-dds-vfo/hw9/mplab/uni-dds-hw9.asm
                 bcdadd41   0x000407    program     static /home/dirk/projects/hw9_digital_vfo/repo/hw9-dds-vfo/hw9/mplab/uni-dds-hw9.asm
                 bcdadd42   0x000414    program     static /home/dirk/projects/hw9_digital_vfo/repo/hw9-dds-vfo/hw9/mplab/uni-dds-hw9.asm
                 bcdadd43   0x00041e    program     static /home/dirk/projects/hw9_digital_vfo/repo/hw9-dds-vfo/hw9/mplab/uni-dds-hw9.asm
                 bcdadd50   0x0003f8    program     static /home/dirk/projects/hw9_digital_vfo/repo/hw9-dds-vfo/hw9/mplab/uni-dds-hw9.asm
                  bcdsub1   0x000453    program     static /home/dirk/projects/hw9_digital_vfo/repo/hw9-dds-vfo/hw9/mplab/uni-dds-hw9.asm
                 bcdsub10   0x00044e    program     static /home/dirk/projects/hw9_digital_vfo/repo/hw9-dds-vfo/hw9/mplab/uni-dds-hw9.asm
                bcdsub100   0x000444    program     static /home/dirk/projects/hw9_digital_vfo/repo/hw9-dds-vfo/hw9/mplab/uni-dds-hw9.asm
               bcdsub1000   0x00043f    program     static /home/dirk/projects/hw9_digital_vfo/repo/hw9-dds-vfo/hw9/mplab/uni-dds-hw9.asm
               bcdsub100k   0x00043a    program     static /home/dirk/projects/hw9_digital_vfo/repo/hw9-dds-vfo/hw9/mplab/uni-dds-hw9.asm
                  bcdsub4   0x000456    program     static /home/dirk/projects/hw9_digital_vfo/repo/hw9-dds-vfo/hw9/mplab/uni-dds-hw9.asm
                 bcdsub41   0x000458    program     static /home/dirk/projects/hw9_digital_vfo/repo/hw9-dds-vfo/hw9/mplab/uni-dds-hw9.asm
                 bcdsub42   0x000465    program     static /home/dirk/projects/hw9_digital_vfo/repo/hw9-dds-vfo/hw9/mplab/uni-dds-hw9.asm
                 bcdsub43   0x00046c    program     static /home/dirk/projects/hw9_digital_vfo/repo/hw9-dds-vfo/hw9/mplab/uni-dds-hw9.asm
                 bcdsub50   0x000449    program     static /home/dirk/projects/hw9_digital_vfo/repo/hw9-dds-vfo/hw9/mplab/uni-dds-hw9.asm
                 bcdtobin   0x000475    program     static /home/dirk/projects/hw9_digital_vfo/repo/hw9-dds-vfo/hw9/mplab/uni-dds-hw9.asm
                bcdtobin1   0x000485    program     static /home/dirk/projects/hw9_digital_vfo/repo/hw9-dds-vfo/hw9/mplab/uni-dds-hw9.asm
                bcdtobin3   0x000492    program     static /home/dirk/projects/hw9_digital_vfo/repo/hw9-dds-vfo/hw9/mplab/uni-dds-hw9.asm
                bcdtobin4   0x000496    program     static /home/dirk/projects/hw9_digital_vfo/repo/hw9-dds-vfo/hw9/mplab/uni-dds-hw9.asm
                bcdtobin5   0x00049a    program     static /home/dirk/projects/hw9_digital_vfo/repo/hw9-dds-vfo/hw9/mplab/uni-dds-hw9.asm
             bmenuanzeige   0x001026    program     static /home/dirk/projects/hw9_digital_vfo/repo/hw9-dds-vfo/hw9/mplab/uni-dds-hw9.asm
              byte_to_dds   0x0005d1    program     static /home/dirk/projects/hw9_digital_vfo/repo/hw9-dds-vfo/hw9/mplab/uni-dds-hw9.asm
              bytetodds01   0x0005d4    program     static /home/dirk/projects/hw9_digital_vfo/repo/hw9-dds-vfo/hw9/mplab/uni-dds-hw9.asm
                cleartemp   0x0003cb    program     static /home/dirk/projects/hw9_digital_vfo/repo/hw9-dds-vfo/hw9/mplab/uni-dds-hw9.asm
               cleartemp4   0x0003d1    program     static /home/dirk/projects/hw9_digital_vfo/repo/hw9-dds-vfo/hw9/mplab/uni-dds-hw9.asm
           control_to_dds   0x0005ba    program     static /home/dirk/projects/hw9_digital_vfo/repo/hw9-dds-vfo/hw9/mplab/uni-dds-hw9.asm
                     dds0   0x0018c4    program     static /home/dirk/projects/hw9_digital_vfo/repo/hw9-dds-vfo/hw9/mplab/uni-dds-hw9.asm
                     dds1   0x0018c8    program     static /home/dirk/projects/hw9_digital_vfo/repo/hw9-dds-vfo/hw9/mplab/uni-dds-hw9.asm
                 dds_init   0x0005a4    program     static /home/dirk/projects/hw9_digital_vfo/repo/hw9-dds-vfo/hw9/mplab/uni-dds-hw9.asm
             ddsbinausr01   0x000557    program     static /home/dirk/projects/hw9_digital_vfo/repo/hw9-dds-vfo/hw9/mplab/uni-dds-hw9.asm
         ddsbinausrechnen   0x000532    program     static /home/dirk/projects/hw9_digital_vfo/repo/hw9-dds-vfo/hw9/mplab/uni-dds-hw9.asm
                    divb2   0x0016da    program     static /home/dirk/projects/hw9_digital_vfo/repo/hw9-dds-vfo/hw9/mplab/uni-dds-hw9.asm
                   divb21   0x0016dd    program     static /home/dirk/projects/hw9_digital_vfo/repo/hw9-dds-vfo/hw9/mplab/uni-dds-hw9.asm
                   divb22   0x0016ee    program     static /home/dirk/projects/hw9_digital_vfo/repo/hw9-dds-vfo/hw9/mplab/uni-dds-hw9.asm
                   divb23   0x0016f1    program     static /home/dirk/projects/hw9_digital_vfo/repo/hw9-dds-vfo/hw9/mplab/uni-dds-hw9.asm
                   divb24   0x001700    program     static /home/dirk/projects/hw9_digital_vfo/repo/hw9-dds-vfo/hw9/mplab/uni-dds-hw9.asm
                     edds   0x002101    program     static /home/dirk/projects/hw9_digital_vfo/repo/hw9-dds-vfo/hw9/mplab/uni-dds-hw9.asm
                    eel01   0x0006b3    program     static /home/dirk/projects/hw9_digital_vfo/repo/hw9-dds-vfo/hw9/mplab/uni-dds-hw9.asm
                  eeladen   0x000699    program     static /home/dirk/projects/hw9_digital_vfo/repo/hw9-dds-vfo/hw9/mplab/uni-dds-hw9.asm
               eepromneu1   0x001957    program     static /home/dirk/projects/hw9_digital_vfo/repo/hw9-dds-vfo/hw9/mplab/uni-dds-hw9.asm
               eepromneu2   0x00197a    program     static /home/dirk/projects/hw9_digital_vfo/repo/hw9-dds-vfo/hw9/mplab/uni-dds-hw9.asm
                   eflag1   0x002100    program     static /home/dirk/projects/hw9_digital_vfo/repo/hw9-dds-vfo/hw9/mplab/uni-dds-hw9.asm
                endepage0   0x0006c2    program     static /home/dirk/projects/hw9_digital_vfo/repo/hw9-dds-vfo/hw9/mplab/uni-dds-hw9.asm
                endepage1   0x000bb3    program     static /home/dirk/projects/hw9_digital_vfo/repo/hw9-dds-vfo/hw9/mplab/uni-dds-hw9.asm
                endepage2   0x001785    program     static /home/dirk/projects/hw9_digital_vfo/repo/hw9-dds-vfo/hw9/mplab/uni-dds-hw9.asm
                    eread   0x00068b    program     static /home/dirk/projects/hw9_digital_vfo/repo/hw9-dds-vfo/hw9/mplab/uni-dds-hw9.asm
                es_konst1   0x00211d    program     static /home/dirk/projects/hw9_digital_vfo/repo/hw9-dds-vfo/hw9/mplab/uni-dds-hw9.asm
                es_konst2   0x00211f    program     static /home/dirk/projects/hw9_digital_vfo/repo/hw9-dds-vfo/hw9/mplab/uni-dds-hw9.asm
                   escana   0x002115    program     static /home/dirk/projects/hw9_digital_vfo/repo/hw9-dds-vfo/hw9/mplab/uni-dds-hw9.asm
                   escanb   0x002119    program     static /home/dirk/projects/hw9_digital_vfo/repo/hw9-dds-vfo/hw9/mplab/uni-dds-hw9.asm
                  estarta   0x002109    program     static /home/dirk/projects/hw9_digital_vfo/repo/hw9-dds-vfo/hw9/mplab/uni-dds-hw9.asm
                  estartb   0x00210d    program     static /home/dirk/projects/hw9_digital_vfo/repo/hw9-dds-vfo/hw9/mplab/uni-dds-hw9.asm
                     evfo   0x002109    program     static /home/dirk/projects/hw9_digital_vfo/repo/hw9-dds-vfo/hw9/mplab/uni-dds-hw9.asm
                      ew1   0x00067c    program     static /home/dirk/projects/hw9_digital_vfo/repo/hw9-dds-vfo/hw9/mplab/uni-dds-hw9.asm
                      ew2   0x00066a    program     static /home/dirk/projects/hw9_digital_vfo/repo/hw9-dds-vfo/hw9/mplab/uni-dds-hw9.asm
                      ew3   0x000684    program     static /home/dirk/projects/hw9_digital_vfo/repo/hw9-dds-vfo/hw9/mplab/uni-dds-hw9.asm
                    ewl01   0x0006ba    program     static /home/dirk/projects/hw9_digital_vfo/repo/hw9-dds-vfo/hw9/mplab/uni-dds-hw9.asm
                   ewrite   0x000668    program     static /home/dirk/projects/hw9_digital_vfo/repo/hw9-dds-vfo/hw9/mplab/uni-dds-hw9.asm
                  extal80   0x002111    program     static /home/dirk/projects/hw9_digital_vfo/repo/hw9-dds-vfo/hw9/mplab/uni-dds-hw9.asm
                      ezf   0x002105    program     static /home/dirk/projects/hw9_digital_vfo/repo/hw9-dds-vfo/hw9/mplab/uni-dds-hw9.asm
                    fpl01   0x000529    program     static /home/dirk/projects/hw9_digital_vfo/repo/hw9-dds-vfo/hw9/mplab/uni-dds-hw9.asm
                    fpl02   0x000530    program     static /home/dirk/projects/hw9_digital_vfo/repo/hw9-dds-vfo/hw9/mplab/uni-dds-hw9.asm
                    fpl03   0x00052d    program     static /home/dirk/projects/hw9_digital_vfo/repo/hw9-dds-vfo/hw9/mplab/uni-dds-hw9.asm
            fpointerladen   0x000525    program     static /home/dirk/projects/hw9_digital_vfo/repo/hw9-dds-vfo/hw9/mplab/uni-dds-hw9.asm
         fpointerladendds   0x000529    program     static /home/dirk/projects/hw9_digital_vfo/repo/hw9-dds-vfo/hw9/mplab/uni-dds-hw9.asm
       fpointerladenddstx   0x000520    program     static /home/dirk/projects/hw9_digital_vfo/repo/hw9-dds-vfo/hw9/mplab/uni-dds-hw9.asm
          frq28bit_to_dds   0x000582    program     static /home/dirk/projects/hw9_digital_vfo/repo/hw9-dds-vfo/hw9/mplab/uni-dds-hw9.asm
                 getswert   0x001732    program     static /home/dirk/projects/hw9_digital_vfo/repo/hw9-dds-vfo/hw9/mplab/uni-dds-hw9.asm
                   getswr   0x001514    program     static /home/dirk/projects/hw9_digital_vfo/repo/hw9-dds-vfo/hw9/mplab/uni-dds-hw9.asm
                  getswr1   0x001534    program     static /home/dirk/projects/hw9_digital_vfo/repo/hw9-dds-vfo/hw9/mplab/uni-dds-hw9.asm
                  getswr2   0x001553    program     static /home/dirk/projects/hw9_digital_vfo/repo/hw9-dds-vfo/hw9/mplab/uni-dds-hw9.asm
                  getswr3   0x001566    program     static /home/dirk/projects/hw9_digital_vfo/repo/hw9-dds-vfo/hw9/mplab/uni-dds-hw9.asm
                  getswr4   0x00156a    program     static /home/dirk/projects/hw9_digital_vfo/repo/hw9-dds-vfo/hw9/mplab/uni-dds-hw9.asm
                  getswr5   0x00156e    program     static /home/dirk/projects/hw9_digital_vfo/repo/hw9-dds-vfo/hw9/mplab/uni-dds-hw9.asm
                  getswr6   0x001578    program     static /home/dirk/projects/hw9_digital_vfo/repo/hw9-dds-vfo/hw9/mplab/uni-dds-hw9.asm
                  getswr7   0x00157a    program     static /home/dirk/projects/hw9_digital_vfo/repo/hw9-dds-vfo/hw9/mplab/uni-dds-hw9.asm
                  getswr8   0x00157e    program     static /home/dirk/projects/hw9_digital_vfo/repo/hw9-dds-vfo/hw9/mplab/uni-dds-hw9.asm
                    gsw01   0x001783    program     static /home/dirk/projects/hw9_digital_vfo/repo/hw9-dds-vfo/hw9/mplab/uni-dds-hw9.asm
                    gsw02   0x001781    program     static /home/dirk/projects/hw9_digital_vfo/repo/hw9-dds-vfo/hw9/mplab/uni-dds-hw9.asm
                    gsw03   0x001779    program     static /home/dirk/projects/hw9_digital_vfo/repo/hw9-dds-vfo/hw9/mplab/uni-dds-hw9.asm
                    haupt   0x0001c9    program     static /home/dirk/projects/hw9_digital_vfo/repo/hw9-dds-vfo/hw9/mplab/uni-dds-hw9.asm
                haupt0001   0x000267    program     static /home/dirk/projects/hw9_digital_vfo/repo/hw9-dds-vfo/hw9/mplab/uni-dds-hw9.asm
                 haupt0_1   0x000214    program     static /home/dirk/projects/hw9_digital_vfo/repo/hw9-dds-vfo/hw9/mplab/uni-dds-hw9.asm
                 haupt0_2   0x0001de    program     static /home/dirk/projects/hw9_digital_vfo/repo/hw9-dds-vfo/hw9/mplab/uni-dds-hw9.asm
                 haupt0_3   0x00020d    program     static /home/dirk/projects/hw9_digital_vfo/repo/hw9-dds-vfo/hw9/mplab/uni-dds-hw9.asm
                 haupt0_4   0x0001fd    program     static /home/dirk/projects/hw9_digital_vfo/repo/hw9-dds-vfo/hw9/mplab/uni-dds-hw9.asm
                 haupt0_5   0x0001f2    program     static /home/dirk/projects/hw9_digital_vfo/repo/hw9-dds-vfo/hw9/mplab/uni-dds-hw9.asm
                   haupt1   0x000220    program     static /home/dirk/projects/hw9_digital_vfo/repo/hw9-dds-vfo/hw9/mplab/uni-dds-hw9.asm
                  haupt10   0x000288    program     static /home/dirk/projects/hw9_digital_vfo/repo/hw9-dds-vfo/hw9/mplab/uni-dds-hw9.asm
                  haupt11   0x0002a3    program     static /home/dirk/projects/hw9_digital_vfo/repo/hw9-dds-vfo/hw9/mplab/uni-dds-hw9.asm
                haupt11_1   0x0002ae    program     static /home/dirk/projects/hw9_digital_vfo/repo/hw9-dds-vfo/hw9/mplab/uni-dds-hw9.asm
                  haupt12   0x0002b5    program     static /home/dirk/projects/hw9_digital_vfo/repo/hw9-dds-vfo/hw9/mplab/uni-dds-hw9.asm
                  haupt13   0x0002bc    program     static /home/dirk/projects/hw9_digital_vfo/repo/hw9-dds-vfo/hw9/mplab/uni-dds-hw9.asm
                   haupt2   0x00023f    program     static /home/dirk/projects/hw9_digital_vfo/repo/hw9-dds-vfo/hw9/mplab/uni-dds-hw9.asm
                  haupt2a   0x00023a    program     static /home/dirk/projects/hw9_digital_vfo/repo/hw9-dds-vfo/hw9/mplab/uni-dds-hw9.asm
                  haupt2r   0x00022e    program     static /home/dirk/projects/hw9_digital_vfo/repo/hw9-dds-vfo/hw9/mplab/uni-dds-hw9.asm
                   haupt3   0x000243    program     static /home/dirk/projects/hw9_digital_vfo/repo/hw9-dds-vfo/hw9/mplab/uni-dds-hw9.asm
                  haupt3r   0x000232    program     static /home/dirk/projects/hw9_digital_vfo/repo/hw9-dds-vfo/hw9/mplab/uni-dds-hw9.asm
                   haupt4   0x000247    program     static /home/dirk/projects/hw9_digital_vfo/repo/hw9-dds-vfo/hw9/mplab/uni-dds-hw9.asm
                  haupt4r   0x000236    program     static /home/dirk/projects/hw9_digital_vfo/repo/hw9-dds-vfo/hw9/mplab/uni-dds-hw9.asm
                   haupt5   0x00024c    program     static /home/dirk/projects/hw9_digital_vfo/repo/hw9-dds-vfo/hw9/mplab/uni-dds-hw9.asm
                   haupt6   0x00024a    program     static /home/dirk/projects/hw9_digital_vfo/repo/hw9-dds-vfo/hw9/mplab/uni-dds-hw9.asm
                  haupt70   0x000252    program     static /home/dirk/projects/hw9_digital_vfo/repo/hw9-dds-vfo/hw9/mplab/uni-dds-hw9.asm
                 haupt701   0x00025b    program     static /home/dirk/projects/hw9_digital_vfo/repo/hw9-dds-vfo/hw9/mplab/uni-dds-hw9.asm
                 haupt702   0x00025c    program     static /home/dirk/projects/hw9_digital_vfo/repo/hw9-dds-vfo/hw9/mplab/uni-dds-hw9.asm
                   haupt8   0x00025d    program     static /home/dirk/projects/hw9_digital_vfo/repo/hw9-dds-vfo/hw9/mplab/uni-dds-hw9.asm
                  haupt80   0x00030e    program     static /home/dirk/projects/hw9_digital_vfo/repo/hw9-dds-vfo/hw9/mplab/uni-dds-hw9.asm
                 haupt801   0x0002c7    program     static /home/dirk/projects/hw9_digital_vfo/repo/hw9-dds-vfo/hw9/mplab/uni-dds-hw9.asm
                 haupt802   0x0002d0    program     static /home/dirk/projects/hw9_digital_vfo/repo/hw9-dds-vfo/hw9/mplab/uni-dds-hw9.asm
                 haupt803   0x0002fd    program     static /home/dirk/projects/hw9_digital_vfo/repo/hw9-dds-vfo/hw9/mplab/uni-dds-hw9.asm
               haupt803_1   0x0002f7    program     static /home/dirk/projects/hw9_digital_vfo/repo/hw9-dds-vfo/hw9/mplab/uni-dds-hw9.asm
                 haupt899   0x000301    program     static /home/dirk/projects/hw9_digital_vfo/repo/hw9-dds-vfo/hw9/mplab/uni-dds-hw9.asm
                 haupt8_1   0x000270    program     static /home/dirk/projects/hw9_digital_vfo/repo/hw9-dds-vfo/hw9/mplab/uni-dds-hw9.asm
                 haupt8_2   0x00026e    program     static /home/dirk/projects/hw9_digital_vfo/repo/hw9-dds-vfo/hw9/mplab/uni-dds-hw9.asm
                 haupt8_3   0x000275    program     static /home/dirk/projects/hw9_digital_vfo/repo/hw9-dds-vfo/hw9/mplab/uni-dds-hw9.asm
                 haupt8_5   0x00026c    program     static /home/dirk/projects/hw9_digital_vfo/repo/hw9-dds-vfo/hw9/mplab/uni-dds-hw9.asm
                   haupt9   0x000277    program     static /home/dirk/projects/hw9_digital_vfo/repo/hw9-dds-vfo/hw9/mplab/uni-dds-hw9.asm
                  haupt91   0x000296    program     static /home/dirk/projects/hw9_digital_vfo/repo/hw9-dds-vfo/hw9/mplab/uni-dds-hw9.asm
                  haupt92   0x00029e    program     static /home/dirk/projects/hw9_digital_vfo/repo/hw9-dds-vfo/hw9/mplab/uni-dds-hw9.asm
                  haupt93   0x0002a3    program     static /home/dirk/projects/hw9_digital_vfo/repo/hw9-dds-vfo/hw9/mplab/uni-dds-hw9.asm
                  haupt99   0x00030e    program     static /home/dirk/projects/hw9_digital_vfo/repo/hw9-dds-vfo/hw9/mplab/uni-dds-hw9.asm
                  hex2bcd   0x00167e    program     static /home/dirk/projects/hw9_digital_vfo/repo/hw9-dds-vfo/hw9/mplab/uni-dds-hw9.asm
                   hextb1   0x00168c    program     static /home/dirk/projects/hw9_digital_vfo/repo/hw9-dds-vfo/hw9/mplab/uni-dds-hw9.asm
                   hextb2   0x001699    program     static /home/dirk/projects/hw9_digital_vfo/repo/hw9-dds-vfo/hw9/mplab/uni-dds-hw9.asm
                   hextb3   0x0016a2    program     static /home/dirk/projects/hw9_digital_vfo/repo/hw9-dds-vfo/hw9/mplab/uni-dds-hw9.asm
                   hextb4   0x001690    program     static /home/dirk/projects/hw9_digital_vfo/repo/hw9-dds-vfo/hw9/mplab/uni-dds-hw9.asm
                     htb1   0x000619    program     static /home/dirk/projects/hw9_digital_vfo/repo/hw9-dds-vfo/hw9/mplab/uni-dds-hw9.asm
                     htb2   0x000622    program     static /home/dirk/projects/hw9_digital_vfo/repo/hw9-dds-vfo/hw9/mplab/uni-dds-hw9.asm
                     htb3   0x00062b    program     static /home/dirk/projects/hw9_digital_vfo/repo/hw9-dds-vfo/hw9/mplab/uni-dds-hw9.asm
                     iend   0x000049    program     static /home/dirk/projects/hw9_digital_vfo/repo/hw9-dds-vfo/hw9/mplab/uni-dds-hw9.asm
                     init   0x0000e1    program     static /home/dirk/projects/hw9_digital_vfo/repo/hw9-dds-vfo/hw9/mplab/uni-dds-hw9.asm
                      ir1   0x000031    program     static /home/dirk/projects/hw9_digital_vfo/repo/hw9-dds-vfo/hw9/mplab/uni-dds-hw9.asm
                      ir2   0x00001c    program     static /home/dirk/projects/hw9_digital_vfo/repo/hw9-dds-vfo/hw9/mplab/uni-dds-hw9.asm
                     ir20   0x00001e    program     static /home/dirk/projects/hw9_digital_vfo/repo/hw9-dds-vfo/hw9/mplab/uni-dds-hw9.asm
                    ir202   0x000022    program     static /home/dirk/projects/hw9_digital_vfo/repo/hw9-dds-vfo/hw9/mplab/uni-dds-hw9.asm
                     ir21   0x000023    program     static /home/dirk/projects/hw9_digital_vfo/repo/hw9-dds-vfo/hw9/mplab/uni-dds-hw9.asm
                     ir22   0x00002b    program     static /home/dirk/projects/hw9_digital_vfo/repo/hw9-dds-vfo/hw9/mplab/uni-dds-hw9.asm
                     ir23   0x000030    program     static /home/dirk/projects/hw9_digital_vfo/repo/hw9-dds-vfo/hw9/mplab/uni-dds-hw9.asm
                      ir3   0x00003e    program     static /home/dirk/projects/hw9_digital_vfo/repo/hw9-dds-vfo/hw9/mplab/uni-dds-hw9.asm
                      ir4   0x000044    program     static /home/dirk/projects/hw9_digital_vfo/repo/hw9-dds-vfo/hw9/mplab/uni-dds-hw9.asm
                      ir6   0x000047    program     static /home/dirk/projects/hw9_digital_vfo/repo/hw9-dds-vfo/hw9/mplab/uni-dds-hw9.asm
                      isr   0x000004    program     static /home/dirk/projects/hw9_digital_vfo/repo/hw9-dds-vfo/hw9/mplab/uni-dds-hw9.asm
                 keyermul   0x00064e    program     static /home/dirk/projects/hw9_digital_vfo/repo/hw9-dds-vfo/hw9/mplab/uni-dds-hw9.asm
                    konst   0x001824    program     static /home/dirk/projects/hw9_digital_vfo/repo/hw9-dds-vfo/hw9/mplab/uni-dds-hw9.asm
                     kum1   0x000656    program     static /home/dirk/projects/hw9_digital_vfo/repo/hw9-dds-vfo/hw9/mplab/uni-dds-hw9.asm
                     kum2   0x00065f    program     static /home/dirk/projects/hw9_digital_vfo/repo/hw9-dds-vfo/hw9/mplab/uni-dds-hw9.asm
                   leread   0x0006b3    program     static /home/dirk/projects/hw9_digital_vfo/repo/hw9-dds-vfo/hw9/mplab/uni-dds-hw9.asm
                  lewrite   0x0006ba    program     static /home/dirk/projects/hw9_digital_vfo/repo/hw9-dds-vfo/hw9/mplab/uni-dds-hw9.asm
                  mausw01   0x00107a    program     static /home/dirk/projects/hw9_digital_vfo/repo/hw9-dds-vfo/hw9/mplab/uni-dds-hw9.asm
                  mausw02   0x001083    program     static /home/dirk/projects/hw9_digital_vfo/repo/hw9-dds-vfo/hw9/mplab/uni-dds-hw9.asm
                  mausw03   0x0010be    program     static /home/dirk/projects/hw9_digital_vfo/repo/hw9-dds-vfo/hw9/mplab/uni-dds-hw9.asm
                  mausw04   0x0010a2    program     static /home/dirk/projects/hw9_digital_vfo/repo/hw9-dds-vfo/hw9/mplab/uni-dds-hw9.asm
                  mausw05   0x001093    program     static /home/dirk/projects/hw9_digital_vfo/repo/hw9-dds-vfo/hw9/mplab/uni-dds-hw9.asm
                  mausw06   0x00109a    program     static /home/dirk/projects/hw9_digital_vfo/repo/hw9-dds-vfo/hw9/mplab/uni-dds-hw9.asm
                  mausw10   0x0010b3    program     static /home/dirk/projects/hw9_digital_vfo/repo/hw9-dds-vfo/hw9/mplab/uni-dds-hw9.asm
                  mausw11   0x0010c7    program     static /home/dirk/projects/hw9_digital_vfo/repo/hw9-dds-vfo/hw9/mplab/uni-dds-hw9.asm
                    mband   0x001a4c    program     static /home/dirk/projects/hw9_digital_vfo/repo/hw9-dds-vfo/hw9/mplab/uni-dds-hw9.asm
                 mbausw01   0x001a55    program     static /home/dirk/projects/hw9_digital_vfo/repo/hw9-dds-vfo/hw9/mplab/uni-dds-hw9.asm
                 mbausw02   0x001a62    program     static /home/dirk/projects/hw9_digital_vfo/repo/hw9-dds-vfo/hw9/mplab/uni-dds-hw9.asm
                 mbausw03   0x001a8c    program     static /home/dirk/projects/hw9_digital_vfo/repo/hw9-dds-vfo/hw9/mplab/uni-dds-hw9.asm
                 mbausw04   0x001a85    program     static /home/dirk/projects/hw9_digital_vfo/repo/hw9-dds-vfo/hw9/mplab/uni-dds-hw9.asm
                 mbausw05   0x001a72    program     static /home/dirk/projects/hw9_digital_vfo/repo/hw9-dds-vfo/hw9/mplab/uni-dds-hw9.asm
                 mbausw06   0x001a79    program     static /home/dirk/projects/hw9_digital_vfo/repo/hw9-dds-vfo/hw9/mplab/uni-dds-hw9.asm
                   mbreak   0x0010d7    program     static /home/dirk/projects/hw9_digital_vfo/repo/hw9-dds-vfo/hw9/mplab/uni-dds-hw9.asm
                  mbstore   0x001a98    program     static /home/dirk/projects/hw9_digital_vfo/repo/hw9-dds-vfo/hw9/mplab/uni-dds-hw9.asm
              menuanzeige   0x001012    program     static /home/dirk/projects/hw9_digital_vfo/repo/hw9-dds-vfo/hw9/mplab/uni-dds-hw9.asm
           menuausfuehren   0x00104a    program     static /home/dirk/projects/hw9_digital_vfo/repo/hw9-dds-vfo/hw9/mplab/uni-dds-hw9.asm
                  mflagsp   0x0010ce    program     static /home/dirk/projects/hw9_digital_vfo/repo/hw9-dds-vfo/hw9/mplab/uni-dds-hw9.asm
                   mkeyer   0x0010fc    program     static /home/dirk/projects/hw9_digital_vfo/repo/hw9-dds-vfo/hw9/mplab/uni-dds-hw9.asm
                  mkeyer1   0x001100    program     static /home/dirk/projects/hw9_digital_vfo/repo/hw9-dds-vfo/hw9/mplab/uni-dds-hw9.asm
                  mkeyer2   0x001101    program     static /home/dirk/projects/hw9_digital_vfo/repo/hw9-dds-vfo/hw9/mplab/uni-dds-hw9.asm
                   mlight   0x001108    program     static /home/dirk/projects/hw9_digital_vfo/repo/hw9-dds-vfo/hw9/mplab/uni-dds-hw9.asm
                  mlight1   0x00110e    program     static /home/dirk/projects/hw9_digital_vfo/repo/hw9-dds-vfo/hw9/mplab/uni-dds-hw9.asm
               mlightauto   0x00115a    program     static /home/dirk/projects/hw9_digital_vfo/repo/hw9-dds-vfo/hw9/mplab/uni-dds-hw9.asm
              mlightauto1   0x001160    program     static /home/dirk/projects/hw9_digital_vfo/repo/hw9-dds-vfo/hw9/mplab/uni-dds-hw9.asm
              mlightauto2   0x001168    program     static /home/dirk/projects/hw9_digital_vfo/repo/hw9-dds-vfo/hw9/mplab/uni-dds-hw9.asm
                   mrband   0x001102    program     static /home/dirk/projects/hw9_digital_vfo/repo/hw9-dds-vfo/hw9/mplab/uni-dds-hw9.asm
                     mrit   0x0010eb    program     static /home/dirk/projects/hw9_digital_vfo/repo/hw9-dds-vfo/hw9/mplab/uni-dds-hw9.asm
                    mrit1   0x0010f5    program     static /home/dirk/projects/hw9_digital_vfo/repo/hw9-dds-vfo/hw9/mplab/uni-dds-hw9.asm
                    mrit2   0x0010fb    program     static /home/dirk/projects/hw9_digital_vfo/repo/hw9-dds-vfo/hw9/mplab/uni-dds-hw9.asm
                    mrit3   0x0010fa    program     static /home/dirk/projects/hw9_digital_vfo/repo/hw9-dds-vfo/hw9/mplab/uni-dds-hw9.asm
                    mrit4   0x0010f3    program     static /home/dirk/projects/hw9_digital_vfo/repo/hw9-dds-vfo/hw9/mplab/uni-dds-hw9.asm
                 msausw01   0x001645    program     static /home/dirk/projects/hw9_digital_vfo/repo/hw9-dds-vfo/hw9/mplab/uni-dds-hw9.asm
                 msausw02   0x00164e    program     static /home/dirk/projects/hw9_digital_vfo/repo/hw9-dds-vfo/hw9/mplab/uni-dds-hw9.asm
                 msausw03   0x001674    program     static /home/dirk/projects/hw9_digital_vfo/repo/hw9-dds-vfo/hw9/mplab/uni-dds-hw9.asm
                 msausw04   0x00166d    program     static /home/dirk/projects/hw9_digital_vfo/repo/hw9-dds-vfo/hw9/mplab/uni-dds-hw9.asm
                 msausw05   0x00165e    program     static /home/dirk/projects/hw9_digital_vfo/repo/hw9-dds-vfo/hw9/mplab/uni-dds-hw9.asm
                 msausw06   0x001665    program     static /home/dirk/projects/hw9_digital_vfo/repo/hw9-dds-vfo/hw9/mplab/uni-dds-hw9.asm
                    mscan   0x001591    program     static /home/dirk/projects/hw9_digital_vfo/repo/hw9-dds-vfo/hw9/mplab/uni-dds-hw9.asm
                   msetup   0x00163e    program     static /home/dirk/projects/hw9_digital_vfo/repo/hw9-dds-vfo/hw9/mplab/uni-dds-hw9.asm
                   mtband   0x0013ea    program     static /home/dirk/projects/hw9_digital_vfo/repo/hw9-dds-vfo/hw9/mplab/uni-dds-hw9.asm
                  mtbreak   0x0013b3    program     static /home/dirk/projects/hw9_digital_vfo/repo/hw9-dds-vfo/hw9/mplab/uni-dds-hw9.asm
                  mtkeyer   0x0013ce    program     static /home/dirk/projects/hw9_digital_vfo/repo/hw9-dds-vfo/hw9/mplab/uni-dds-hw9.asm
                 mtkeyer1   0x0013d2    program     static /home/dirk/projects/hw9_digital_vfo/repo/hw9-dds-vfo/hw9/mplab/uni-dds-hw9.asm
                 mtkeyer2   0x0013d3    program     static /home/dirk/projects/hw9_digital_vfo/repo/hw9-dds-vfo/hw9/mplab/uni-dds-hw9.asm
                  mtlight   0x0013fc    program     static /home/dirk/projects/hw9_digital_vfo/repo/hw9-dds-vfo/hw9/mplab/uni-dds-hw9.asm
                 mtlight1   0x001400    program     static /home/dirk/projects/hw9_digital_vfo/repo/hw9-dds-vfo/hw9/mplab/uni-dds-hw9.asm
                 mtlight2   0x001401    program     static /home/dirk/projects/hw9_digital_vfo/repo/hw9-dds-vfo/hw9/mplab/uni-dds-hw9.asm
              mtlightauto   0x00140a    program     static /home/dirk/projects/hw9_digital_vfo/repo/hw9-dds-vfo/hw9/mplab/uni-dds-hw9.asm
             mtlightauto1   0x00140e    program     static /home/dirk/projects/hw9_digital_vfo/repo/hw9-dds-vfo/hw9/mplab/uni-dds-hw9.asm
             mtlightauto2   0x00140f    program     static /home/dirk/projects/hw9_digital_vfo/repo/hw9-dds-vfo/hw9/mplab/uni-dds-hw9.asm
                    mtoff   0x0013aa    program     static /home/dirk/projects/hw9_digital_vfo/repo/hw9-dds-vfo/hw9/mplab/uni-dds-hw9.asm
                     mton   0x0013a1    program     static /home/dirk/projects/hw9_digital_vfo/repo/hw9-dds-vfo/hw9/mplab/uni-dds-hw9.asm
                    mtrit   0x0013dc    program     static /home/dirk/projects/hw9_digital_vfo/repo/hw9-dds-vfo/hw9/mplab/uni-dds-hw9.asm
                   mtrit1   0x0013e0    program     static /home/dirk/projects/hw9_digital_vfo/repo/hw9-dds-vfo/hw9/mplab/uni-dds-hw9.asm
                   mtrit2   0x0013e1    program     static /home/dirk/projects/hw9_digital_vfo/repo/hw9-dds-vfo/hw9/mplab/uni-dds-hw9.asm
                   mtscan   0x0013bc    program     static /home/dirk/projects/hw9_digital_vfo/repo/hw9-dds-vfo/hw9/mplab/uni-dds-hw9.asm
                  mtsetup   0x0013c5    program     static /home/dirk/projects/hw9_digital_vfo/repo/hw9-dds-vfo/hw9/mplab/uni-dds-hw9.asm
                   mttune   0x001418    program     static /home/dirk/projects/hw9_digital_vfo/repo/hw9-dds-vfo/hw9/mplab/uni-dds-hw9.asm
                    mtune   0x001112    program     static /home/dirk/projects/hw9_digital_vfo/repo/hw9-dds-vfo/hw9/mplab/uni-dds-hw9.asm
                  mtvfoab   0x0013f3    program     static /home/dirk/projects/hw9_digital_vfo/repo/hw9-dds-vfo/hw9/mplab/uni-dds-hw9.asm
                  mtxit1k   0x001421    program     static /home/dirk/projects/hw9_digital_vfo/repo/hw9-dds-vfo/hw9/mplab/uni-dds-hw9.asm
                 mtxit1k1   0x001425    program     static /home/dirk/projects/hw9_digital_vfo/repo/hw9-dds-vfo/hw9/mplab/uni-dds-hw9.asm
                 mtxit1k2   0x001426    program     static /home/dirk/projects/hw9_digital_vfo/repo/hw9-dds-vfo/hw9/mplab/uni-dds-hw9.asm
                  mtxit2k   0x00142f    program     static /home/dirk/projects/hw9_digital_vfo/repo/hw9-dds-vfo/hw9/mplab/uni-dds-hw9.asm
                 mtxit2k1   0x001433    program     static /home/dirk/projects/hw9_digital_vfo/repo/hw9-dds-vfo/hw9/mplab/uni-dds-hw9.asm
                 mtxit2k2   0x001434    program     static /home/dirk/projects/hw9_digital_vfo/repo/hw9-dds-vfo/hw9/mplab/uni-dds-hw9.asm
                    mulb2   0x001705    program     static /home/dirk/projects/hw9_digital_vfo/repo/hw9-dds-vfo/hw9/mplab/uni-dds-hw9.asm
                   mulb21   0x001709    program     static /home/dirk/projects/hw9_digital_vfo/repo/hw9-dds-vfo/hw9/mplab/uni-dds-hw9.asm
                   mulb22   0x00172c    program     static /home/dirk/projects/hw9_digital_vfo/repo/hw9-dds-vfo/hw9/mplab/uni-dds-hw9.asm
                   mulb23   0x001728    program     static /home/dirk/projects/hw9_digital_vfo/repo/hw9-dds-vfo/hw9/mplab/uni-dds-hw9.asm
                   mulb24   0x001722    program     static /home/dirk/projects/hw9_digital_vfo/repo/hw9-dds-vfo/hw9/mplab/uni-dds-hw9.asm
                   mulb25   0x001715    program     static /home/dirk/projects/hw9_digital_vfo/repo/hw9-dds-vfo/hw9/mplab/uni-dds-hw9.asm
                   muldds   0x0004db    program     static /home/dirk/projects/hw9_digital_vfo/repo/hw9-dds-vfo/hw9/mplab/uni-dds-hw9.asm
                  muldds1   0x0004e5    program     static /home/dirk/projects/hw9_digital_vfo/repo/hw9-dds-vfo/hw9/mplab/uni-dds-hw9.asm
                  muldds2   0x00050a    program     static /home/dirk/projects/hw9_digital_vfo/repo/hw9-dds-vfo/hw9/mplab/uni-dds-hw9.asm
                  muldds3   0x000506    program     static /home/dirk/projects/hw9_digital_vfo/repo/hw9-dds-vfo/hw9/mplab/uni-dds-hw9.asm
                  muldds4   0x000500    program     static /home/dirk/projects/hw9_digital_vfo/repo/hw9-dds-vfo/hw9/mplab/uni-dds-hw9.asm
                  muldds5   0x0004f3    program     static /home/dirk/projects/hw9_digital_vfo/repo/hw9-dds-vfo/hw9/mplab/uni-dds-hw9.asm
                mulramclr   0x000516    program     static /home/dirk/projects/hw9_digital_vfo/repo/hw9-dds-vfo/hw9/mplab/uni-dds-hw9.asm
               mulramclr1   0x000518    program     static /home/dirk/projects/hw9_digital_vfo/repo/hw9-dds-vfo/hw9/mplab/uni-dds-hw9.asm
               mulramclr2   0x00051f    program     static /home/dirk/projects/hw9_digital_vfo/repo/hw9-dds-vfo/hw9/mplab/uni-dds-hw9.asm
                   mvfoab   0x0010e5    program     static /home/dirk/projects/hw9_digital_vfo/repo/hw9-dds-vfo/hw9/mplab/uni-dds-hw9.asm
                  mvfoab1   0x0010e9    program     static /home/dirk/projects/hw9_digital_vfo/repo/hw9-dds-vfo/hw9/mplab/uni-dds-hw9.asm
                  mvfoab2   0x0010ea    program     static /home/dirk/projects/hw9_digital_vfo/repo/hw9-dds-vfo/hw9/mplab/uni-dds-hw9.asm
                   mxit1k   0x001126    program     static /home/dirk/projects/hw9_digital_vfo/repo/hw9-dds-vfo/hw9/mplab/uni-dds-hw9.asm
                   mxit2k   0x001140    program     static /home/dirk/projects/hw9_digital_vfo/repo/hw9-dds-vfo/hw9/mplab/uni-dds-hw9.asm
                  nr2ddsH   0x001817    program     static /home/dirk/projects/hw9_digital_vfo/repo/hw9-dds-vfo/hw9/mplab/uni-dds-hw9.asm
                  nr2ddsL   0x001814    program     static /home/dirk/projects/hw9_digital_vfo/repo/hw9-dds-vfo/hw9/mplab/uni-dds-hw9.asm
                  nr2vfoH   0x001800    program     static /home/dirk/projects/hw9_digital_vfo/repo/hw9-dds-vfo/hw9/mplab/uni-dds-hw9.asm
                  nr2vfoL   0x00180a    program     static /home/dirk/projects/hw9_digital_vfo/repo/hw9-dds-vfo/hw9/mplab/uni-dds-hw9.asm
                   nr2zfH   0x00181a    program     static /home/dirk/projects/hw9_digital_vfo/repo/hw9-dds-vfo/hw9/mplab/uni-dds-hw9.asm
                   nr2zfL   0x00181f    program     static /home/dirk/projects/hw9_digital_vfo/repo/hw9-dds-vfo/hw9/mplab/uni-dds-hw9.asm
                    punkt   0x000633    program     static /home/dirk/projects/hw9_digital_vfo/repo/hw9-dds-vfo/hw9/mplab/uni-dds-hw9.asm
                   punkt3   0x000645    program     static /home/dirk/projects/hw9_digital_vfo/repo/hw9-dds-vfo/hw9/mplab/uni-dds-hw9.asm
                   punkt5   0x00064c    program     static /home/dirk/projects/hw9_digital_vfo/repo/hw9-dds-vfo/hw9/mplab/uni-dds-hw9.asm
                  ramclr1   0x000102    program     static /home/dirk/projects/hw9_digital_vfo/repo/hw9-dds-vfo/hw9/mplab/uni-dds-hw9.asm
               rom2eeprom   0x00194b    program     static /home/dirk/projects/hw9_digital_vfo/repo/hw9-dds-vfo/hw9/mplab/uni-dds-hw9.asm
                 rom2temp   0x001aab    program     static /home/dirk/projects/hw9_digital_vfo/repo/hw9-dds-vfo/hw9/mplab/uni-dds-hw9.asm
                 romnext1   0x001ab5    program     static /home/dirk/projects/hw9_digital_vfo/repo/hw9-dds-vfo/hw9/mplab/uni-dds-hw9.asm
                 romnext2   0x001acd    program     static /home/dirk/projects/hw9_digital_vfo/repo/hw9-dds-vfo/hw9/mplab/uni-dds-hw9.asm
                rx_to_dds   0x000578    program     static /home/dirk/projects/hw9_digital_vfo/repo/hw9-dds-vfo/hw9/mplab/uni-dds-hw9.asm
                   sanz01   0x0012cd    program     static /home/dirk/projects/hw9_digital_vfo/repo/hw9-dds-vfo/hw9/mplab/uni-dds-hw9.asm
                 sanz01_1   0x001286    program     static /home/dirk/projects/hw9_digital_vfo/repo/hw9-dds-vfo/hw9/mplab/uni-dds-hw9.asm
                 sanz01_2   0x001274    program     static /home/dirk/projects/hw9_digital_vfo/repo/hw9-dds-vfo/hw9/mplab/uni-dds-hw9.asm
                 sanz01_3   0x00127e    program     static /home/dirk/projects/hw9_digital_vfo/repo/hw9-dds-vfo/hw9/mplab/uni-dds-hw9.asm
                   sanz02   0x0012f0    program     static /home/dirk/projects/hw9_digital_vfo/repo/hw9-dds-vfo/hw9/mplab/uni-dds-hw9.asm
                   sanz03   0x0012e4    program     static /home/dirk/projects/hw9_digital_vfo/repo/hw9-dds-vfo/hw9/mplab/uni-dds-hw9.asm
                   sanz04   0x0012f0    program     static /home/dirk/projects/hw9_digital_vfo/repo/hw9-dds-vfo/hw9/mplab/uni-dds-hw9.asm
                   scan01   0x0015b3    program     static /home/dirk/projects/hw9_digital_vfo/repo/hw9-dds-vfo/hw9/mplab/uni-dds-hw9.asm
                scan01add   0x0015ba    program     static /home/dirk/projects/hw9_digital_vfo/repo/hw9-dds-vfo/hw9/mplab/uni-dds-hw9.asm
                scan01stp   0x0015bb    program     static /home/dirk/projects/hw9_digital_vfo/repo/hw9-dds-vfo/hw9/mplab/uni-dds-hw9.asm
                   scan02   0x0015d4    program     static /home/dirk/projects/hw9_digital_vfo/repo/hw9-dds-vfo/hw9/mplab/uni-dds-hw9.asm
                   scan03   0x0015d9    program     static /home/dirk/projects/hw9_digital_vfo/repo/hw9-dds-vfo/hw9/mplab/uni-dds-hw9.asm
                   scan04   0x001605    program     static /home/dirk/projects/hw9_digital_vfo/repo/hw9-dds-vfo/hw9/mplab/uni-dds-hw9.asm
                   scan05   0x0015e5    program     static /home/dirk/projects/hw9_digital_vfo/repo/hw9-dds-vfo/hw9/mplab/uni-dds-hw9.asm
                   scan98   0x00162a    program     static /home/dirk/projects/hw9_digital_vfo/repo/hw9-dds-vfo/hw9/mplab/uni-dds-hw9.asm
                   scan99   0x001634    program     static /home/dirk/projects/hw9_digital_vfo/repo/hw9-dds-vfo/hw9/mplab/uni-dds-hw9.asm
                  smbreak   0x00117b    program     static /home/dirk/projects/hw9_digital_vfo/repo/hw9-dds-vfo/hw9/mplab/uni-dds-hw9.asm
               smddskonst   0x00117f    program     static /home/dirk/projects/hw9_digital_vfo/repo/hw9-dds-vfo/hw9/mplab/uni-dds-hw9.asm
                smdefault   0x0018f0    program     static /home/dirk/projects/hw9_digital_vfo/repo/hw9-dds-vfo/hw9/mplab/uni-dds-hw9.asm
              smdefault_1   0x00118d    program     static /home/dirk/projects/hw9_digital_vfo/repo/hw9-dds-vfo/hw9/mplab/uni-dds-hw9.asm
                   smedit   0x0011a7    program     static /home/dirk/projects/hw9_digital_vfo/repo/hw9-dds-vfo/hw9/mplab/uni-dds-hw9.asm
                 smedit01   0x0011c0    program     static /home/dirk/projects/hw9_digital_vfo/repo/hw9-dds-vfo/hw9/mplab/uni-dds-hw9.asm
               smedit01_1   0x0011b9    program     static /home/dirk/projects/hw9_digital_vfo/repo/hw9-dds-vfo/hw9/mplab/uni-dds-hw9.asm
                 smedit03   0x0011ed    program     static /home/dirk/projects/hw9_digital_vfo/repo/hw9-dds-vfo/hw9/mplab/uni-dds-hw9.asm
                 smedit04   0x0011c2    program     static /home/dirk/projects/hw9_digital_vfo/repo/hw9-dds-vfo/hw9/mplab/uni-dds-hw9.asm
                 smedit05   0x001221    program     static /home/dirk/projects/hw9_digital_vfo/repo/hw9-dds-vfo/hw9/mplab/uni-dds-hw9.asm
                 smedit06   0x0011e7    program     static /home/dirk/projects/hw9_digital_vfo/repo/hw9-dds-vfo/hw9/mplab/uni-dds-hw9.asm
                 smedit07   0x0011e0    program     static /home/dirk/projects/hw9_digital_vfo/repo/hw9-dds-vfo/hw9/mplab/uni-dds-hw9.asm
               smedit07_1   0x0011df    program     static /home/dirk/projects/hw9_digital_vfo/repo/hw9-dds-vfo/hw9/mplab/uni-dds-hw9.asm
                 smedit08   0x0011e7    program     static /home/dirk/projects/hw9_digital_vfo/repo/hw9-dds-vfo/hw9/mplab/uni-dds-hw9.asm
                 smedit09   0x001224    program     static /home/dirk/projects/hw9_digital_vfo/repo/hw9-dds-vfo/hw9/mplab/uni-dds-hw9.asm
                 smedit10   0x001208    program     static /home/dirk/projects/hw9_digital_vfo/repo/hw9-dds-vfo/hw9/mplab/uni-dds-hw9.asm
                 smedit11   0x001217    program     static /home/dirk/projects/hw9_digital_vfo/repo/hw9-dds-vfo/hw9/mplab/uni-dds-hw9.asm
                 smedit12   0x001201    program     static /home/dirk/projects/hw9_digital_vfo/repo/hw9-dds-vfo/hw9/mplab/uni-dds-hw9.asm
                 smedit13   0x001208    program     static /home/dirk/projects/hw9_digital_vfo/repo/hw9-dds-vfo/hw9/mplab/uni-dds-hw9.asm
                 smedit14   0x001213    program     static /home/dirk/projects/hw9_digital_vfo/repo/hw9-dds-vfo/hw9/mplab/uni-dds-hw9.asm
                 smedit15   0x001217    program     static /home/dirk/projects/hw9_digital_vfo/repo/hw9-dds-vfo/hw9/mplab/uni-dds-hw9.asm
               smedit_bcd   0x0011a1    program     static /home/dirk/projects/hw9_digital_vfo/repo/hw9-dds-vfo/hw9/mplab/uni-dds-hw9.asm
               smedit_hex   0x00119f    program     static /home/dirk/projects/hw9_digital_vfo/repo/hw9-dds-vfo/hw9/mplab/uni-dds-hw9.asm
           smedit_hex_bcd   0x0011a4    program     static /home/dirk/projects/hw9_digital_vfo/repo/hw9-dds-vfo/hw9/mplab/uni-dds-hw9.asm
             smenuanzeige   0x001000    program     static /home/dirk/projects/hw9_digital_vfo/repo/hw9-dds-vfo/hw9/mplab/uni-dds-hw9.asm
          smenuausfuehren   0x001038    program     static /home/dirk/projects/hw9_digital_vfo/repo/hw9-dds-vfo/hw9/mplab/uni-dds-hw9.asm
                    smhw9   0x00116f    program     static /home/dirk/projects/hw9_digital_vfo/repo/hw9-dds-vfo/hw9/mplab/uni-dds-hw9.asm
                  smhw901   0x001173    program     static /home/dirk/projects/hw9_digital_vfo/repo/hw9-dds-vfo/hw9/mplab/uni-dds-hw9.asm
                smscanbeg   0x001189    program     static /home/dirk/projects/hw9_digital_vfo/repo/hw9-dds-vfo/hw9/mplab/uni-dds-hw9.asm
                smscanend   0x00118b    program     static /home/dirk/projects/hw9_digital_vfo/repo/hw9-dds-vfo/hw9/mplab/uni-dds-hw9.asm
                 smsethw9   0x0018fe    program     static /home/dirk/projects/hw9_digital_vfo/repo/hw9-dds-vfo/hw9/mplab/uni-dds-hw9.asm
                 smsetvfo   0x001900    program     static /home/dirk/projects/hw9_digital_vfo/repo/hw9-dds-vfo/hw9/mplab/uni-dds-hw9.asm
                   smsm01   0x00198b    program     static /home/dirk/projects/hw9_digital_vfo/repo/hw9-dds-vfo/hw9/mplab/uni-dds-hw9.asm
                   smsm02   0x001992    program     static /home/dirk/projects/hw9_digital_vfo/repo/hw9-dds-vfo/hw9/mplab/uni-dds-hw9.asm
                   smsm03   0x0019db    program     static /home/dirk/projects/hw9_digital_vfo/repo/hw9-dds-vfo/hw9/mplab/uni-dds-hw9.asm
                   smsm04   0x0019e2    program     static /home/dirk/projects/hw9_digital_vfo/repo/hw9-dds-vfo/hw9/mplab/uni-dds-hw9.asm
                 smsmeter   0x001070    program     static /home/dirk/projects/hw9_digital_vfo/repo/hw9-dds-vfo/hw9/mplab/uni-dds-hw9.asm
                 smtbreak   0x0012fc    program     static /home/dirk/projects/hw9_digital_vfo/repo/hw9-dds-vfo/hw9/mplab/uni-dds-hw9.asm
              smtddskonst   0x001305    program     static /home/dirk/projects/hw9_digital_vfo/repo/hw9-dds-vfo/hw9/mplab/uni-dds-hw9.asm
               smtdefault   0x001398    program     static /home/dirk/projects/hw9_digital_vfo/repo/hw9-dds-vfo/hw9/mplab/uni-dds-hw9.asm
                   smthw9   0x00137c    program     static /home/dirk/projects/hw9_digital_vfo/repo/hw9-dds-vfo/hw9/mplab/uni-dds-hw9.asm
                 smthw901   0x00138f    program     static /home/dirk/projects/hw9_digital_vfo/repo/hw9-dds-vfo/hw9/mplab/uni-dds-hw9.asm
               smtscanbeg   0x001329    program     static /home/dirk/projects/hw9_digital_vfo/repo/hw9-dds-vfo/hw9/mplab/uni-dds-hw9.asm
               smtscanend   0x001332    program     static /home/dirk/projects/hw9_digital_vfo/repo/hw9-dds-vfo/hw9/mplab/uni-dds-hw9.asm
                smtsmeter   0x00133b    program     static /home/dirk/projects/hw9_digital_vfo/repo/hw9-dds-vfo/hw9/mplab/uni-dds-hw9.asm
                  smttxzf   0x001360    program     static /home/dirk/projects/hw9_digital_vfo/repo/hw9-dds-vfo/hw9/mplab/uni-dds-hw9.asm
                smttxzf01   0x001373    program     static /home/dirk/projects/hw9_digital_vfo/repo/hw9-dds-vfo/hw9/mplab/uni-dds-hw9.asm
                  smtvfoa   0x00130e    program     static /home/dirk/projects/hw9_digital_vfo/repo/hw9-dds-vfo/hw9/mplab/uni-dds-hw9.asm
                  smtvfob   0x001317    program     static /home/dirk/projects/hw9_digital_vfo/repo/hw9-dds-vfo/hw9/mplab/uni-dds-hw9.asm
                 smtvfozf   0x001344    program     static /home/dirk/projects/hw9_digital_vfo/repo/hw9-dds-vfo/hw9/mplab/uni-dds-hw9.asm
               smtvfozf01   0x001357    program     static /home/dirk/projects/hw9_digital_vfo/repo/hw9-dds-vfo/hw9/mplab/uni-dds-hw9.asm
                   smtxzf   0x001169    program     static /home/dirk/projects/hw9_digital_vfo/repo/hw9-dds-vfo/hw9/mplab/uni-dds-hw9.asm
                 smtxzf01   0x00116d    program     static /home/dirk/projects/hw9_digital_vfo/repo/hw9-dds-vfo/hw9/mplab/uni-dds-hw9.asm
                    smtzf   0x001320    program     static /home/dirk/projects/hw9_digital_vfo/repo/hw9-dds-vfo/hw9/mplab/uni-dds-hw9.asm
                   smvfoa   0x001182    program     static /home/dirk/projects/hw9_digital_vfo/repo/hw9-dds-vfo/hw9/mplab/uni-dds-hw9.asm
                   smvfob   0x001184    program     static /home/dirk/projects/hw9_digital_vfo/repo/hw9-dds-vfo/hw9/mplab/uni-dds-hw9.asm
                  smvfozf   0x001175    program     static /home/dirk/projects/hw9_digital_vfo/repo/hw9-dds-vfo/hw9/mplab/uni-dds-hw9.asm
                smvfozf01   0x001179    program     static /home/dirk/projects/hw9_digital_vfo/repo/hw9-dds-vfo/hw9/mplab/uni-dds-hw9.asm
                     smzf   0x001186    program     static /home/dirk/projects/hw9_digital_vfo/repo/hw9-dds-vfo/hw9/mplab/uni-dds-hw9.asm
                    start   0x000000    program     static /home/dirk/projects/hw9_digital_vfo/repo/hw9-dds-vfo/hw9/mplab/uni-dds-hw9.asm
                  stbreak   0x000a36    program     static /home/dirk/projects/hw9_digital_vfo/repo/hw9-dds-vfo/hw9/mplab/uni-dds-hw9.asm
               stddskonst   0x000a48    program     static /home/dirk/projects/hw9_digital_vfo/repo/hw9-dds-vfo/hw9/mplab/uni-dds-hw9.asm
                stdefault   0x000afc    program     static /home/dirk/projects/hw9_digital_vfo/repo/hw9-dds-vfo/hw9/mplab/uni-dds-hw9.asm
                  stepadd   0x0003d6    program     static /home/dirk/projects/hw9_digital_vfo/repo/hw9-dds-vfo/hw9/mplab/uni-dds-hw9.asm
                  stepsub   0x000427    program     static /home/dirk/projects/hw9_digital_vfo/repo/hw9-dds-vfo/hw9/mplab/uni-dds-hw9.asm
                    sthw9   0x000aea    program     static /home/dirk/projects/hw9_digital_vfo/repo/hw9-dds-vfo/hw9/mplab/uni-dds-hw9.asm
                stscanbeg   0x000a90    program     static /home/dirk/projects/hw9_digital_vfo/repo/hw9-dds-vfo/hw9/mplab/uni-dds-hw9.asm
                stscanend   0x000aa2    program     static /home/dirk/projects/hw9_digital_vfo/repo/hw9-dds-vfo/hw9/mplab/uni-dds-hw9.asm
                 stsmeter   0x000ab4    program     static /home/dirk/projects/hw9_digital_vfo/repo/hw9-dds-vfo/hw9/mplab/uni-dds-hw9.asm
                   sttxzf   0x000ad8    program     static /home/dirk/projects/hw9_digital_vfo/repo/hw9-dds-vfo/hw9/mplab/uni-dds-hw9.asm
                   stvfoa   0x000a5a    program     static /home/dirk/projects/hw9_digital_vfo/repo/hw9-dds-vfo/hw9/mplab/uni-dds-hw9.asm
                   stvfob   0x000a6c    program     static /home/dirk/projects/hw9_digital_vfo/repo/hw9-dds-vfo/hw9/mplab/uni-dds-hw9.asm
                  stvfozf   0x000ac6    program     static /home/dirk/projects/hw9_digital_vfo/repo/hw9-dds-vfo/hw9/mplab/uni-dds-hw9.asm
                     stzf   0x000a7e    program     static /home/dirk/projects/hw9_digital_vfo/repo/hw9-dds-vfo/hw9/mplab/uni-dds-hw9.asm
                    subzf   0x0004b7    program     static /home/dirk/projects/hw9_digital_vfo/repo/hw9-dds-vfo/hw9/mplab/uni-dds-hw9.asm
                 t100mSek   0x00011e    program     static /home/dirk/projects/hw9_digital_vfo/repo/hw9-dds-vfo/hw9/mplab/uni-dds-hw9.asm
                  t10mSek   0x000122    program     static /home/dirk/projects/hw9_digital_vfo/repo/hw9-dds-vfo/hw9/mplab/uni-dds-hw9.asm
                    t1Sek   0x000116    program     static /home/dirk/projects/hw9_digital_vfo/repo/hw9-dds-vfo/hw9/mplab/uni-dds-hw9.asm
                   t1mSek   0x000128    program     static /home/dirk/projects/hw9_digital_vfo/repo/hw9-dds-vfo/hw9/mplab/uni-dds-hw9.asm
                 t250mSek   0x00011c    program     static /home/dirk/projects/hw9_digital_vfo/repo/hw9-dds-vfo/hw9/mplab/uni-dds-hw9.asm
                   t3mSek   0x000126    program     static /home/dirk/projects/hw9_digital_vfo/repo/hw9-dds-vfo/hw9/mplab/uni-dds-hw9.asm
                  t50mSek   0x000120    program     static /home/dirk/projects/hw9_digital_vfo/repo/hw9-dds-vfo/hw9/mplab/uni-dds-hw9.asm
                   t5mSek   0x000124    program     static /home/dirk/projects/hw9_digital_vfo/repo/hw9-dds-vfo/hw9/mplab/uni-dds-hw9.asm
           tastaturstatus   0x0003b2    program     static /home/dirk/projects/hw9_digital_vfo/repo/hw9-dds-vfo/hw9/mplab/uni-dds-hw9.asm
                    tb10m   0x000b9e    program     static /home/dirk/projects/hw9_digital_vfo/repo/hw9-dds-vfo/hw9/mplab/uni-dds-hw9.asm
                    tb12m   0x000b8c    program     static /home/dirk/projects/hw9_digital_vfo/repo/hw9-dds-vfo/hw9/mplab/uni-dds-hw9.asm
                    tb15m   0x000b7a    program     static /home/dirk/projects/hw9_digital_vfo/repo/hw9-dds-vfo/hw9/mplab/uni-dds-hw9.asm
                    tb17m   0x000b68    program     static /home/dirk/projects/hw9_digital_vfo/repo/hw9-dds-vfo/hw9/mplab/uni-dds-hw9.asm
                    tb20m   0x000b56    program     static /home/dirk/projects/hw9_digital_vfo/repo/hw9-dds-vfo/hw9/mplab/uni-dds-hw9.asm
                    tb30m   0x000b44    program     static /home/dirk/projects/hw9_digital_vfo/repo/hw9-dds-vfo/hw9/mplab/uni-dds-hw9.asm
                    tb40m   0x000b32    program     static /home/dirk/projects/hw9_digital_vfo/repo/hw9-dds-vfo/hw9/mplab/uni-dds-hw9.asm
                    tb80m   0x000b20    program     static /home/dirk/projects/hw9_digital_vfo/repo/hw9-dds-vfo/hw9/mplab/uni-dds-hw9.asm
                    tband   0x000982    program     static /home/dirk/projects/hw9_digital_vfo/repo/hw9-dds-vfo/hw9/mplab/uni-dds-hw9.asm
                  tbbreak   0x000b0e    program     static /home/dirk/projects/hw9_digital_vfo/repo/hw9-dds-vfo/hw9/mplab/uni-dds-hw9.asm
                      tbm   0x000bb0    program     static /home/dirk/projects/hw9_digital_vfo/repo/hw9-dds-vfo/hw9/mplab/uni-dds-hw9.asm
                   tbreak   0x00095e    program     static /home/dirk/projects/hw9_digital_vfo/repo/hw9-dds-vfo/hw9/mplab/uni-dds-hw9.asm
                   text10   0x0008bc    program     static /home/dirk/projects/hw9_digital_vfo/repo/hw9-dds-vfo/hw9/mplab/uni-dds-hw9.asm
                   text11   0x0008ce    program     static /home/dirk/projects/hw9_digital_vfo/repo/hw9-dds-vfo/hw9/mplab/uni-dds-hw9.asm
                   text12   0x0008e0    program     static /home/dirk/projects/hw9_digital_vfo/repo/hw9-dds-vfo/hw9/mplab/uni-dds-hw9.asm
                   text13   0x0008f2    program     static /home/dirk/projects/hw9_digital_vfo/repo/hw9-dds-vfo/hw9/mplab/uni-dds-hw9.asm
                   text14   0x000904    program     static /home/dirk/projects/hw9_digital_vfo/repo/hw9-dds-vfo/hw9/mplab/uni-dds-hw9.asm
                   text15   0x000916    program     static /home/dirk/projects/hw9_digital_vfo/repo/hw9-dds-vfo/hw9/mplab/uni-dds-hw9.asm
                   text16   0x000928    program     static /home/dirk/projects/hw9_digital_vfo/repo/hw9-dds-vfo/hw9/mplab/uni-dds-hw9.asm
                    text3   0x000882    program     static /home/dirk/projects/hw9_digital_vfo/repo/hw9-dds-vfo/hw9/mplab/uni-dds-hw9.asm
                    text4   0x000889    program     static /home/dirk/projects/hw9_digital_vfo/repo/hw9-dds-vfo/hw9/mplab/uni-dds-hw9.asm
                    text5   0x000890    program     static /home/dirk/projects/hw9_digital_vfo/repo/hw9-dds-vfo/hw9/mplab/uni-dds-hw9.asm
                    text6   0x000896    program     static /home/dirk/projects/hw9_digital_vfo/repo/hw9-dds-vfo/hw9/mplab/uni-dds-hw9.asm
                    text7   0x0008a0    program     static /home/dirk/projects/hw9_digital_vfo/repo/hw9-dds-vfo/hw9/mplab/uni-dds-hw9.asm
                    text8   0x0008aa    program     static /home/dirk/projects/hw9_digital_vfo/repo/hw9-dds-vfo/hw9/mplab/uni-dds-hw9.asm
                    text9   0x0008b3    program     static /home/dirk/projects/hw9_digital_vfo/repo/hw9-dds-vfo/hw9/mplab/uni-dds-hw9.asm
                   textc1   0x00085e    program     static /home/dirk/projects/hw9_digital_vfo/repo/hw9-dds-vfo/hw9/mplab/uni-dds-hw9.asm
                   textc2   0x000842    program     static /home/dirk/projects/hw9_digital_vfo/repo/hw9-dds-vfo/hw9/mplab/uni-dds-hw9.asm
                   textc3   0x000870    program     static /home/dirk/projects/hw9_digital_vfo/repo/hw9-dds-vfo/hw9/mplab/uni-dds-hw9.asm
                   textc4   0x00084d    program     static /home/dirk/projects/hw9_digital_vfo/repo/hw9-dds-vfo/hw9/mplab/uni-dds-hw9.asm
                  textoff   0x00094c    program     static /home/dirk/projects/hw9_digital_vfo/repo/hw9-dds-vfo/hw9/mplab/uni-dds-hw9.asm
                   texton   0x00093a    program     static /home/dirk/projects/hw9_digital_vfo/repo/hw9-dds-vfo/hw9/mplab/uni-dds-hw9.asm
                   tkeyer   0x0009dc    program     static /home/dirk/projects/hw9_digital_vfo/repo/hw9-dds-vfo/hw9/mplab/uni-dds-hw9.asm
                   tlight   0x000994    program     static /home/dirk/projects/hw9_digital_vfo/repo/hw9-dds-vfo/hw9/mplab/uni-dds-hw9.asm
               tlightauto   0x0009a6    program     static /home/dirk/projects/hw9_digital_vfo/repo/hw9-dds-vfo/hw9/mplab/uni-dds-hw9.asm
                     trit   0x000a24    program     static /home/dirk/projects/hw9_digital_vfo/repo/hw9-dds-vfo/hw9/mplab/uni-dds-hw9.asm
                    tscan   0x0009b8    program     static /home/dirk/projects/hw9_digital_vfo/repo/hw9-dds-vfo/hw9/mplab/uni-dds-hw9.asm
                   tsetup   0x0009ca    program     static /home/dirk/projects/hw9_digital_vfo/repo/hw9-dds-vfo/hw9/mplab/uni-dds-hw9.asm
                    ttune   0x0009ee    program     static /home/dirk/projects/hw9_digital_vfo/repo/hw9-dds-vfo/hw9/mplab/uni-dds-hw9.asm
                   tvfoab   0x000970    program     static /home/dirk/projects/hw9_digital_vfo/repo/hw9-dds-vfo/hw9/mplab/uni-dds-hw9.asm
                tx_to_dds   0x00056d    program     static /home/dirk/projects/hw9_digital_vfo/repo/hw9-dds-vfo/hw9/mplab/uni-dds-hw9.asm
                   txit1k   0x000a00    program     static /home/dirk/projects/hw9_digital_vfo/repo/hw9-dds-vfo/hw9/mplab/uni-dds-hw9.asm
                   txit2k   0x000a12    program     static /home/dirk/projects/hw9_digital_vfo/repo/hw9-dds-vfo/hw9/mplab/uni-dds-hw9.asm
                    u2bpm   0x000064    program     static /home/dirk/projects/hw9_digital_vfo/repo/hw9-dds-vfo/hw9/mplab/uni-dds-hw9.asm
                    u2pwr   0x000800    program     static /home/dirk/projects/hw9_digital_vfo/repo/hw9-dds-vfo/hw9/mplab/uni-dds-hw9.asm
                   uagc2s   0x00105e    program     static /home/dirk/projects/hw9_digital_vfo/repo/hw9-dds-vfo/hw9/mplab/uni-dds-hw9.asm
                ubatt_mul   0x0005fd    program     static /home/dirk/projects/hw9_digital_vfo/repo/hw9-dds-vfo/hw9/mplab/uni-dds-hw9.asm
                    ubme1   0x0005f9    program     static /home/dirk/projects/hw9_digital_vfo/repo/hw9-dds-vfo/hw9/mplab/uni-dds-hw9.asm
                 ukey2anz   0x0000a1    program     static /home/dirk/projects/hw9_digital_vfo/repo/hw9-dds-vfo/hw9/mplab/uni-dds-hw9.asm
                ukey2msek   0x000076    program     static /home/dirk/projects/hw9_digital_vfo/repo/hw9-dds-vfo/hw9/mplab/uni-dds-hw9.asm
                      um1   0x000605    program     static /home/dirk/projects/hw9_digital_vfo/repo/hw9-dds-vfo/hw9/mplab/uni-dds-hw9.asm
                      um2   0x00060e    program     static /home/dirk/projects/hw9_digital_vfo/repo/hw9-dds-vfo/hw9/mplab/uni-dds-hw9.asm
                     vfo0   0x001828    program     static /home/dirk/projects/hw9_digital_vfo/repo/hw9-dds-vfo/hw9/mplab/uni-dds-hw9.asm
                     vfo1   0x001838    program     static /home/dirk/projects/hw9_digital_vfo/repo/hw9-dds-vfo/hw9/mplab/uni-dds-hw9.asm
                     vfo2   0x001848    program     static /home/dirk/projects/hw9_digital_vfo/repo/hw9-dds-vfo/hw9/mplab/uni-dds-hw9.asm
                     vfo3   0x001858    program     static /home/dirk/projects/hw9_digital_vfo/repo/hw9-dds-vfo/hw9/mplab/uni-dds-hw9.asm
                     vfo4   0x001868    program     static /home/dirk/projects/hw9_digital_vfo/repo/hw9-dds-vfo/hw9/mplab/uni-dds-hw9.asm
                     vfo5   0x001878    program     static /home/dirk/projects/hw9_digital_vfo/repo/hw9-dds-vfo/hw9/mplab/uni-dds-hw9.asm
                     vfo6   0x001888    program     static /home/dirk/projects/hw9_digital_vfo/repo/hw9-dds-vfo/hw9/mplab/uni-dds-hw9.asm
                     vfo7   0x001898    program     static /home/dirk/projects/hw9_digital_vfo/repo/hw9-dds-vfo/hw9/mplab/uni-dds-hw9.asm
                vfoa2vfob   0x001114    program     static /home/dirk/projects/hw9_digital_vfo/repo/hw9-dds-vfo/hw9/mplab/uni-dds-hw9.asm
                vfob2vfoa   0x00111d    program     static /home/dirk/projects/hw9_digital_vfo/repo/hw9-dds-vfo/hw9/mplab/uni-dds-hw9.asm
                   vfohw9   0x0018a8    program     static /home/dirk/projects/hw9_digital_vfo/repo/hw9-dds-vfo/hw9/mplab/uni-dds-hw9.asm
              word_to_dds   0x0005c0    program     static /home/dirk/projects/hw9_digital_vfo/repo/hw9-dds-vfo/hw9/mplab/uni-dds-hw9.asm
                  xit1k01   0x00112c    program     static /home/dirk/projects/hw9_digital_vfo/repo/hw9-dds-vfo/hw9/mplab/uni-dds-hw9.asm
                  xit1k02   0x00112d    program     static /home/dirk/projects/hw9_digital_vfo/repo/hw9-dds-vfo/hw9/mplab/uni-dds-hw9.asm
                  xit1k03   0x00113e    program     static /home/dirk/projects/hw9_digital_vfo/repo/hw9-dds-vfo/hw9/mplab/uni-dds-hw9.asm
                  xit1k04   0x00113f    program     static /home/dirk/projects/hw9_digital_vfo/repo/hw9-dds-vfo/hw9/mplab/uni-dds-hw9.asm
                  xit2k01   0x001146    program     static /home/dirk/projects/hw9_digital_vfo/repo/hw9-dds-vfo/hw9/mplab/uni-dds-hw9.asm
                  xit2k02   0x001147    program     static /home/dirk/projects/hw9_digital_vfo/repo/hw9-dds-vfo/hw9/mplab/uni-dds-hw9.asm
                  xit2k03   0x001158    program     static /home/dirk/projects/hw9_digital_vfo/repo/hw9-dds-vfo/hw9/mplab/uni-dds-hw9.asm
                  xit2k04   0x001159    program     static /home/dirk/projects/hw9_digital_vfo/repo/hw9-dds-vfo/hw9/mplab/uni-dds-hw9.asm
                  xtal80m   0x0018cc    program     static /home/dirk/projects/hw9_digital_vfo/repo/hw9-dds-vfo/hw9/mplab/uni-dds-hw9.asm
                    xtald   0x0018d0    program     static /home/dirk/projects/hw9_digital_vfo/repo/hw9-dds-vfo/hw9/mplab/uni-dds-hw9.asm
                      zf0   0x0018b8    program     static /home/dirk/projects/hw9_digital_vfo/repo/hw9-dds-vfo/hw9/mplab/uni-dds-hw9.asm
                      zf1   0x0018bc    program     static /home/dirk/projects/hw9_digital_vfo/repo/hw9-dds-vfo/hw9/mplab/uni-dds-hw9.asm
                      zf2   0x0018c0    program     static /home/dirk/projects/hw9_digital_vfo/repo/hw9-dds-vfo/hw9/mplab/uni-dds-hw9.asm
            zs1setzen2sek   0x000665    program     static /home/dirk/projects/hw9_digital_vfo/repo/hw9-dds-vfo/hw9/mplab/uni-dds-hw9.asm



                              Symbols - Sorted by Address
                     Name    Address   Location    Storage File                     
                ---------  ---------  ---------  --------- ---------                
                    start   0x000000    program     static /home/dirk/projects/hw9_digital_vfo/repo/hw9-dds-vfo/hw9/mplab/uni-dds-hw9.asm
                    PAGE0   0x000000    program     static /home/dirk/projects/hw9_digital_vfo/repo/hw9-dds-vfo/hw9/mplab/uni-dds-hw9.asm
                      isr   0x000004    program     static /home/dirk/projects/hw9_digital_vfo/repo/hw9-dds-vfo/hw9/mplab/uni-dds-hw9.asm
                      ir2   0x00001c    program     static /home/dirk/projects/hw9_digital_vfo/repo/hw9-dds-vfo/hw9/mplab/uni-dds-hw9.asm
                     ir20   0x00001e    program     static /home/dirk/projects/hw9_digital_vfo/repo/hw9-dds-vfo/hw9/mplab/uni-dds-hw9.asm
                    ir202   0x000022    program     static /home/dirk/projects/hw9_digital_vfo/repo/hw9-dds-vfo/hw9/mplab/uni-dds-hw9.asm
                     ir21   0x000023    program     static /home/dirk/projects/hw9_digital_vfo/repo/hw9-dds-vfo/hw9/mplab/uni-dds-hw9.asm
                     ir22   0x00002b    program     static /home/dirk/projects/hw9_digital_vfo/repo/hw9-dds-vfo/hw9/mplab/uni-dds-hw9.asm
                     ir23   0x000030    program     static /home/dirk/projects/hw9_digital_vfo/repo/hw9-dds-vfo/hw9/mplab/uni-dds-hw9.asm
                      ir1   0x000031    program     static /home/dirk/projects/hw9_digital_vfo/repo/hw9-dds-vfo/hw9/mplab/uni-dds-hw9.asm
                      ir3   0x00003e    program     static /home/dirk/projects/hw9_digital_vfo/repo/hw9-dds-vfo/hw9/mplab/uni-dds-hw9.asm
                      ir4   0x000044    program     static /home/dirk/projects/hw9_digital_vfo/repo/hw9-dds-vfo/hw9/mplab/uni-dds-hw9.asm
                      ir6   0x000047    program     static /home/dirk/projects/hw9_digital_vfo/repo/hw9-dds-vfo/hw9/mplab/uni-dds-hw9.asm
                     iend   0x000049    program     static /home/dirk/projects/hw9_digital_vfo/repo/hw9-dds-vfo/hw9/mplab/uni-dds-hw9.asm
               BCDToASCII   0x000052    program     static /home/dirk/projects/hw9_digital_vfo/repo/hw9-dds-vfo/hw9/mplab/uni-dds-hw9.asm
                    u2bpm   0x000064    program     static /home/dirk/projects/hw9_digital_vfo/repo/hw9-dds-vfo/hw9/mplab/uni-dds-hw9.asm
                ukey2msek   0x000076    program     static /home/dirk/projects/hw9_digital_vfo/repo/hw9-dds-vfo/hw9/mplab/uni-dds-hw9.asm
                 ukey2anz   0x0000a1    program     static /home/dirk/projects/hw9_digital_vfo/repo/hw9-dds-vfo/hw9/mplab/uni-dds-hw9.asm
                MenuStart   0x0000c7    program     static /home/dirk/projects/hw9_digital_vfo/repo/hw9-dds-vfo/hw9/mplab/uni-dds-hw9.asm
               MenuStart1   0x0000cc    program     static /home/dirk/projects/hw9_digital_vfo/repo/hw9-dds-vfo/hw9/mplab/uni-dds-hw9.asm
               MenuStart3   0x0000d7    program     static /home/dirk/projects/hw9_digital_vfo/repo/hw9-dds-vfo/hw9/mplab/uni-dds-hw9.asm
               MenuStart2   0x0000dc    program     static /home/dirk/projects/hw9_digital_vfo/repo/hw9-dds-vfo/hw9/mplab/uni-dds-hw9.asm
           Tastegedrueckt   0x0000dd    program     static /home/dirk/projects/hw9_digital_vfo/repo/hw9-dds-vfo/hw9/mplab/uni-dds-hw9.asm
                     init   0x0000e1    program     static /home/dirk/projects/hw9_digital_vfo/repo/hw9-dds-vfo/hw9/mplab/uni-dds-hw9.asm
                  ramclr1   0x000102    program     static /home/dirk/projects/hw9_digital_vfo/repo/hw9-dds-vfo/hw9/mplab/uni-dds-hw9.asm
                     anf1   0x000109    program     static /home/dirk/projects/hw9_digital_vfo/repo/hw9-dds-vfo/hw9/mplab/uni-dds-hw9.asm
                    t1Sek   0x000116    program     static /home/dirk/projects/hw9_digital_vfo/repo/hw9-dds-vfo/hw9/mplab/uni-dds-hw9.asm
                 t250mSek   0x00011c    program     static /home/dirk/projects/hw9_digital_vfo/repo/hw9-dds-vfo/hw9/mplab/uni-dds-hw9.asm
                 t100mSek   0x00011e    program     static /home/dirk/projects/hw9_digital_vfo/repo/hw9-dds-vfo/hw9/mplab/uni-dds-hw9.asm
                  t50mSek   0x000120    program     static /home/dirk/projects/hw9_digital_vfo/repo/hw9-dds-vfo/hw9/mplab/uni-dds-hw9.asm
[...]
                   mtrit2   0x0013e1    program     static /home/dirk/projects/hw9_digital_vfo/repo/hw9-dds-vfo/hw9/mplab/uni-dds-hw9.asm
                   mtband   0x0013ea    program     static /home/dirk/projects/hw9_digital_vfo/repo/hw9-dds-vfo/hw9/mplab/uni-dds-hw9.asm
                  mtvfoab   0x0013f3    program     static /home/dirk/projects/hw9_digital_vfo/repo/hw9-dds-vfo/hw9/mplab/uni-dds-hw9.asm
                  mtlight   0x0013fc    program     static /home/dirk/projects/hw9_digital_vfo/repo/hw9-dds-vfo/hw9/mplab/uni-dds-hw9.asm
                 mtlight1   0x001400    program     static /home/dirk/projects/hw9_digital_vfo/repo/hw9-dds-vfo/hw9/mplab/uni-dds-hw9.asm
                 mtlight2   0x001401    program     static /home/dirk/projects/hw9_digital_vfo/repo/hw9-dds-vfo/hw9/mplab/uni-dds-hw9.asm
              mtlightauto   0x00140a    program     static /home/dirk/projects/hw9_digital_vfo/repo/hw9-dds-vfo/hw9/mplab/uni-dds-hw9.asm
             mtlightauto1   0x00140e    program     static /home/dirk/projects/hw9_digital_vfo/repo/hw9-dds-vfo/hw9/mplab/uni-dds-hw9.asm
             mtlightauto2   0x00140f    program     static /home/dirk/projects/hw9_digital_vfo/repo/hw9-dds-vfo/hw9/mplab/uni-dds-hw9.asm
                   mttune   0x001418    program     static /home/dirk/projects/hw9_digital_vfo/repo/hw9-dds-vfo/hw9/mplab/uni-dds-hw9.asm
                  mtxit1k   0x001421    program     static /home/dirk/projects/hw9_digital_vfo/repo/hw9-dds-vfo/hw9/mplab/uni-dds-hw9.asm
                 mtxit1k1   0x001425    program     static /home/dirk/projects/hw9_digital_vfo/repo/hw9-dds-vfo/hw9/mplab/uni-dds-hw9.asm
                 mtxit1k2   0x001426    program     static /home/dirk/projects/hw9_digital_vfo/repo/hw9-dds-vfo/hw9/mplab/uni-dds-hw9.asm
                  mtxit2k   0x00142f    program     static /home/dirk/projects/hw9_digital_vfo/repo/hw9-dds-vfo/hw9/mplab/uni-dds-hw9.asm
                 mtxit2k1   0x001433    program     static /home/dirk/projects/hw9_digital_vfo/repo/hw9-dds-vfo/hw9/mplab/uni-dds-hw9.asm
                 mtxit2k2   0x001434    program     static /home/dirk/projects/hw9_digital_vfo/repo/hw9-dds-vfo/hw9/mplab/uni-dds-hw9.asm
               AnzeigeAGC   0x00143d    program     static /home/dirk/projects/hw9_digital_vfo/repo/hw9-dds-vfo/hw9/mplab/uni-dds-hw9.asm
                   AAGC01   0x001453    program     static /home/dirk/projects/hw9_digital_vfo/repo/hw9-dds-vfo/hw9/mplab/uni-dds-hw9.asm
                   AAGC02   0x00145c    program     static /home/dirk/projects/hw9_digital_vfo/repo/hw9-dds-vfo/hw9/mplab/uni-dds-hw9.asm
                   AAGC03   0x001478    program     static /home/dirk/projects/hw9_digital_vfo/repo/hw9-dds-vfo/hw9/mplab/uni-dds-hw9.asm
              AnzeigeBand   0x001479    program     static /home/dirk/projects/hw9_digital_vfo/repo/hw9-dds-vfo/hw9/mplab/uni-dds-hw9.asm
                     az03   0x001493    program     static /home/dirk/projects/hw9_digital_vfo/repo/hw9-dds-vfo/hw9/mplab/uni-dds-hw9.asm
                 Dauerton   0x001494    program     static /home/dirk/projects/hw9_digital_vfo/repo/hw9-dds-vfo/hw9/mplab/uni-dds-hw9.asm
                  Dauer01   0x00149b    program     static /home/dirk/projects/hw9_digital_vfo/repo/hw9-dds-vfo/hw9/mplab/uni-dds-hw9.asm
                  Dauer03   0x0014e9    program     static /home/dirk/projects/hw9_digital_vfo/repo/hw9-dds-vfo/hw9/mplab/uni-dds-hw9.asm
                  Dauer04   0x0014f7    program     static /home/dirk/projects/hw9_digital_vfo/repo/hw9-dds-vfo/hw9/mplab/uni-dds-hw9.asm
                  Dauer02   0x001503    program     static /home/dirk/projects/hw9_digital_vfo/repo/hw9-dds-vfo/hw9/mplab/uni-dds-hw9.asm
                   getswr   0x001514    program     static /home/dirk/projects/hw9_digital_vfo/repo/hw9-dds-vfo/hw9/mplab/uni-dds-hw9.asm
                  getswr1   0x001534    program     static /home/dirk/projects/hw9_digital_vfo/repo/hw9-dds-vfo/hw9/mplab/uni-dds-hw9.asm
                  getswr2   0x001553    program     static /home/dirk/projects/hw9_digital_vfo/repo/hw9-dds-vfo/hw9/mplab/uni-dds-hw9.asm
                  getswr3   0x001566    program     static /home/dirk/projects/hw9_digital_vfo/repo/hw9-dds-vfo/hw9/mplab/uni-dds-hw9.asm
                  getswr4   0x00156a    program     static /home/dirk/projects/hw9_digital_vfo/repo/hw9-dds-vfo/hw9/mplab/uni-dds-hw9.asm
                  getswr5   0x00156e    program     static /home/dirk/projects/hw9_digital_vfo/repo/hw9-dds-vfo/hw9/mplab/uni-dds-hw9.asm
                  getswr6   0x001578    program     static /home/dirk/projects/hw9_digital_vfo/repo/hw9-dds-vfo/hw9/mplab/uni-dds-hw9.asm
                  getswr7   0x00157a    program     static /home/dirk/projects/hw9_digital_vfo/repo/hw9-dds-vfo/hw9/mplab/uni-dds-hw9.asm
                  getswr8   0x00157e    program     static /home/dirk/projects/hw9_digital_vfo/repo/hw9-dds-vfo/hw9/mplab/uni-dds-hw9.asm
                    mscan   0x001591    program     static /home/dirk/projects/hw9_digital_vfo/repo/hw9-dds-vfo/hw9/mplab/uni-dds-hw9.asm
                   scan01   0x0015b3    program     static /home/dirk/projects/hw9_digital_vfo/repo/hw9-dds-vfo/hw9/mplab/uni-dds-hw9.asm
                scan01add   0x0015ba    program     static /home/dirk/projects/hw9_digital_vfo/repo/hw9-dds-vfo/hw9/mplab/uni-dds-hw9.asm
                scan01stp   0x0015bb    program     static /home/dirk/projects/hw9_digital_vfo/repo/hw9-dds-vfo/hw9/mplab/uni-dds-hw9.asm
                 _174CEND   0x0015c9    program     static /home/dirk/projects/hw9_digital_vfo/repo/hw9-dds-vfo/hw9/mplab/uni-dds-hw9.asm
                   scan02   0x0015d4    program     static /home/dirk/projects/hw9_digital_vfo/repo/hw9-dds-vfo/hw9/mplab/uni-dds-hw9.asm
                   scan03   0x0015d9    program     static /home/dirk/projects/hw9_digital_vfo/repo/hw9-dds-vfo/hw9/mplab/uni-dds-hw9.asm
                   scan05   0x0015e5    program     static /home/dirk/projects/hw9_digital_vfo/repo/hw9-dds-vfo/hw9/mplab/uni-dds-hw9.asm
                   scan04   0x001605    program     static /home/dirk/projects/hw9_digital_vfo/repo/hw9-dds-vfo/hw9/mplab/uni-dds-hw9.asm
                 _180CEND   0x001624    program     static /home/dirk/projects/hw9_digital_vfo/repo/hw9-dds-vfo/hw9/mplab/uni-dds-hw9.asm
                _179C2END   0x001625    program     static /home/dirk/projects/hw9_digital_vfo/repo/hw9-dds-vfo/hw9/mplab/uni-dds-hw9.asm
                _178C3END   0x001626    program     static /home/dirk/projects/hw9_digital_vfo/repo/hw9-dds-vfo/hw9/mplab/uni-dds-hw9.asm
                   scan98   0x00162a    program     static /home/dirk/projects/hw9_digital_vfo/repo/hw9-dds-vfo/hw9/mplab/uni-dds-hw9.asm
                   scan99   0x001634    program     static /home/dirk/projects/hw9_digital_vfo/repo/hw9-dds-vfo/hw9/mplab/uni-dds-hw9.asm
                   msetup   0x00163e    program     static /home/dirk/projects/hw9_digital_vfo/repo/hw9-dds-vfo/hw9/mplab/uni-dds-hw9.asm
                 msausw01   0x001645    program     static /home/dirk/projects/hw9_digital_vfo/repo/hw9-dds-vfo/hw9/mplab/uni-dds-hw9.asm
                 msausw02   0x00164e    program     static /home/dirk/projects/hw9_digital_vfo/repo/hw9-dds-vfo/hw9/mplab/uni-dds-hw9.asm
                 msausw05   0x00165e    program     static /home/dirk/projects/hw9_digital_vfo/repo/hw9-dds-vfo/hw9/mplab/uni-dds-hw9.asm
                 msausw06   0x001665    program     static /home/dirk/projects/hw9_digital_vfo/repo/hw9-dds-vfo/hw9/mplab/uni-dds-hw9.asm
                 msausw04   0x00166d    program     static /home/dirk/projects/hw9_digital_vfo/repo/hw9-dds-vfo/hw9/mplab/uni-dds-hw9.asm
                 msausw03   0x001674    program     static /home/dirk/projects/hw9_digital_vfo/repo/hw9-dds-vfo/hw9/mplab/uni-dds-hw9.asm
                  hex2bcd   0x00167e    program     static /home/dirk/projects/hw9_digital_vfo/repo/hw9-dds-vfo/hw9/mplab/uni-dds-hw9.asm
                   hextb1   0x00168c    program     static /home/dirk/projects/hw9_digital_vfo/repo/hw9-dds-vfo/hw9/mplab/uni-dds-hw9.asm
                   hextb4   0x001690    program     static /home/dirk/projects/hw9_digital_vfo/repo/hw9-dds-vfo/hw9/mplab/uni-dds-hw9.asm
                   hextb2   0x001699    program     static /home/dirk/projects/hw9_digital_vfo/repo/hw9-dds-vfo/hw9/mplab/uni-dds-hw9.asm
                   hextb3   0x0016a2    program     static /home/dirk/projects/hw9_digital_vfo/repo/hw9-dds-vfo/hw9/mplab/uni-dds-hw9.asm
                  bcd2hex   0x0016b1    program     static /home/dirk/projects/hw9_digital_vfo/repo/hw9-dds-vfo/hw9/mplab/uni-dds-hw9.asm
                 bcd2hex1   0x0016bf    program     static /home/dirk/projects/hw9_digital_vfo/repo/hw9-dds-vfo/hw9/mplab/uni-dds-hw9.asm
                 bcd2hex3   0x0016cc    program     static /home/dirk/projects/hw9_digital_vfo/repo/hw9-dds-vfo/hw9/mplab/uni-dds-hw9.asm
                 bcd2hex4   0x0016d0    program     static /home/dirk/projects/hw9_digital_vfo/repo/hw9-dds-vfo/hw9/mplab/uni-dds-hw9.asm
                 bcd2hex5   0x0016d4    program     static /home/dirk/projects/hw9_digital_vfo/repo/hw9-dds-vfo/hw9/mplab/uni-dds-hw9.asm
                    divb2   0x0016da    program     static /home/dirk/projects/hw9_digital_vfo/repo/hw9-dds-vfo/hw9/mplab/uni-dds-hw9.asm
                   divb21   0x0016dd    program     static /home/dirk/projects/hw9_digital_vfo/repo/hw9-dds-vfo/hw9/mplab/uni-dds-hw9.asm
                 _196CEND   0x0016e9    program     static /home/dirk/projects/hw9_digital_vfo/repo/hw9-dds-vfo/hw9/mplab/uni-dds-hw9.asm
                   divb22   0x0016ee    program     static /home/dirk/projects/hw9_digital_vfo/repo/hw9-dds-vfo/hw9/mplab/uni-dds-hw9.asm
                   divb23   0x0016f1    program     static /home/dirk/projects/hw9_digital_vfo/repo/hw9-dds-vfo/hw9/mplab/uni-dds-hw9.asm
                 _199CEND   0x0016f7    program     static /home/dirk/projects/hw9_digital_vfo/repo/hw9-dds-vfo/hw9/mplab/uni-dds-hw9.asm
                   divb24   0x001700    program     static /home/dirk/projects/hw9_digital_vfo/repo/hw9-dds-vfo/hw9/mplab/uni-dds-hw9.asm
                    mulb2   0x001705    program     static /home/dirk/projects/hw9_digital_vfo/repo/hw9-dds-vfo/hw9/mplab/uni-dds-hw9.asm
                   mulb21   0x001709    program     static /home/dirk/projects/hw9_digital_vfo/repo/hw9-dds-vfo/hw9/mplab/uni-dds-hw9.asm
                   mulb25   0x001715    program     static /home/dirk/projects/hw9_digital_vfo/repo/hw9-dds-vfo/hw9/mplab/uni-dds-hw9.asm
                   mulb24   0x001722    program     static /home/dirk/projects/hw9_digital_vfo/repo/hw9-dds-vfo/hw9/mplab/uni-dds-hw9.asm
                   mulb23   0x001728    program     static /home/dirk/projects/hw9_digital_vfo/repo/hw9-dds-vfo/hw9/mplab/uni-dds-hw9.asm
                   mulb22   0x00172c    program     static /home/dirk/projects/hw9_digital_vfo/repo/hw9-dds-vfo/hw9/mplab/uni-dds-hw9.asm
                 getswert   0x001732    program     static /home/dirk/projects/hw9_digital_vfo/repo/hw9-dds-vfo/hw9/mplab/uni-dds-hw9.asm
                 _209CEND   0x001755    program     static /home/dirk/projects/hw9_digital_vfo/repo/hw9-dds-vfo/hw9/mplab/uni-dds-hw9.asm
                    gsw03   0x001779    program     static /home/dirk/projects/hw9_digital_vfo/repo/hw9-dds-vfo/hw9/mplab/uni-dds-hw9.asm
                    gsw02   0x001781    program     static /home/dirk/projects/hw9_digital_vfo/repo/hw9-dds-vfo/hw9/mplab/uni-dds-hw9.asm
                    gsw01   0x001783    program     static /home/dirk/projects/hw9_digital_vfo/repo/hw9-dds-vfo/hw9/mplab/uni-dds-hw9.asm
                endepage2   0x001785    program     static /home/dirk/projects/hw9_digital_vfo/repo/hw9-dds-vfo/hw9/mplab/uni-dds-hw9.asm
                  nr2vfoH   0x001800    program     static /home/dirk/projects/hw9_digital_vfo/repo/hw9-dds-vfo/hw9/mplab/uni-dds-hw9.asm
                    PAGE3   0x001800    program     static /home/dirk/projects/hw9_digital_vfo/repo/hw9-dds-vfo/hw9/mplab/uni-dds-hw9.asm
                  nr2vfoL   0x00180a    program     static /home/dirk/projects/hw9_digital_vfo/repo/hw9-dds-vfo/hw9/mplab/uni-dds-hw9.asm
                  nr2ddsL   0x001814    program     static /home/dirk/projects/hw9_digital_vfo/repo/hw9-dds-vfo/hw9/mplab/uni-dds-hw9.asm
                  nr2ddsH   0x001817    program     static /home/dirk/projects/hw9_digital_vfo/repo/hw9-dds-vfo/hw9/mplab/uni-dds-hw9.asm
                   nr2zfH   0x00181a    program     static /home/dirk/projects/hw9_digital_vfo/repo/hw9-dds-vfo/hw9/mplab/uni-dds-hw9.asm
                   nr2zfL   0x00181f    program     static /home/dirk/projects/hw9_digital_vfo/repo/hw9-dds-vfo/hw9/mplab/uni-dds-hw9.asm
                    konst   0x001824    program     static /home/dirk/projects/hw9_digital_vfo/repo/hw9-dds-vfo/hw9/mplab/uni-dds-hw9.asm
                     vfo0   0x001828    program     static /home/dirk/projects/hw9_digital_vfo/repo/hw9-dds-vfo/hw9/mplab/uni-dds-hw9.asm
                     vfo1   0x001838    program     static /home/dirk/projects/hw9_digital_vfo/repo/hw9-dds-vfo/hw9/mplab/uni-dds-hw9.asm
                     vfo2   0x001848    program     static /home/dirk/projects/hw9_digital_vfo/repo/hw9-dds-vfo/hw9/mplab/uni-dds-hw9.asm
                     vfo3   0x001858    program     static /home/dirk/projects/hw9_digital_vfo/repo/hw9-dds-vfo/hw9/mplab/uni-dds-hw9.asm
                     vfo4   0x001868    program     static /home/dirk/projects/hw9_digital_vfo/repo/hw9-dds-vfo/hw9/mplab/uni-dds-hw9.asm
                     vfo5   0x001878    program     static /home/dirk/projects/hw9_digital_vfo/repo/hw9-dds-vfo/hw9/mplab/uni-dds-hw9.asm
                     vfo6   0x001888    program     static /home/dirk/projects/hw9_digital_vfo/repo/hw9-dds-vfo/hw9/mplab/uni-dds-hw9.asm
                     vfo7   0x001898    program     static /home/dirk/projects/hw9_digital_vfo/repo/hw9-dds-vfo/hw9/mplab/uni-dds-hw9.asm
                   vfohw9   0x0018a8    program     static /home/dirk/projects/hw9_digital_vfo/repo/hw9-dds-vfo/hw9/mplab/uni-dds-hw9.asm
                      zf0   0x0018b8    program     static /home/dirk/projects/hw9_digital_vfo/repo/hw9-dds-vfo/hw9/mplab/uni-dds-hw9.asm
                      zf1   0x0018bc    program     static /home/dirk/projects/hw9_digital_vfo/repo/hw9-dds-vfo/hw9/mplab/uni-dds-hw9.asm
                      zf2   0x0018c0    program     static /home/dirk/projects/hw9_digital_vfo/repo/hw9-dds-vfo/hw9/mplab/uni-dds-hw9.asm
                     dds0   0x0018c4    program     static /home/dirk/projects/hw9_digital_vfo/repo/hw9-dds-vfo/hw9/mplab/uni-dds-hw9.asm
                     dds1   0x0018c8    program     static /home/dirk/projects/hw9_digital_vfo/repo/hw9-dds-vfo/hw9/mplab/uni-dds-hw9.asm
                  xtal80m   0x0018cc    program     static /home/dirk/projects/hw9_digital_vfo/repo/hw9-dds-vfo/hw9/mplab/uni-dds-hw9.asm
                    xtald   0x0018d0    program     static /home/dirk/projects/hw9_digital_vfo/repo/hw9-dds-vfo/hw9/mplab/uni-dds-hw9.asm
                smdefault   0x0018f0    program     static /home/dirk/projects/hw9_digital_vfo/repo/hw9-dds-vfo/hw9/mplab/uni-dds-hw9.asm
                 smsethw9   0x0018fe    program     static /home/dirk/projects/hw9_digital_vfo/repo/hw9-dds-vfo/hw9/mplab/uni-dds-hw9.asm
                 smsetvfo   0x001900    program     static /home/dirk/projects/hw9_digital_vfo/repo/hw9-dds-vfo/hw9/mplab/uni-dds-hw9.asm
               rom2eeprom   0x00194b    program     static /home/dirk/projects/hw9_digital_vfo/repo/hw9-dds-vfo/hw9/mplab/uni-dds-hw9.asm
               eepromneu1   0x001957    program     static /home/dirk/projects/hw9_digital_vfo/repo/hw9-dds-vfo/hw9/mplab/uni-dds-hw9.asm
               eepromneu2   0x00197a    program     static /home/dirk/projects/hw9_digital_vfo/repo/hw9-dds-vfo/hw9/mplab/uni-dds-hw9.asm
               P3smsmeter   0x001983    program     static /home/dirk/projects/hw9_digital_vfo/repo/hw9-dds-vfo/hw9/mplab/uni-dds-hw9.asm
                   smsm01   0x00198b    program     static /home/dirk/projects/hw9_digital_vfo/repo/hw9-dds-vfo/hw9/mplab/uni-dds-hw9.asm
                   smsm02   0x001992    program     static /home/dirk/projects/hw9_digital_vfo/repo/hw9-dds-vfo/hw9/mplab/uni-dds-hw9.asm
                   smsm03   0x0019db    program     static /home/dirk/projects/hw9_digital_vfo/repo/hw9-dds-vfo/hw9/mplab/uni-dds-hw9.asm
                   smsm04   0x0019e2    program     static /home/dirk/projects/hw9_digital_vfo/repo/hw9-dds-vfo/hw9/mplab/uni-dds-hw9.asm
                    mband   0x001a4c    program     static /home/dirk/projects/hw9_digital_vfo/repo/hw9-dds-vfo/hw9/mplab/uni-dds-hw9.asm
                 mbausw01   0x001a55    program     static /home/dirk/projects/hw9_digital_vfo/repo/hw9-dds-vfo/hw9/mplab/uni-dds-hw9.asm
                 mbausw02   0x001a62    program     static /home/dirk/projects/hw9_digital_vfo/repo/hw9-dds-vfo/hw9/mplab/uni-dds-hw9.asm
                 mbausw05   0x001a72    program     static /home/dirk/projects/hw9_digital_vfo/repo/hw9-dds-vfo/hw9/mplab/uni-dds-hw9.asm
                 mbausw06   0x001a79    program     static /home/dirk/projects/hw9_digital_vfo/repo/hw9-dds-vfo/hw9/mplab/uni-dds-hw9.asm
                 mbausw04   0x001a85    program     static /home/dirk/projects/hw9_digital_vfo/repo/hw9-dds-vfo/hw9/mplab/uni-dds-hw9.asm
                 mbausw03   0x001a8c    program     static /home/dirk/projects/hw9_digital_vfo/repo/hw9-dds-vfo/hw9/mplab/uni-dds-hw9.asm
                  mbstore   0x001a98    program     static /home/dirk/projects/hw9_digital_vfo/repo/hw9-dds-vfo/hw9/mplab/uni-dds-hw9.asm
                bandconst   0x001a9c    program     static /home/dirk/projects/hw9_digital_vfo/repo/hw9-dds-vfo/hw9/mplab/uni-dds-hw9.asm
                 rom2temp   0x001aab    program     static /home/dirk/projects/hw9_digital_vfo/repo/hw9-dds-vfo/hw9/mplab/uni-dds-hw9.asm
                 romnext1   0x001ab5    program     static /home/dirk/projects/hw9_digital_vfo/repo/hw9-dds-vfo/hw9/mplab/uni-dds-hw9.asm
                 romnext2   0x001acd    program     static /home/dirk/projects/hw9_digital_vfo/repo/hw9-dds-vfo/hw9/mplab/uni-dds-hw9.asm
                   eflag1   0x002100    program     static /home/dirk/projects/hw9_digital_vfo/repo/hw9-dds-vfo/hw9/mplab/uni-dds-hw9.asm
                     edds   0x002101    program     static /home/dirk/projects/hw9_digital_vfo/repo/hw9-dds-vfo/hw9/mplab/uni-dds-hw9.asm
                      ezf   0x002105    program     static /home/dirk/projects/hw9_digital_vfo/repo/hw9-dds-vfo/hw9/mplab/uni-dds-hw9.asm
                     evfo   0x002109    program     static /home/dirk/projects/hw9_digital_vfo/repo/hw9-dds-vfo/hw9/mplab/uni-dds-hw9.asm
                  estarta   0x002109    program     static /home/dirk/projects/hw9_digital_vfo/repo/hw9-dds-vfo/hw9/mplab/uni-dds-hw9.asm
                  estartb   0x00210d    program     static /home/dirk/projects/hw9_digital_vfo/repo/hw9-dds-vfo/hw9/mplab/uni-dds-hw9.asm
                  extal80   0x002111    program     static /home/dirk/projects/hw9_digital_vfo/repo/hw9-dds-vfo/hw9/mplab/uni-dds-hw9.asm
                   escana   0x002115    program     static /home/dirk/projects/hw9_digital_vfo/repo/hw9-dds-vfo/hw9/mplab/uni-dds-hw9.asm
                   escanb   0x002119    program     static /home/dirk/projects/hw9_digital_vfo/repo/hw9-dds-vfo/hw9/mplab/uni-dds-hw9.asm
                es_konst1   0x00211d    program     static /home/dirk/projects/hw9_digital_vfo/repo/hw9-dds-vfo/hw9/mplab/uni-dds-hw9.asm
                es_konst2   0x00211f    program     static /home/dirk/projects/hw9_digital_vfo/repo/hw9-dds-vfo/hw9/mplab/uni-dds-hw9.asm


