MPLINK 5.09, LINKER
Linker Map File - Created Thu Sep 23 18:18:06 2021

                                 Section Info
                  Section       Type    Address   Location Size(Bytes)
                ---------  ---------  ---------  ---------  ---------
                   .org_0       code   0x000000    program   0x000000
                   .org_4       code   0x000000    program   0x000002
                   .org_5       code   0x000004    program   0x000cfc
                   .org_1       code   0x000120    program   0x000000
                   .org_2       code   0x0001a0    program   0x000000
                   .org_6       code   0x000800    program   0x0005fc
                   .org_7       code   0x001000    program   0x000f04
                   .org_8       code   0x001800    program   0x000420
.config_2007_/HOME/DIRK/PROJECTS/HW9_DIGITAL_       code   0x002007    program   0x000002
                   .org_3       code   0x002100    program   0x00003a



                              Program Memory Usage 
                               Start         End      
                           ---------   ---------      
                            0x000000    0x000000      
                            0x000004    0x000681      
                            0x000800    0x000afd      
                            0x001000    0x001781      
                            0x001800    0x001a0f      
                            0x002007    0x002007      
                            0x002100    0x00211c      
            4909 out of 8454 program addresses used, program memory utilization is 58%



                              Symbols - Sorted by Name
                     Name    Address   Location    Storage File                     
                ---------  ---------  ---------  --------- ---------                
                   AAGC01   0x001432    program     static /home/dirk/projects/hw9_digital_vfo/repo/hw9-dds-vfo/hw9/mplab/uni-dds-hw9.asm
                   AAGC02   0x00143b    program     static /home/dirk/projects/hw9_digital_vfo/repo/hw9-dds-vfo/hw9/mplab/uni-dds-hw9.asm
                   AAGC03   0x001457    program     static /home/dirk/projects/hw9_digital_vfo/repo/hw9-dds-vfo/hw9/mplab/uni-dds-hw9.asm
               AnzeigeAGC   0x00141c    program     static /home/dirk/projects/hw9_digital_vfo/repo/hw9-dds-vfo/hw9/mplab/uni-dds-hw9.asm
              AnzeigeBatt   0x001458    program     static /home/dirk/projects/hw9_digital_vfo/repo/hw9-dds-vfo/hw9/mplab/uni-dds-hw9.asm
               BCDToASCII   0x000052    program     static /home/dirk/projects/hw9_digital_vfo/repo/hw9-dds-vfo/hw9/mplab/uni-dds-hw9.asm
                    DELAY   0x00012a    program     static /home/dirk/projects/hw9_digital_vfo/repo/hw9-dds-vfo/hw9/mplab/uni-dds-hw9.asm
                  DELAY_1   0x00012c    program     static /home/dirk/projects/hw9_digital_vfo/repo/hw9-dds-vfo/hw9/mplab/uni-dds-hw9.asm
                  DELAY_2   0x00012f    program     static /home/dirk/projects/hw9_digital_vfo/repo/hw9-dds-vfo/hw9/mplab/uni-dds-hw9.asm
                  DELAY_3   0x000131    program     static /home/dirk/projects/hw9_digital_vfo/repo/hw9-dds-vfo/hw9/mplab/uni-dds-hw9.asm
                  DELAY_4   0x000134    program     static /home/dirk/projects/hw9_digital_vfo/repo/hw9-dds-vfo/hw9/mplab/uni-dds-hw9.asm
                  DELAY_5   0x000136    program     static /home/dirk/projects/hw9_digital_vfo/repo/hw9-dds-vfo/hw9/mplab/uni-dds-hw9.asm
                  Dauer01   0x00149c    program     static /home/dirk/projects/hw9_digital_vfo/repo/hw9-dds-vfo/hw9/mplab/uni-dds-hw9.asm
                  Dauer02   0x001504    program     static /home/dirk/projects/hw9_digital_vfo/repo/hw9-dds-vfo/hw9/mplab/uni-dds-hw9.asm
                  Dauer03   0x0014ea    program     static /home/dirk/projects/hw9_digital_vfo/repo/hw9-dds-vfo/hw9/mplab/uni-dds-hw9.asm
                  Dauer04   0x0014f8    program     static /home/dirk/projects/hw9_digital_vfo/repo/hw9-dds-vfo/hw9/mplab/uni-dds-hw9.asm
                 Dauerton   0x001495    program     static /home/dirk/projects/hw9_digital_vfo/repo/hw9-dds-vfo/hw9/mplab/uni-dds-hw9.asm
                   Enable   0x000164    program     static /home/dirk/projects/hw9_digital_vfo/repo/hw9-dds-vfo/hw9/mplab/uni-dds-hw9.asm
                  HEX2BCD   0x0005d4    program     static /home/dirk/projects/hw9_digital_vfo/repo/hw9-dds-vfo/hw9/mplab/uni-dds-hw9.asm
                LCDAnZ101   0x00032d    program     static /home/dirk/projects/hw9_digital_vfo/repo/hw9-dds-vfo/hw9/mplab/uni-dds-hw9.asm
                LCDAnZ102   0x000325    program     static /home/dirk/projects/hw9_digital_vfo/repo/hw9-dds-vfo/hw9/mplab/uni-dds-hw9.asm
                LCDAnZ201   0x00031a    program     static /home/dirk/projects/hw9_digital_vfo/repo/hw9-dds-vfo/hw9/mplab/uni-dds-hw9.asm
                LCDAnZ202   0x00030c    program     static /home/dirk/projects/hw9_digital_vfo/repo/hw9-dds-vfo/hw9/mplab/uni-dds-hw9.asm
                LCDAnZ203   0x000312    program     static /home/dirk/projects/hw9_digital_vfo/repo/hw9-dds-vfo/hw9/mplab/uni-dds-hw9.asm
                 LCDAnz01   0x00035b    program     static /home/dirk/projects/hw9_digital_vfo/repo/hw9-dds-vfo/hw9/mplab/uni-dds-hw9.asm
                  LCDAnz1   0x000361    program     static /home/dirk/projects/hw9_digital_vfo/repo/hw9-dds-vfo/hw9/mplab/uni-dds-hw9.asm
                  LCDAnz2   0x000363    program     static /home/dirk/projects/hw9_digital_vfo/repo/hw9-dds-vfo/hw9/mplab/uni-dds-hw9.asm
                  LCDAnz3   0x000365    program     static /home/dirk/projects/hw9_digital_vfo/repo/hw9-dds-vfo/hw9/mplab/uni-dds-hw9.asm
                  LCDAnz9   0x000367    program     static /home/dirk/projects/hw9_digital_vfo/repo/hw9-dds-vfo/hw9/mplab/uni-dds-hw9.asm
               LCDAnzeige   0x000331    program     static /home/dirk/projects/hw9_digital_vfo/repo/hw9-dds-vfo/hw9/mplab/uni-dds-hw9.asm
             LCDAnzeigeZ1   0x00031f    program     static /home/dirk/projects/hw9_digital_vfo/repo/hw9-dds-vfo/hw9/mplab/uni-dds-hw9.asm
             LCDAnzeigeZ2   0x0002fd    program     static /home/dirk/projects/hw9_digital_vfo/repo/hw9-dds-vfo/hw9/mplab/uni-dds-hw9.asm
               LCDAusgabe   0x000161    program     static /home/dirk/projects/hw9_digital_vfo/repo/hw9-dds-vfo/hw9/mplab/uni-dds-hw9.asm
                  LCDChar   0x000150    program     static /home/dirk/projects/hw9_digital_vfo/repo/hw9-dds-vfo/hw9/mplab/uni-dds-hw9.asm
                   LCDCom   0x00015a    program     static /home/dirk/projects/hw9_digital_vfo/repo/hw9-dds-vfo/hw9/mplab/uni-dds-hw9.asm
            LCDCursorHome   0x000186    program     static /home/dirk/projects/hw9_digital_vfo/repo/hw9-dds-vfo/hw9/mplab/uni-dds-hw9.asm
          LCDCursorZeile1   0x000188    program     static /home/dirk/projects/hw9_digital_vfo/repo/hw9-dds-vfo/hw9/mplab/uni-dds-hw9.asm
          LCDCursorZeile2   0x00018a    program     static /home/dirk/projects/hw9_digital_vfo/repo/hw9-dds-vfo/hw9/mplab/uni-dds-hw9.asm
          LCDDisplayClear   0x000184    program     static /home/dirk/projects/hw9_digital_vfo/repo/hw9-dds-vfo/hw9/mplab/uni-dds-hw9.asm
                   LCDHEX   0x0001c3    program     static /home/dirk/projects/hw9_digital_vfo/repo/hw9-dds-vfo/hw9/mplab/uni-dds-hw9.asm
                  LCDInit   0x000139    program     static /home/dirk/projects/hw9_digital_vfo/repo/hw9-dds-vfo/hw9/mplab/uni-dds-hw9.asm
                   LCDPos   0x00018c    program     static /home/dirk/projects/hw9_digital_vfo/repo/hw9-dds-vfo/hw9/mplab/uni-dds-hw9.asm
                   LCDRdy   0x000167    program     static /home/dirk/projects/hw9_digital_vfo/repo/hw9-dds-vfo/hw9/mplab/uni-dds-hw9.asm
                  LCDRdy1   0x000170    program     static /home/dirk/projects/hw9_digital_vfo/repo/hw9-dds-vfo/hw9/mplab/uni-dds-hw9.asm
                 LCDSpace   0x0001c1    program     static /home/dirk/projects/hw9_digital_vfo/repo/hw9-dds-vfo/hw9/mplab/uni-dds-hw9.asm
                LCDString   0x00018e    program     static /home/dirk/projects/hw9_digital_vfo/repo/hw9-dds-vfo/hw9/mplab/uni-dds-hw9.asm
               LCDString1   0x0001a8    program     static /home/dirk/projects/hw9_digital_vfo/repo/hw9-dds-vfo/hw9/mplab/uni-dds-hw9.asm
               LCDString2   0x0001ab    program     static /home/dirk/projects/hw9_digital_vfo/repo/hw9-dds-vfo/hw9/mplab/uni-dds-hw9.asm
               LCDString3   0x000196    program     static /home/dirk/projects/hw9_digital_vfo/repo/hw9-dds-vfo/hw9/mplab/uni-dds-hw9.asm
                  LCDfrq1   0x00036f    program     static /home/dirk/projects/hw9_digital_vfo/repo/hw9-dds-vfo/hw9/mplab/uni-dds-hw9.asm
                  LCDfrq3   0x00036f    program     static /home/dirk/projects/hw9_digital_vfo/repo/hw9-dds-vfo/hw9/mplab/uni-dds-hw9.asm
                  LCDfrq4   0x000371    program     static /home/dirk/projects/hw9_digital_vfo/repo/hw9-dds-vfo/hw9/mplab/uni-dds-hw9.asm
               LCDfrqbyte   0x000368    program     static /home/dirk/projects/hw9_digital_vfo/repo/hw9-dds-vfo/hw9/mplab/uni-dds-hw9.asm
                MenuStart   0x0000c7    program     static /home/dirk/projects/hw9_digital_vfo/repo/hw9-dds-vfo/hw9/mplab/uni-dds-hw9.asm
               MenuStart1   0x0000cc    program     static /home/dirk/projects/hw9_digital_vfo/repo/hw9-dds-vfo/hw9/mplab/uni-dds-hw9.asm
               MenuStart2   0x0000dc    program     static /home/dirk/projects/hw9_digital_vfo/repo/hw9-dds-vfo/hw9/mplab/uni-dds-hw9.asm
               MenuStart3   0x0000d7    program     static /home/dirk/projects/hw9_digital_vfo/repo/hw9-dds-vfo/hw9/mplab/uni-dds-hw9.asm
           Menuauswertung   0x001060    program     static /home/dirk/projects/hw9_digital_vfo/repo/hw9-dds-vfo/hw9/mplab/uni-dds-hw9.asm
               P2smsmeter   0x00105f    program     static /home/dirk/projects/hw9_digital_vfo/repo/hw9-dds-vfo/hw9/mplab/uni-dds-hw9.asm
               P3smsmeter   0x001945    program     static /home/dirk/projects/hw9_digital_vfo/repo/hw9-dds-vfo/hw9/mplab/uni-dds-hw9.asm
                    PAGE0   0x000000    program     static /home/dirk/projects/hw9_digital_vfo/repo/hw9-dds-vfo/hw9/mplab/uni-dds-hw9.asm
                    PAGE1   0x000800    program     static /home/dirk/projects/hw9_digital_vfo/repo/hw9-dds-vfo/hw9/mplab/uni-dds-hw9.asm
                    PAGE2   0x001000    program     static /home/dirk/projects/hw9_digital_vfo/repo/hw9-dds-vfo/hw9/mplab/uni-dds-hw9.asm
                    PAGE3   0x001800    program     static /home/dirk/projects/hw9_digital_vfo/repo/hw9-dds-vfo/hw9/mplab/uni-dds-hw9.asm
                 SAnzeige   0x00120d    program     static /home/dirk/projects/hw9_digital_vfo/repo/hw9-dds-vfo/hw9/mplab/uni-dds-hw9.asm
              Tastaturst1   0x000374    program     static /home/dirk/projects/hw9_digital_vfo/repo/hw9-dds-vfo/hw9/mplab/uni-dds-hw9.asm
              Tastaturst2   0x000387    program     static /home/dirk/projects/hw9_digital_vfo/repo/hw9-dds-vfo/hw9/mplab/uni-dds-hw9.asm
             Tastaturst99   0x00038a    program     static /home/dirk/projects/hw9_digital_vfo/repo/hw9-dds-vfo/hw9/mplab/uni-dds-hw9.asm
           Tastegedrueckt   0x0000dd    program     static /home/dirk/projects/hw9_digital_vfo/repo/hw9-dds-vfo/hw9/mplab/uni-dds-hw9.asm
                    UBatt   0x0005ae    program     static /home/dirk/projects/hw9_digital_vfo/repo/hw9-dds-vfo/hw9/mplab/uni-dds-hw9.asm
              UPowerRueck   0x0005b0    program     static /home/dirk/projects/hw9_digital_vfo/repo/hw9-dds-vfo/hw9/mplab/uni-dds-hw9.asm
                UPowerVor   0x0005b2    program     static /home/dirk/projects/hw9_digital_vfo/repo/hw9-dds-vfo/hw9/mplab/uni-dds-hw9.asm
                     Uagc   0x00059e    program     static /home/dirk/projects/hw9_digital_vfo/repo/hw9-dds-vfo/hw9/mplab/uni-dds-hw9.asm
                    Umess   0x0005b5    program     static /home/dirk/projects/hw9_digital_vfo/repo/hw9-dds-vfo/hw9/mplab/uni-dds-hw9.asm
                   Umess0   0x0005b4    program     static /home/dirk/projects/hw9_digital_vfo/repo/hw9-dds-vfo/hw9/mplab/uni-dds-hw9.asm
           UmessKeyerPoti   0x0005b4    program     static /home/dirk/projects/hw9_digital_vfo/repo/hw9-dds-vfo/hw9/mplab/uni-dds-hw9.asm
                 _166CEND   0x0015c6    program     static /home/dirk/projects/hw9_digital_vfo/repo/hw9-dds-vfo/hw9/mplab/uni-dds-hw9.asm
                _170C3END   0x001623    program     static /home/dirk/projects/hw9_digital_vfo/repo/hw9-dds-vfo/hw9/mplab/uni-dds-hw9.asm
                _171C2END   0x001622    program     static /home/dirk/projects/hw9_digital_vfo/repo/hw9-dds-vfo/hw9/mplab/uni-dds-hw9.asm
                 _172CEND   0x001621    program     static /home/dirk/projects/hw9_digital_vfo/repo/hw9-dds-vfo/hw9/mplab/uni-dds-hw9.asm
                 _188CEND   0x0016e6    program     static /home/dirk/projects/hw9_digital_vfo/repo/hw9-dds-vfo/hw9/mplab/uni-dds-hw9.asm
                 _191CEND   0x0016f4    program     static /home/dirk/projects/hw9_digital_vfo/repo/hw9-dds-vfo/hw9/mplab/uni-dds-hw9.asm
                 _201CEND   0x001752    program     static /home/dirk/projects/hw9_digital_vfo/repo/hw9-dds-vfo/hw9/mplab/uni-dds-hw9.asm
                    addzf   0x000460    program     static /home/dirk/projects/hw9_digital_vfo/repo/hw9-dds-vfo/hw9/mplab/uni-dds-hw9.asm
                     anf1   0x000109    program     static /home/dirk/projects/hw9_digital_vfo/repo/hw9-dds-vfo/hw9/mplab/uni-dds-hw9.asm
                     az01   0x00147d    program     static /home/dirk/projects/hw9_digital_vfo/repo/hw9-dds-vfo/hw9/mplab/uni-dds-hw9.asm
                     az02   0x001484    program     static /home/dirk/projects/hw9_digital_vfo/repo/hw9-dds-vfo/hw9/mplab/uni-dds-hw9.asm
                     az03   0x001494    program     static /home/dirk/projects/hw9_digital_vfo/repo/hw9-dds-vfo/hw9/mplab/uni-dds-hw9.asm
                    bank2   0x000120    program     static /home/dirk/projects/hw9_digital_vfo/repo/hw9-dds-vfo/hw9/mplab/uni-dds-hw9.asm
                    bank3   0x0001a0    program     static /home/dirk/projects/hw9_digital_vfo/repo/hw9-dds-vfo/hw9/mplab/uni-dds-hw9.asm
                  bcd2hex   0x0016ae    program     static /home/dirk/projects/hw9_digital_vfo/repo/hw9-dds-vfo/hw9/mplab/uni-dds-hw9.asm
                 bcd2hex1   0x0016bc    program     static /home/dirk/projects/hw9_digital_vfo/repo/hw9-dds-vfo/hw9/mplab/uni-dds-hw9.asm
                 bcd2hex3   0x0016c9    program     static /home/dirk/projects/hw9_digital_vfo/repo/hw9-dds-vfo/hw9/mplab/uni-dds-hw9.asm
                 bcd2hex4   0x0016cd    program     static /home/dirk/projects/hw9_digital_vfo/repo/hw9-dds-vfo/hw9/mplab/uni-dds-hw9.asm
                 bcd2hex5   0x0016d1    program     static /home/dirk/projects/hw9_digital_vfo/repo/hw9-dds-vfo/hw9/mplab/uni-dds-hw9.asm
                  bcdadd1   0x0003c2    program     static /home/dirk/projects/hw9_digital_vfo/repo/hw9-dds-vfo/hw9/mplab/uni-dds-hw9.asm
                 bcdadd10   0x0003bd    program     static /home/dirk/projects/hw9_digital_vfo/repo/hw9-dds-vfo/hw9/mplab/uni-dds-hw9.asm
                bcdadd100   0x0003b3    program     static /home/dirk/projects/hw9_digital_vfo/repo/hw9-dds-vfo/hw9/mplab/uni-dds-hw9.asm
               bcdadd1000   0x0003ae    program     static /home/dirk/projects/hw9_digital_vfo/repo/hw9-dds-vfo/hw9/mplab/uni-dds-hw9.asm
               bcdadd100k   0x0003a9    program     static /home/dirk/projects/hw9_digital_vfo/repo/hw9-dds-vfo/hw9/mplab/uni-dds-hw9.asm
                  bcdadd4   0x0003c5    program     static /home/dirk/projects/hw9_digital_vfo/repo/hw9-dds-vfo/hw9/mplab/uni-dds-hw9.asm
                 bcdadd41   0x0003c7    program     static /home/dirk/projects/hw9_digital_vfo/repo/hw9-dds-vfo/hw9/mplab/uni-dds-hw9.asm
                 bcdadd42   0x0003d4    program     static /home/dirk/projects/hw9_digital_vfo/repo/hw9-dds-vfo/hw9/mplab/uni-dds-hw9.asm
                 bcdadd43   0x0003de    program     static /home/dirk/projects/hw9_digital_vfo/repo/hw9-dds-vfo/hw9/mplab/uni-dds-hw9.asm
                 bcdadd50   0x0003b8    program     static /home/dirk/projects/hw9_digital_vfo/repo/hw9-dds-vfo/hw9/mplab/uni-dds-hw9.asm
                  bcdsub1   0x000413    program     static /home/dirk/projects/hw9_digital_vfo/repo/hw9-dds-vfo/hw9/mplab/uni-dds-hw9.asm
                 bcdsub10   0x00040e    program     static /home/dirk/projects/hw9_digital_vfo/repo/hw9-dds-vfo/hw9/mplab/uni-dds-hw9.asm
                bcdsub100   0x000404    program     static /home/dirk/projects/hw9_digital_vfo/repo/hw9-dds-vfo/hw9/mplab/uni-dds-hw9.asm
               bcdsub1000   0x0003ff    program     static /home/dirk/projects/hw9_digital_vfo/repo/hw9-dds-vfo/hw9/mplab/uni-dds-hw9.asm
               bcdsub100k   0x0003fa    program     static /home/dirk/projects/hw9_digital_vfo/repo/hw9-dds-vfo/hw9/mplab/uni-dds-hw9.asm
                  bcdsub4   0x000416    program     static /home/dirk/projects/hw9_digital_vfo/repo/hw9-dds-vfo/hw9/mplab/uni-dds-hw9.asm
                 bcdsub41   0x000418    program     static /home/dirk/projects/hw9_digital_vfo/repo/hw9-dds-vfo/hw9/mplab/uni-dds-hw9.asm
                 bcdsub42   0x000425    program     static /home/dirk/projects/hw9_digital_vfo/repo/hw9-dds-vfo/hw9/mplab/uni-dds-hw9.asm
                 bcdsub43   0x00042c    program     static /home/dirk/projects/hw9_digital_vfo/repo/hw9-dds-vfo/hw9/mplab/uni-dds-hw9.asm
                 bcdsub50   0x000409    program     static /home/dirk/projects/hw9_digital_vfo/repo/hw9-dds-vfo/hw9/mplab/uni-dds-hw9.asm
                 bcdtobin   0x000435    program     static /home/dirk/projects/hw9_digital_vfo/repo/hw9-dds-vfo/hw9/mplab/uni-dds-hw9.asm
                bcdtobin1   0x000445    program     static /home/dirk/projects/hw9_digital_vfo/repo/hw9-dds-vfo/hw9/mplab/uni-dds-hw9.asm
                bcdtobin3   0x000452    program     static /home/dirk/projects/hw9_digital_vfo/repo/hw9-dds-vfo/hw9/mplab/uni-dds-hw9.asm
                bcdtobin4   0x000456    program     static /home/dirk/projects/hw9_digital_vfo/repo/hw9-dds-vfo/hw9/mplab/uni-dds-hw9.asm
                bcdtobin5   0x00045a    program     static /home/dirk/projects/hw9_digital_vfo/repo/hw9-dds-vfo/hw9/mplab/uni-dds-hw9.asm
              byte_to_dds   0x000591    program     static /home/dirk/projects/hw9_digital_vfo/repo/hw9-dds-vfo/hw9/mplab/uni-dds-hw9.asm
              bytetodds01   0x000594    program     static /home/dirk/projects/hw9_digital_vfo/repo/hw9-dds-vfo/hw9/mplab/uni-dds-hw9.asm
                cleartemp   0x00038b    program     static /home/dirk/projects/hw9_digital_vfo/repo/hw9-dds-vfo/hw9/mplab/uni-dds-hw9.asm
               cleartemp4   0x000391    program     static /home/dirk/projects/hw9_digital_vfo/repo/hw9-dds-vfo/hw9/mplab/uni-dds-hw9.asm
           control_to_dds   0x00057a    program     static /home/dirk/projects/hw9_digital_vfo/repo/hw9-dds-vfo/hw9/mplab/uni-dds-hw9.asm
                     dds0   0x0018ae    program     static /home/dirk/projects/hw9_digital_vfo/repo/hw9-dds-vfo/hw9/mplab/uni-dds-hw9.asm
                     dds1   0x0018b2    program     static /home/dirk/projects/hw9_digital_vfo/repo/hw9-dds-vfo/hw9/mplab/uni-dds-hw9.asm
                     dds2   0x0018b6    program     static /home/dirk/projects/hw9_digital_vfo/repo/hw9-dds-vfo/hw9/mplab/uni-dds-hw9.asm
                 dds_init   0x000564    program     static /home/dirk/projects/hw9_digital_vfo/repo/hw9-dds-vfo/hw9/mplab/uni-dds-hw9.asm
             ddsbinausr01   0x000517    program     static /home/dirk/projects/hw9_digital_vfo/repo/hw9-dds-vfo/hw9/mplab/uni-dds-hw9.asm
         ddsbinausrechnen   0x0004f2    program     static /home/dirk/projects/hw9_digital_vfo/repo/hw9-dds-vfo/hw9/mplab/uni-dds-hw9.asm
                    divb2   0x0016d7    program     static /home/dirk/projects/hw9_digital_vfo/repo/hw9-dds-vfo/hw9/mplab/uni-dds-hw9.asm
                   divb21   0x0016da    program     static /home/dirk/projects/hw9_digital_vfo/repo/hw9-dds-vfo/hw9/mplab/uni-dds-hw9.asm
                   divb22   0x0016eb    program     static /home/dirk/projects/hw9_digital_vfo/repo/hw9-dds-vfo/hw9/mplab/uni-dds-hw9.asm
                   divb23   0x0016ee    program     static /home/dirk/projects/hw9_digital_vfo/repo/hw9-dds-vfo/hw9/mplab/uni-dds-hw9.asm
                   divb24   0x0016fd    program     static /home/dirk/projects/hw9_digital_vfo/repo/hw9-dds-vfo/hw9/mplab/uni-dds-hw9.asm
                     edds   0x002101    program     static /home/dirk/projects/hw9_digital_vfo/repo/hw9-dds-vfo/hw9/mplab/uni-dds-hw9.asm
                    eel01   0x000673    program     static /home/dirk/projects/hw9_digital_vfo/repo/hw9-dds-vfo/hw9/mplab/uni-dds-hw9.asm
                  eeladen   0x000659    program     static /home/dirk/projects/hw9_digital_vfo/repo/hw9-dds-vfo/hw9/mplab/uni-dds-hw9.asm
               eepromneu1   0x001919    program     static /home/dirk/projects/hw9_digital_vfo/repo/hw9-dds-vfo/hw9/mplab/uni-dds-hw9.asm
               eepromneu2   0x00193c    program     static /home/dirk/projects/hw9_digital_vfo/repo/hw9-dds-vfo/hw9/mplab/uni-dds-hw9.asm
                   eflag1   0x002100    program     static /home/dirk/projects/hw9_digital_vfo/repo/hw9-dds-vfo/hw9/mplab/uni-dds-hw9.asm
                endepage0   0x000682    program     static /home/dirk/projects/hw9_digital_vfo/repo/hw9-dds-vfo/hw9/mplab/uni-dds-hw9.asm
                endepage1   0x000afe    program     static /home/dirk/projects/hw9_digital_vfo/repo/hw9-dds-vfo/hw9/mplab/uni-dds-hw9.asm
                endepage2   0x001782    program     static /home/dirk/projects/hw9_digital_vfo/repo/hw9-dds-vfo/hw9/mplab/uni-dds-hw9.asm
                    eread   0x00064b    program     static /home/dirk/projects/hw9_digital_vfo/repo/hw9-dds-vfo/hw9/mplab/uni-dds-hw9.asm
                es_konst1   0x002119    program     static /home/dirk/projects/hw9_digital_vfo/repo/hw9-dds-vfo/hw9/mplab/uni-dds-hw9.asm
                es_konst2   0x00211b    program     static /home/dirk/projects/hw9_digital_vfo/repo/hw9-dds-vfo/hw9/mplab/uni-dds-hw9.asm
                   escana   0x002111    program     static /home/dirk/projects/hw9_digital_vfo/repo/hw9-dds-vfo/hw9/mplab/uni-dds-hw9.asm
                   escanb   0x002115    program     static /home/dirk/projects/hw9_digital_vfo/repo/hw9-dds-vfo/hw9/mplab/uni-dds-hw9.asm
                  estarta   0x002109    program     static /home/dirk/projects/hw9_digital_vfo/repo/hw9-dds-vfo/hw9/mplab/uni-dds-hw9.asm
                  estartb   0x00210d    program     static /home/dirk/projects/hw9_digital_vfo/repo/hw9-dds-vfo/hw9/mplab/uni-dds-hw9.asm
                     evfo   0x002109    program     static /home/dirk/projects/hw9_digital_vfo/repo/hw9-dds-vfo/hw9/mplab/uni-dds-hw9.asm
                      ew1   0x00063c    program     static /home/dirk/projects/hw9_digital_vfo/repo/hw9-dds-vfo/hw9/mplab/uni-dds-hw9.asm
                      ew2   0x00062a    program     static /home/dirk/projects/hw9_digital_vfo/repo/hw9-dds-vfo/hw9/mplab/uni-dds-hw9.asm
                      ew3   0x000644    program     static /home/dirk/projects/hw9_digital_vfo/repo/hw9-dds-vfo/hw9/mplab/uni-dds-hw9.asm
                    ewl01   0x00067a    program     static /home/dirk/projects/hw9_digital_vfo/repo/hw9-dds-vfo/hw9/mplab/uni-dds-hw9.asm
                   ewrite   0x000628    program     static /home/dirk/projects/hw9_digital_vfo/repo/hw9-dds-vfo/hw9/mplab/uni-dds-hw9.asm
                      ezf   0x002105    program     static /home/dirk/projects/hw9_digital_vfo/repo/hw9-dds-vfo/hw9/mplab/uni-dds-hw9.asm
                    fpl01   0x0004e9    program     static /home/dirk/projects/hw9_digital_vfo/repo/hw9-dds-vfo/hw9/mplab/uni-dds-hw9.asm
                    fpl02   0x0004f0    program     static /home/dirk/projects/hw9_digital_vfo/repo/hw9-dds-vfo/hw9/mplab/uni-dds-hw9.asm
                    fpl03   0x0004ed    program     static /home/dirk/projects/hw9_digital_vfo/repo/hw9-dds-vfo/hw9/mplab/uni-dds-hw9.asm
            fpointerladen   0x0004e5    program     static /home/dirk/projects/hw9_digital_vfo/repo/hw9-dds-vfo/hw9/mplab/uni-dds-hw9.asm
         fpointerladendds   0x0004e9    program     static /home/dirk/projects/hw9_digital_vfo/repo/hw9-dds-vfo/hw9/mplab/uni-dds-hw9.asm
       fpointerladenddstx   0x0004e0    program     static /home/dirk/projects/hw9_digital_vfo/repo/hw9-dds-vfo/hw9/mplab/uni-dds-hw9.asm
          frq28bit_to_dds   0x000542    program     static /home/dirk/projects/hw9_digital_vfo/repo/hw9-dds-vfo/hw9/mplab/uni-dds-hw9.asm
                 getswert   0x00172f    program     static /home/dirk/projects/hw9_digital_vfo/repo/hw9-dds-vfo/hw9/mplab/uni-dds-hw9.asm
                   getswr   0x001515    program     static /home/dirk/projects/hw9_digital_vfo/repo/hw9-dds-vfo/hw9/mplab/uni-dds-hw9.asm
                  getswr1   0x001535    program     static /home/dirk/projects/hw9_digital_vfo/repo/hw9-dds-vfo/hw9/mplab/uni-dds-hw9.asm
                  getswr2   0x001554    program     static /home/dirk/projects/hw9_digital_vfo/repo/hw9-dds-vfo/hw9/mplab/uni-dds-hw9.asm
                  getswr3   0x001567    program     static /home/dirk/projects/hw9_digital_vfo/repo/hw9-dds-vfo/hw9/mplab/uni-dds-hw9.asm
                  getswr4   0x00156b    program     static /home/dirk/projects/hw9_digital_vfo/repo/hw9-dds-vfo/hw9/mplab/uni-dds-hw9.asm
                  getswr5   0x00156f    program     static /home/dirk/projects/hw9_digital_vfo/repo/hw9-dds-vfo/hw9/mplab/uni-dds-hw9.asm
                  getswr6   0x001579    program     static /home/dirk/projects/hw9_digital_vfo/repo/hw9-dds-vfo/hw9/mplab/uni-dds-hw9.asm
                  getswr7   0x00157b    program     static /home/dirk/projects/hw9_digital_vfo/repo/hw9-dds-vfo/hw9/mplab/uni-dds-hw9.asm
                  getswr8   0x00157f    program     static /home/dirk/projects/hw9_digital_vfo/repo/hw9-dds-vfo/hw9/mplab/uni-dds-hw9.asm
                    gsw01   0x001780    program     static /home/dirk/projects/hw9_digital_vfo/repo/hw9-dds-vfo/hw9/mplab/uni-dds-hw9.asm
                    gsw02   0x00177e    program     static /home/dirk/projects/hw9_digital_vfo/repo/hw9-dds-vfo/hw9/mplab/uni-dds-hw9.asm
                    gsw03   0x001776    program     static /home/dirk/projects/hw9_digital_vfo/repo/hw9-dds-vfo/hw9/mplab/uni-dds-hw9.asm
                    haupt   0x0001ca    program     static /home/dirk/projects/hw9_digital_vfo/repo/hw9-dds-vfo/hw9/mplab/uni-dds-hw9.asm
                haupt0001   0x00024e    program     static /home/dirk/projects/hw9_digital_vfo/repo/hw9-dds-vfo/hw9/mplab/uni-dds-hw9.asm
                 haupt0_1   0x00020e    program     static /home/dirk/projects/hw9_digital_vfo/repo/hw9-dds-vfo/hw9/mplab/uni-dds-hw9.asm
                 haupt0_2   0x0001d8    program     static /home/dirk/projects/hw9_digital_vfo/repo/hw9-dds-vfo/hw9/mplab/uni-dds-hw9.asm
                 haupt0_3   0x000207    program     static /home/dirk/projects/hw9_digital_vfo/repo/hw9-dds-vfo/hw9/mplab/uni-dds-hw9.asm
                 haupt0_4   0x0001f7    program     static /home/dirk/projects/hw9_digital_vfo/repo/hw9-dds-vfo/hw9/mplab/uni-dds-hw9.asm
                 haupt0_5   0x0001ec    program     static /home/dirk/projects/hw9_digital_vfo/repo/hw9-dds-vfo/hw9/mplab/uni-dds-hw9.asm
                   haupt1   0x00021a    program     static /home/dirk/projects/hw9_digital_vfo/repo/hw9-dds-vfo/hw9/mplab/uni-dds-hw9.asm
                  haupt10   0x000276    program     static /home/dirk/projects/hw9_digital_vfo/repo/hw9-dds-vfo/hw9/mplab/uni-dds-hw9.asm
                  haupt11   0x000291    program     static /home/dirk/projects/hw9_digital_vfo/repo/hw9-dds-vfo/hw9/mplab/uni-dds-hw9.asm
                haupt11_1   0x00029c    program     static /home/dirk/projects/hw9_digital_vfo/repo/hw9-dds-vfo/hw9/mplab/uni-dds-hw9.asm
                  haupt12   0x0002a3    program     static /home/dirk/projects/hw9_digital_vfo/repo/hw9-dds-vfo/hw9/mplab/uni-dds-hw9.asm
                  haupt13   0x0002aa    program     static /home/dirk/projects/hw9_digital_vfo/repo/hw9-dds-vfo/hw9/mplab/uni-dds-hw9.asm
                   haupt2   0x000226    program     static /home/dirk/projects/hw9_digital_vfo/repo/hw9-dds-vfo/hw9/mplab/uni-dds-hw9.asm
                   haupt3   0x00022a    program     static /home/dirk/projects/hw9_digital_vfo/repo/hw9-dds-vfo/hw9/mplab/uni-dds-hw9.asm
                   haupt4   0x00022e    program     static /home/dirk/projects/hw9_digital_vfo/repo/hw9-dds-vfo/hw9/mplab/uni-dds-hw9.asm
                   haupt5   0x000233    program     static /home/dirk/projects/hw9_digital_vfo/repo/hw9-dds-vfo/hw9/mplab/uni-dds-hw9.asm
                   haupt6   0x000231    program     static /home/dirk/projects/hw9_digital_vfo/repo/hw9-dds-vfo/hw9/mplab/uni-dds-hw9.asm
                   haupt7   0x000239    program     static /home/dirk/projects/hw9_digital_vfo/repo/hw9-dds-vfo/hw9/mplab/uni-dds-hw9.asm
                 haupt701   0x000242    program     static /home/dirk/projects/hw9_digital_vfo/repo/hw9-dds-vfo/hw9/mplab/uni-dds-hw9.asm
                 haupt702   0x000243    program     static /home/dirk/projects/hw9_digital_vfo/repo/hw9-dds-vfo/hw9/mplab/uni-dds-hw9.asm
                   haupt8   0x000244    program     static /home/dirk/projects/hw9_digital_vfo/repo/hw9-dds-vfo/hw9/mplab/uni-dds-hw9.asm
                  haupt80   0x0002fc    program     static /home/dirk/projects/hw9_digital_vfo/repo/hw9-dds-vfo/hw9/mplab/uni-dds-hw9.asm
                 haupt801   0x0002b5    program     static /home/dirk/projects/hw9_digital_vfo/repo/hw9-dds-vfo/hw9/mplab/uni-dds-hw9.asm
                 haupt802   0x0002be    program     static /home/dirk/projects/hw9_digital_vfo/repo/hw9-dds-vfo/hw9/mplab/uni-dds-hw9.asm
                 haupt803   0x0002eb    program     static /home/dirk/projects/hw9_digital_vfo/repo/hw9-dds-vfo/hw9/mplab/uni-dds-hw9.asm
               haupt803_1   0x0002e5    program     static /home/dirk/projects/hw9_digital_vfo/repo/hw9-dds-vfo/hw9/mplab/uni-dds-hw9.asm
                 haupt899   0x0002ef    program     static /home/dirk/projects/hw9_digital_vfo/repo/hw9-dds-vfo/hw9/mplab/uni-dds-hw9.asm
                 haupt8_1   0x00025e    program     static /home/dirk/projects/hw9_digital_vfo/repo/hw9-dds-vfo/hw9/mplab/uni-dds-hw9.asm
                 haupt8_2   0x00025c    program     static /home/dirk/projects/hw9_digital_vfo/repo/hw9-dds-vfo/hw9/mplab/uni-dds-hw9.asm
                 haupt8_3   0x000263    program     static /home/dirk/projects/hw9_digital_vfo/repo/hw9-dds-vfo/hw9/mplab/uni-dds-hw9.asm
                 haupt8_4   0x000256    program     static /home/dirk/projects/hw9_digital_vfo/repo/hw9-dds-vfo/hw9/mplab/uni-dds-hw9.asm
                 haupt8_5   0x00025a    program     static /home/dirk/projects/hw9_digital_vfo/repo/hw9-dds-vfo/hw9/mplab/uni-dds-hw9.asm
                   haupt9   0x000265    program     static /home/dirk/projects/hw9_digital_vfo/repo/hw9-dds-vfo/hw9/mplab/uni-dds-hw9.asm
                  haupt91   0x000284    program     static /home/dirk/projects/hw9_digital_vfo/repo/hw9-dds-vfo/hw9/mplab/uni-dds-hw9.asm
                  haupt92   0x00028c    program     static /home/dirk/projects/hw9_digital_vfo/repo/hw9-dds-vfo/hw9/mplab/uni-dds-hw9.asm
                  haupt93   0x000291    program     static /home/dirk/projects/hw9_digital_vfo/repo/hw9-dds-vfo/hw9/mplab/uni-dds-hw9.asm
                  haupt99   0x0002fc    program     static /home/dirk/projects/hw9_digital_vfo/repo/hw9-dds-vfo/hw9/mplab/uni-dds-hw9.asm
                  hex2bcd   0x00167b    program     static /home/dirk/projects/hw9_digital_vfo/repo/hw9-dds-vfo/hw9/mplab/uni-dds-hw9.asm
                   hextb1   0x001689    program     static /home/dirk/projects/hw9_digital_vfo/repo/hw9-dds-vfo/hw9/mplab/uni-dds-hw9.asm
                   hextb2   0x001696    program     static /home/dirk/projects/hw9_digital_vfo/repo/hw9-dds-vfo/hw9/mplab/uni-dds-hw9.asm
                   hextb3   0x00169f    program     static /home/dirk/projects/hw9_digital_vfo/repo/hw9-dds-vfo/hw9/mplab/uni-dds-hw9.asm
                   hextb4   0x00168d    program     static /home/dirk/projects/hw9_digital_vfo/repo/hw9-dds-vfo/hw9/mplab/uni-dds-hw9.asm
                     htb1   0x0005d9    program     static /home/dirk/projects/hw9_digital_vfo/repo/hw9-dds-vfo/hw9/mplab/uni-dds-hw9.asm
                     htb2   0x0005e2    program     static /home/dirk/projects/hw9_digital_vfo/repo/hw9-dds-vfo/hw9/mplab/uni-dds-hw9.asm
                     htb3   0x0005eb    program     static /home/dirk/projects/hw9_digital_vfo/repo/hw9-dds-vfo/hw9/mplab/uni-dds-hw9.asm
                     iend   0x000049    program     static /home/dirk/projects/hw9_digital_vfo/repo/hw9-dds-vfo/hw9/mplab/uni-dds-hw9.asm
                     init   0x0000e1    program     static /home/dirk/projects/hw9_digital_vfo/repo/hw9-dds-vfo/hw9/mplab/uni-dds-hw9.asm
                      ir1   0x000031    program     static /home/dirk/projects/hw9_digital_vfo/repo/hw9-dds-vfo/hw9/mplab/uni-dds-hw9.asm
                      ir2   0x00001c    program     static /home/dirk/projects/hw9_digital_vfo/repo/hw9-dds-vfo/hw9/mplab/uni-dds-hw9.asm
                     ir20   0x00001e    program     static /home/dirk/projects/hw9_digital_vfo/repo/hw9-dds-vfo/hw9/mplab/uni-dds-hw9.asm
                    ir202   0x000022    program     static /home/dirk/projects/hw9_digital_vfo/repo/hw9-dds-vfo/hw9/mplab/uni-dds-hw9.asm
                     ir21   0x000023    program     static /home/dirk/projects/hw9_digital_vfo/repo/hw9-dds-vfo/hw9/mplab/uni-dds-hw9.asm
                     ir22   0x00002b    program     static /home/dirk/projects/hw9_digital_vfo/repo/hw9-dds-vfo/hw9/mplab/uni-dds-hw9.asm
                     ir23   0x000030    program     static /home/dirk/projects/hw9_digital_vfo/repo/hw9-dds-vfo/hw9/mplab/uni-dds-hw9.asm
                      ir3   0x00003e    program     static /home/dirk/projects/hw9_digital_vfo/repo/hw9-dds-vfo/hw9/mplab/uni-dds-hw9.asm
                      ir4   0x000044    program     static /home/dirk/projects/hw9_digital_vfo/repo/hw9-dds-vfo/hw9/mplab/uni-dds-hw9.asm
                      ir6   0x000047    program     static /home/dirk/projects/hw9_digital_vfo/repo/hw9-dds-vfo/hw9/mplab/uni-dds-hw9.asm
                      isr   0x000004    program     static /home/dirk/projects/hw9_digital_vfo/repo/hw9-dds-vfo/hw9/mplab/uni-dds-hw9.asm
                 keyermul   0x00060e    program     static /home/dirk/projects/hw9_digital_vfo/repo/hw9-dds-vfo/hw9/mplab/uni-dds-hw9.asm
                    konst   0x001822    program     static /home/dirk/projects/hw9_digital_vfo/repo/hw9-dds-vfo/hw9/mplab/uni-dds-hw9.asm
                     kum1   0x000616    program     static /home/dirk/projects/hw9_digital_vfo/repo/hw9-dds-vfo/hw9/mplab/uni-dds-hw9.asm
                     kum2   0x00061f    program     static /home/dirk/projects/hw9_digital_vfo/repo/hw9-dds-vfo/hw9/mplab/uni-dds-hw9.asm
                   leread   0x000673    program     static /home/dirk/projects/hw9_digital_vfo/repo/hw9-dds-vfo/hw9/mplab/uni-dds-hw9.asm
                  lewrite   0x00067a    program     static /home/dirk/projects/hw9_digital_vfo/repo/hw9-dds-vfo/hw9/mplab/uni-dds-hw9.asm
                  mausw01   0x001066    program     static /home/dirk/projects/hw9_digital_vfo/repo/hw9-dds-vfo/hw9/mplab/uni-dds-hw9.asm
                  mausw02   0x00106f    program     static /home/dirk/projects/hw9_digital_vfo/repo/hw9-dds-vfo/hw9/mplab/uni-dds-hw9.asm
                  mausw03   0x0010aa    program     static /home/dirk/projects/hw9_digital_vfo/repo/hw9-dds-vfo/hw9/mplab/uni-dds-hw9.asm
                  mausw04   0x00108e    program     static /home/dirk/projects/hw9_digital_vfo/repo/hw9-dds-vfo/hw9/mplab/uni-dds-hw9.asm
                  mausw05   0x00107f    program     static /home/dirk/projects/hw9_digital_vfo/repo/hw9-dds-vfo/hw9/mplab/uni-dds-hw9.asm
                  mausw06   0x001086    program     static /home/dirk/projects/hw9_digital_vfo/repo/hw9-dds-vfo/hw9/mplab/uni-dds-hw9.asm
                  mausw10   0x00109f    program     static /home/dirk/projects/hw9_digital_vfo/repo/hw9-dds-vfo/hw9/mplab/uni-dds-hw9.asm
                  mausw11   0x0010b3    program     static /home/dirk/projects/hw9_digital_vfo/repo/hw9-dds-vfo/hw9/mplab/uni-dds-hw9.asm
                   mbreak   0x0010c4    program     static /home/dirk/projects/hw9_digital_vfo/repo/hw9-dds-vfo/hw9/mplab/uni-dds-hw9.asm
              menuanzeige   0x001012    program     static /home/dirk/projects/hw9_digital_vfo/repo/hw9-dds-vfo/hw9/mplab/uni-dds-hw9.asm
           menuausfuehren   0x001037    program     static /home/dirk/projects/hw9_digital_vfo/repo/hw9-dds-vfo/hw9/mplab/uni-dds-hw9.asm
                  mflagsp   0x0010bb    program     static /home/dirk/projects/hw9_digital_vfo/repo/hw9-dds-vfo/hw9/mplab/uni-dds-hw9.asm
                   mkeyer   0x0010ea    program     static /home/dirk/projects/hw9_digital_vfo/repo/hw9-dds-vfo/hw9/mplab/uni-dds-hw9.asm
                  mkeyer1   0x0010ee    program     static /home/dirk/projects/hw9_digital_vfo/repo/hw9-dds-vfo/hw9/mplab/uni-dds-hw9.asm
                  mkeyer2   0x0010ef    program     static /home/dirk/projects/hw9_digital_vfo/repo/hw9-dds-vfo/hw9/mplab/uni-dds-hw9.asm
                   mlight   0x0010f0    program     static /home/dirk/projects/hw9_digital_vfo/repo/hw9-dds-vfo/hw9/mplab/uni-dds-hw9.asm
                  mlight1   0x0010f6    program     static /home/dirk/projects/hw9_digital_vfo/repo/hw9-dds-vfo/hw9/mplab/uni-dds-hw9.asm
               mlightauto   0x001142    program     static /home/dirk/projects/hw9_digital_vfo/repo/hw9-dds-vfo/hw9/mplab/uni-dds-hw9.asm
              mlightauto1   0x001148    program     static /home/dirk/projects/hw9_digital_vfo/repo/hw9-dds-vfo/hw9/mplab/uni-dds-hw9.asm
              mlightauto2   0x001150    program     static /home/dirk/projects/hw9_digital_vfo/repo/hw9-dds-vfo/hw9/mplab/uni-dds-hw9.asm
                     mrit   0x0010d9    program     static /home/dirk/projects/hw9_digital_vfo/repo/hw9-dds-vfo/hw9/mplab/uni-dds-hw9.asm
                    mrit1   0x0010e3    program     static /home/dirk/projects/hw9_digital_vfo/repo/hw9-dds-vfo/hw9/mplab/uni-dds-hw9.asm
                    mrit2   0x0010e9    program     static /home/dirk/projects/hw9_digital_vfo/repo/hw9-dds-vfo/hw9/mplab/uni-dds-hw9.asm
                    mrit3   0x0010e8    program     static /home/dirk/projects/hw9_digital_vfo/repo/hw9-dds-vfo/hw9/mplab/uni-dds-hw9.asm
                    mrit4   0x0010e1    program     static /home/dirk/projects/hw9_digital_vfo/repo/hw9-dds-vfo/hw9/mplab/uni-dds-hw9.asm
                 msausw01   0x001642    program     static /home/dirk/projects/hw9_digital_vfo/repo/hw9-dds-vfo/hw9/mplab/uni-dds-hw9.asm
                 msausw02   0x00164b    program     static /home/dirk/projects/hw9_digital_vfo/repo/hw9-dds-vfo/hw9/mplab/uni-dds-hw9.asm
                 msausw03   0x001671    program     static /home/dirk/projects/hw9_digital_vfo/repo/hw9-dds-vfo/hw9/mplab/uni-dds-hw9.asm
                 msausw04   0x00166a    program     static /home/dirk/projects/hw9_digital_vfo/repo/hw9-dds-vfo/hw9/mplab/uni-dds-hw9.asm
                 msausw05   0x00165b    program     static /home/dirk/projects/hw9_digital_vfo/repo/hw9-dds-vfo/hw9/mplab/uni-dds-hw9.asm
                 msausw06   0x001662    program     static /home/dirk/projects/hw9_digital_vfo/repo/hw9-dds-vfo/hw9/mplab/uni-dds-hw9.asm
                    mscan   0x001592    program     static /home/dirk/projects/hw9_digital_vfo/repo/hw9-dds-vfo/hw9/mplab/uni-dds-hw9.asm
                   msetup   0x00163b    program     static /home/dirk/projects/hw9_digital_vfo/repo/hw9-dds-vfo/hw9/mplab/uni-dds-hw9.asm
                  mtbreak   0x00139b    program     static /home/dirk/projects/hw9_digital_vfo/repo/hw9-dds-vfo/hw9/mplab/uni-dds-hw9.asm
                  mtkeyer   0x0013b6    program     static /home/dirk/projects/hw9_digital_vfo/repo/hw9-dds-vfo/hw9/mplab/uni-dds-hw9.asm
                 mtkeyer1   0x0013ba    program     static /home/dirk/projects/hw9_digital_vfo/repo/hw9-dds-vfo/hw9/mplab/uni-dds-hw9.asm
                 mtkeyer2   0x0013bb    program     static /home/dirk/projects/hw9_digital_vfo/repo/hw9-dds-vfo/hw9/mplab/uni-dds-hw9.asm
                  mtlight   0x0013db    program     static /home/dirk/projects/hw9_digital_vfo/repo/hw9-dds-vfo/hw9/mplab/uni-dds-hw9.asm
                 mtlight1   0x0013df    program     static /home/dirk/projects/hw9_digital_vfo/repo/hw9-dds-vfo/hw9/mplab/uni-dds-hw9.asm
                 mtlight2   0x0013e0    program     static /home/dirk/projects/hw9_digital_vfo/repo/hw9-dds-vfo/hw9/mplab/uni-dds-hw9.asm
              mtlightauto   0x0013e9    program     static /home/dirk/projects/hw9_digital_vfo/repo/hw9-dds-vfo/hw9/mplab/uni-dds-hw9.asm
             mtlightauto1   0x0013ed    program     static /home/dirk/projects/hw9_digital_vfo/repo/hw9-dds-vfo/hw9/mplab/uni-dds-hw9.asm
             mtlightauto2   0x0013ee    program     static /home/dirk/projects/hw9_digital_vfo/repo/hw9-dds-vfo/hw9/mplab/uni-dds-hw9.asm
                    mtoff   0x001392    program     static /home/dirk/projects/hw9_digital_vfo/repo/hw9-dds-vfo/hw9/mplab/uni-dds-hw9.asm
                     mton   0x001389    program     static /home/dirk/projects/hw9_digital_vfo/repo/hw9-dds-vfo/hw9/mplab/uni-dds-hw9.asm
                    mtrit   0x0013c4    program     static /home/dirk/projects/hw9_digital_vfo/repo/hw9-dds-vfo/hw9/mplab/uni-dds-hw9.asm
                   mtrit1   0x0013c8    program     static /home/dirk/projects/hw9_digital_vfo/repo/hw9-dds-vfo/hw9/mplab/uni-dds-hw9.asm
                   mtrit2   0x0013c9    program     static /home/dirk/projects/hw9_digital_vfo/repo/hw9-dds-vfo/hw9/mplab/uni-dds-hw9.asm
                   mtscan   0x0013a4    program     static /home/dirk/projects/hw9_digital_vfo/repo/hw9-dds-vfo/hw9/mplab/uni-dds-hw9.asm
                  mtsetup   0x0013ad    program     static /home/dirk/projects/hw9_digital_vfo/repo/hw9-dds-vfo/hw9/mplab/uni-dds-hw9.asm
                   mttune   0x0013f7    program     static /home/dirk/projects/hw9_digital_vfo/repo/hw9-dds-vfo/hw9/mplab/uni-dds-hw9.asm
                    mtune   0x0010fa    program     static /home/dirk/projects/hw9_digital_vfo/repo/hw9-dds-vfo/hw9/mplab/uni-dds-hw9.asm
                  mtvfoab   0x0013d2    program     static /home/dirk/projects/hw9_digital_vfo/repo/hw9-dds-vfo/hw9/mplab/uni-dds-hw9.asm
                  mtxit1k   0x001400    program     static /home/dirk/projects/hw9_digital_vfo/repo/hw9-dds-vfo/hw9/mplab/uni-dds-hw9.asm
                 mtxit1k1   0x001404    program     static /home/dirk/projects/hw9_digital_vfo/repo/hw9-dds-vfo/hw9/mplab/uni-dds-hw9.asm
                 mtxit1k2   0x001405    program     static /home/dirk/projects/hw9_digital_vfo/repo/hw9-dds-vfo/hw9/mplab/uni-dds-hw9.asm
                  mtxit2k   0x00140e    program     static /home/dirk/projects/hw9_digital_vfo/repo/hw9-dds-vfo/hw9/mplab/uni-dds-hw9.asm
                 mtxit2k1   0x001412    program     static /home/dirk/projects/hw9_digital_vfo/repo/hw9-dds-vfo/hw9/mplab/uni-dds-hw9.asm
                 mtxit2k2   0x001413    program     static /home/dirk/projects/hw9_digital_vfo/repo/hw9-dds-vfo/hw9/mplab/uni-dds-hw9.asm
                    mulb2   0x001702    program     static /home/dirk/projects/hw9_digital_vfo/repo/hw9-dds-vfo/hw9/mplab/uni-dds-hw9.asm
                   mulb21   0x001706    program     static /home/dirk/projects/hw9_digital_vfo/repo/hw9-dds-vfo/hw9/mplab/uni-dds-hw9.asm
                   mulb22   0x001729    program     static /home/dirk/projects/hw9_digital_vfo/repo/hw9-dds-vfo/hw9/mplab/uni-dds-hw9.asm
                   mulb23   0x001725    program     static /home/dirk/projects/hw9_digital_vfo/repo/hw9-dds-vfo/hw9/mplab/uni-dds-hw9.asm
                   mulb24   0x00171f    program     static /home/dirk/projects/hw9_digital_vfo/repo/hw9-dds-vfo/hw9/mplab/uni-dds-hw9.asm
                   mulb25   0x001712    program     static /home/dirk/projects/hw9_digital_vfo/repo/hw9-dds-vfo/hw9/mplab/uni-dds-hw9.asm
                   muldds   0x00049b    program     static /home/dirk/projects/hw9_digital_vfo/repo/hw9-dds-vfo/hw9/mplab/uni-dds-hw9.asm
                  muldds1   0x0004a5    program     static /home/dirk/projects/hw9_digital_vfo/repo/hw9-dds-vfo/hw9/mplab/uni-dds-hw9.asm
                  muldds2   0x0004ca    program     static /home/dirk/projects/hw9_digital_vfo/repo/hw9-dds-vfo/hw9/mplab/uni-dds-hw9.asm
                  muldds3   0x0004c6    program     static /home/dirk/projects/hw9_digital_vfo/repo/hw9-dds-vfo/hw9/mplab/uni-dds-hw9.asm
                  muldds4   0x0004c0    program     static /home/dirk/projects/hw9_digital_vfo/repo/hw9-dds-vfo/hw9/mplab/uni-dds-hw9.asm
                  muldds5   0x0004b3    program     static /home/dirk/projects/hw9_digital_vfo/repo/hw9-dds-vfo/hw9/mplab/uni-dds-hw9.asm
                mulramclr   0x0004d6    program     static /home/dirk/projects/hw9_digital_vfo/repo/hw9-dds-vfo/hw9/mplab/uni-dds-hw9.asm
               mulramclr1   0x0004d8    program     static /home/dirk/projects/hw9_digital_vfo/repo/hw9-dds-vfo/hw9/mplab/uni-dds-hw9.asm
               mulramclr2   0x0004df    program     static /home/dirk/projects/hw9_digital_vfo/repo/hw9-dds-vfo/hw9/mplab/uni-dds-hw9.asm
                   mvfoab   0x0010d3    program     static /home/dirk/projects/hw9_digital_vfo/repo/hw9-dds-vfo/hw9/mplab/uni-dds-hw9.asm
                  mvfoab1   0x0010d7    program     static /home/dirk/projects/hw9_digital_vfo/repo/hw9-dds-vfo/hw9/mplab/uni-dds-hw9.asm
                  mvfoab2   0x0010d8    program     static /home/dirk/projects/hw9_digital_vfo/repo/hw9-dds-vfo/hw9/mplab/uni-dds-hw9.asm
                   mxit1k   0x00110e    program     static /home/dirk/projects/hw9_digital_vfo/repo/hw9-dds-vfo/hw9/mplab/uni-dds-hw9.asm
                   mxit2k   0x001128    program     static /home/dirk/projects/hw9_digital_vfo/repo/hw9-dds-vfo/hw9/mplab/uni-dds-hw9.asm
                  nr2ddsH   0x001817    program     static /home/dirk/projects/hw9_digital_vfo/repo/hw9-dds-vfo/hw9/mplab/uni-dds-hw9.asm
                  nr2ddsL   0x001812    program     static /home/dirk/projects/hw9_digital_vfo/repo/hw9-dds-vfo/hw9/mplab/uni-dds-hw9.asm
                  nr2vfoH   0x001800    program     static /home/dirk/projects/hw9_digital_vfo/repo/hw9-dds-vfo/hw9/mplab/uni-dds-hw9.asm
                  nr2vfoL   0x001809    program     static /home/dirk/projects/hw9_digital_vfo/repo/hw9-dds-vfo/hw9/mplab/uni-dds-hw9.asm
                   nr2zfH   0x00181c    program     static /home/dirk/projects/hw9_digital_vfo/repo/hw9-dds-vfo/hw9/mplab/uni-dds-hw9.asm
                   nr2zfL   0x00181f    program     static /home/dirk/projects/hw9_digital_vfo/repo/hw9-dds-vfo/hw9/mplab/uni-dds-hw9.asm
                    punkt   0x0005f3    program     static /home/dirk/projects/hw9_digital_vfo/repo/hw9-dds-vfo/hw9/mplab/uni-dds-hw9.asm
                   punkt3   0x000605    program     static /home/dirk/projects/hw9_digital_vfo/repo/hw9-dds-vfo/hw9/mplab/uni-dds-hw9.asm
                   punkt5   0x00060c    program     static /home/dirk/projects/hw9_digital_vfo/repo/hw9-dds-vfo/hw9/mplab/uni-dds-hw9.asm
                  ramclr1   0x000102    program     static /home/dirk/projects/hw9_digital_vfo/repo/hw9-dds-vfo/hw9/mplab/uni-dds-hw9.asm
               rom2eeprom   0x00190d    program     static /home/dirk/projects/hw9_digital_vfo/repo/hw9-dds-vfo/hw9/mplab/uni-dds-hw9.asm
                rx_to_dds   0x000538    program     static /home/dirk/projects/hw9_digital_vfo/repo/hw9-dds-vfo/hw9/mplab/uni-dds-hw9.asm
                   sanz01   0x0012b5    program     static /home/dirk/projects/hw9_digital_vfo/repo/hw9-dds-vfo/hw9/mplab/uni-dds-hw9.asm
                 sanz01_1   0x00126e    program     static /home/dirk/projects/hw9_digital_vfo/repo/hw9-dds-vfo/hw9/mplab/uni-dds-hw9.asm
                 sanz01_2   0x00125c    program     static /home/dirk/projects/hw9_digital_vfo/repo/hw9-dds-vfo/hw9/mplab/uni-dds-hw9.asm
                 sanz01_3   0x001266    program     static /home/dirk/projects/hw9_digital_vfo/repo/hw9-dds-vfo/hw9/mplab/uni-dds-hw9.asm
                   sanz02   0x0012d8    program     static /home/dirk/projects/hw9_digital_vfo/repo/hw9-dds-vfo/hw9/mplab/uni-dds-hw9.asm
                   sanz03   0x0012cc    program     static /home/dirk/projects/hw9_digital_vfo/repo/hw9-dds-vfo/hw9/mplab/uni-dds-hw9.asm
                   sanz04   0x0012d8    program     static /home/dirk/projects/hw9_digital_vfo/repo/hw9-dds-vfo/hw9/mplab/uni-dds-hw9.asm
                   scan01   0x0015b4    program     static /home/dirk/projects/hw9_digital_vfo/repo/hw9-dds-vfo/hw9/mplab/uni-dds-hw9.asm
                   scan02   0x0015d1    program     static /home/dirk/projects/hw9_digital_vfo/repo/hw9-dds-vfo/hw9/mplab/uni-dds-hw9.asm
                   scan03   0x0015d6    program     static /home/dirk/projects/hw9_digital_vfo/repo/hw9-dds-vfo/hw9/mplab/uni-dds-hw9.asm
                   scan04   0x001602    program     static /home/dirk/projects/hw9_digital_vfo/repo/hw9-dds-vfo/hw9/mplab/uni-dds-hw9.asm
                   scan05   0x0015e2    program     static /home/dirk/projects/hw9_digital_vfo/repo/hw9-dds-vfo/hw9/mplab/uni-dds-hw9.asm
                   scan98   0x001627    program     static /home/dirk/projects/hw9_digital_vfo/repo/hw9-dds-vfo/hw9/mplab/uni-dds-hw9.asm
                   scan99   0x001631    program     static /home/dirk/projects/hw9_digital_vfo/repo/hw9-dds-vfo/hw9/mplab/uni-dds-hw9.asm
                   sm1mhz   0x001157    program     static /home/dirk/projects/hw9_digital_vfo/repo/hw9-dds-vfo/hw9/mplab/uni-dds-hw9.asm
                 sm1mhz01   0x00115b    program     static /home/dirk/projects/hw9_digital_vfo/repo/hw9-dds-vfo/hw9/mplab/uni-dds-hw9.asm
                  smbreak   0x001163    program     static /home/dirk/projects/hw9_digital_vfo/repo/hw9-dds-vfo/hw9/mplab/uni-dds-hw9.asm
               smddskonst   0x001167    program     static /home/dirk/projects/hw9_digital_vfo/repo/hw9-dds-vfo/hw9/mplab/uni-dds-hw9.asm
                smdefault   0x0018ba    program     static /home/dirk/projects/hw9_digital_vfo/repo/hw9-dds-vfo/hw9/mplab/uni-dds-hw9.asm
              smdefault_1   0x001175    program     static /home/dirk/projects/hw9_digital_vfo/repo/hw9-dds-vfo/hw9/mplab/uni-dds-hw9.asm
                   smedit   0x00118f    program     static /home/dirk/projects/hw9_digital_vfo/repo/hw9-dds-vfo/hw9/mplab/uni-dds-hw9.asm
                 smedit01   0x0011a8    program     static /home/dirk/projects/hw9_digital_vfo/repo/hw9-dds-vfo/hw9/mplab/uni-dds-hw9.asm
               smedit01_1   0x0011a1    program     static /home/dirk/projects/hw9_digital_vfo/repo/hw9-dds-vfo/hw9/mplab/uni-dds-hw9.asm
                 smedit03   0x0011d5    program     static /home/dirk/projects/hw9_digital_vfo/repo/hw9-dds-vfo/hw9/mplab/uni-dds-hw9.asm
                 smedit04   0x0011aa    program     static /home/dirk/projects/hw9_digital_vfo/repo/hw9-dds-vfo/hw9/mplab/uni-dds-hw9.asm
                 smedit05   0x001209    program     static /home/dirk/projects/hw9_digital_vfo/repo/hw9-dds-vfo/hw9/mplab/uni-dds-hw9.asm
                 smedit06   0x0011cf    program     static /home/dirk/projects/hw9_digital_vfo/repo/hw9-dds-vfo/hw9/mplab/uni-dds-hw9.asm
                 smedit07   0x0011c8    program     static /home/dirk/projects/hw9_digital_vfo/repo/hw9-dds-vfo/hw9/mplab/uni-dds-hw9.asm
               smedit07_1   0x0011c7    program     static /home/dirk/projects/hw9_digital_vfo/repo/hw9-dds-vfo/hw9/mplab/uni-dds-hw9.asm
                 smedit08   0x0011cf    program     static /home/dirk/projects/hw9_digital_vfo/repo/hw9-dds-vfo/hw9/mplab/uni-dds-hw9.asm
                 smedit09   0x00120c    program     static /home/dirk/projects/hw9_digital_vfo/repo/hw9-dds-vfo/hw9/mplab/uni-dds-hw9.asm
                 smedit10   0x0011f0    program     static /home/dirk/projects/hw9_digital_vfo/repo/hw9-dds-vfo/hw9/mplab/uni-dds-hw9.asm
                 smedit11   0x0011ff    program     static /home/dirk/projects/hw9_digital_vfo/repo/hw9-dds-vfo/hw9/mplab/uni-dds-hw9.asm
                 smedit12   0x0011e9    program     static /home/dirk/projects/hw9_digital_vfo/repo/hw9-dds-vfo/hw9/mplab/uni-dds-hw9.asm
                 smedit13   0x0011f0    program     static /home/dirk/projects/hw9_digital_vfo/repo/hw9-dds-vfo/hw9/mplab/uni-dds-hw9.asm
                 smedit14   0x0011fb    program     static /home/dirk/projects/hw9_digital_vfo/repo/hw9-dds-vfo/hw9/mplab/uni-dds-hw9.asm
                 smedit15   0x0011ff    program     static /home/dirk/projects/hw9_digital_vfo/repo/hw9-dds-vfo/hw9/mplab/uni-dds-hw9.asm
               smedit_bcd   0x001189    program     static /home/dirk/projects/hw9_digital_vfo/repo/hw9-dds-vfo/hw9/mplab/uni-dds-hw9.asm
               smedit_hex   0x001187    program     static /home/dirk/projects/hw9_digital_vfo/repo/hw9-dds-vfo/hw9/mplab/uni-dds-hw9.asm
           smedit_hex_bcd   0x00118c    program     static /home/dirk/projects/hw9_digital_vfo/repo/hw9-dds-vfo/hw9/mplab/uni-dds-hw9.asm
             smenuanzeige   0x001000    program     static /home/dirk/projects/hw9_digital_vfo/repo/hw9-dds-vfo/hw9/mplab/uni-dds-hw9.asm
          smenuausfuehren   0x001025    program     static /home/dirk/projects/hw9_digital_vfo/repo/hw9-dds-vfo/hw9/mplab/uni-dds-hw9.asm
                smscanbeg   0x001171    program     static /home/dirk/projects/hw9_digital_vfo/repo/hw9-dds-vfo/hw9/mplab/uni-dds-hw9.asm
                smscanend   0x001173    program     static /home/dirk/projects/hw9_digital_vfo/repo/hw9-dds-vfo/hw9/mplab/uni-dds-hw9.asm
                   smsm01   0x00194d    program     static /home/dirk/projects/hw9_digital_vfo/repo/hw9-dds-vfo/hw9/mplab/uni-dds-hw9.asm
                   smsm02   0x001954    program     static /home/dirk/projects/hw9_digital_vfo/repo/hw9-dds-vfo/hw9/mplab/uni-dds-hw9.asm
                   smsm03   0x00199d    program     static /home/dirk/projects/hw9_digital_vfo/repo/hw9-dds-vfo/hw9/mplab/uni-dds-hw9.asm
                   smsm04   0x0019a4    program     static /home/dirk/projects/hw9_digital_vfo/repo/hw9-dds-vfo/hw9/mplab/uni-dds-hw9.asm
                 smsmeter   0x00105c    program     static /home/dirk/projects/hw9_digital_vfo/repo/hw9-dds-vfo/hw9/mplab/uni-dds-hw9.asm
                  smt1mhz   0x001364    program     static /home/dirk/projects/hw9_digital_vfo/repo/hw9-dds-vfo/hw9/mplab/uni-dds-hw9.asm
                smt1mhz01   0x001377    program     static /home/dirk/projects/hw9_digital_vfo/repo/hw9-dds-vfo/hw9/mplab/uni-dds-hw9.asm
                 smtbreak   0x0012e4    program     static /home/dirk/projects/hw9_digital_vfo/repo/hw9-dds-vfo/hw9/mplab/uni-dds-hw9.asm
              smtddskonst   0x0012ed    program     static /home/dirk/projects/hw9_digital_vfo/repo/hw9-dds-vfo/hw9/mplab/uni-dds-hw9.asm
               smtdefault   0x001380    program     static /home/dirk/projects/hw9_digital_vfo/repo/hw9-dds-vfo/hw9/mplab/uni-dds-hw9.asm
               smtscanbeg   0x001311    program     static /home/dirk/projects/hw9_digital_vfo/repo/hw9-dds-vfo/hw9/mplab/uni-dds-hw9.asm
               smtscanend   0x00131a    program     static /home/dirk/projects/hw9_digital_vfo/repo/hw9-dds-vfo/hw9/mplab/uni-dds-hw9.asm
                smtsmeter   0x001323    program     static /home/dirk/projects/hw9_digital_vfo/repo/hw9-dds-vfo/hw9/mplab/uni-dds-hw9.asm
                  smttxzf   0x001348    program     static /home/dirk/projects/hw9_digital_vfo/repo/hw9-dds-vfo/hw9/mplab/uni-dds-hw9.asm
                smttxzf01   0x00135b    program     static /home/dirk/projects/hw9_digital_vfo/repo/hw9-dds-vfo/hw9/mplab/uni-dds-hw9.asm
                  smtvfoa   0x0012f6    program     static /home/dirk/projects/hw9_digital_vfo/repo/hw9-dds-vfo/hw9/mplab/uni-dds-hw9.asm
                  smtvfob   0x0012ff    program     static /home/dirk/projects/hw9_digital_vfo/repo/hw9-dds-vfo/hw9/mplab/uni-dds-hw9.asm
                 smtvfozf   0x00132c    program     static /home/dirk/projects/hw9_digital_vfo/repo/hw9-dds-vfo/hw9/mplab/uni-dds-hw9.asm
               smtvfozf01   0x00133f    program     static /home/dirk/projects/hw9_digital_vfo/repo/hw9-dds-vfo/hw9/mplab/uni-dds-hw9.asm
                   smtxzf   0x001151    program     static /home/dirk/projects/hw9_digital_vfo/repo/hw9-dds-vfo/hw9/mplab/uni-dds-hw9.asm
                 smtxzf01   0x001155    program     static /home/dirk/projects/hw9_digital_vfo/repo/hw9-dds-vfo/hw9/mplab/uni-dds-hw9.asm
                    smtzf   0x001308    program     static /home/dirk/projects/hw9_digital_vfo/repo/hw9-dds-vfo/hw9/mplab/uni-dds-hw9.asm
                   smvfoa   0x00116a    program     static /home/dirk/projects/hw9_digital_vfo/repo/hw9-dds-vfo/hw9/mplab/uni-dds-hw9.asm
                   smvfob   0x00116c    program     static /home/dirk/projects/hw9_digital_vfo/repo/hw9-dds-vfo/hw9/mplab/uni-dds-hw9.asm
                  smvfozf   0x00115d    program     static /home/dirk/projects/hw9_digital_vfo/repo/hw9-dds-vfo/hw9/mplab/uni-dds-hw9.asm
                smvfozf01   0x001161    program     static /home/dirk/projects/hw9_digital_vfo/repo/hw9-dds-vfo/hw9/mplab/uni-dds-hw9.asm
                     smzf   0x00116e    program     static /home/dirk/projects/hw9_digital_vfo/repo/hw9-dds-vfo/hw9/mplab/uni-dds-hw9.asm
                   st1mhz   0x000ada    program     static /home/dirk/projects/hw9_digital_vfo/repo/hw9-dds-vfo/hw9/mplab/uni-dds-hw9.asm
                    start   0x000000    program     static /home/dirk/projects/hw9_digital_vfo/repo/hw9-dds-vfo/hw9/mplab/uni-dds-hw9.asm
                  stbreak   0x000a26    program     static /home/dirk/projects/hw9_digital_vfo/repo/hw9-dds-vfo/hw9/mplab/uni-dds-hw9.asm
               stddskonst   0x000a38    program     static /home/dirk/projects/hw9_digital_vfo/repo/hw9-dds-vfo/hw9/mplab/uni-dds-hw9.asm
                stdefault   0x000aec    program     static /home/dirk/projects/hw9_digital_vfo/repo/hw9-dds-vfo/hw9/mplab/uni-dds-hw9.asm
                  stepadd   0x000396    program     static /home/dirk/projects/hw9_digital_vfo/repo/hw9-dds-vfo/hw9/mplab/uni-dds-hw9.asm
                  stepsub   0x0003e7    program     static /home/dirk/projects/hw9_digital_vfo/repo/hw9-dds-vfo/hw9/mplab/uni-dds-hw9.asm
                stscanbeg   0x000a80    program     static /home/dirk/projects/hw9_digital_vfo/repo/hw9-dds-vfo/hw9/mplab/uni-dds-hw9.asm
                stscanend   0x000a92    program     static /home/dirk/projects/hw9_digital_vfo/repo/hw9-dds-vfo/hw9/mplab/uni-dds-hw9.asm
                 stsmeter   0x000aa4    program     static /home/dirk/projects/hw9_digital_vfo/repo/hw9-dds-vfo/hw9/mplab/uni-dds-hw9.asm
                   sttxzf   0x000ac8    program     static /home/dirk/projects/hw9_digital_vfo/repo/hw9-dds-vfo/hw9/mplab/uni-dds-hw9.asm
                   stvfoa   0x000a4a    program     static /home/dirk/projects/hw9_digital_vfo/repo/hw9-dds-vfo/hw9/mplab/uni-dds-hw9.asm
                   stvfob   0x000a5c    program     static /home/dirk/projects/hw9_digital_vfo/repo/hw9-dds-vfo/hw9/mplab/uni-dds-hw9.asm
                  stvfozf   0x000ab6    program     static /home/dirk/projects/hw9_digital_vfo/repo/hw9-dds-vfo/hw9/mplab/uni-dds-hw9.asm
                     stzf   0x000a6e    program     static /home/dirk/projects/hw9_digital_vfo/repo/hw9-dds-vfo/hw9/mplab/uni-dds-hw9.asm
                    subzf   0x000477    program     static /home/dirk/projects/hw9_digital_vfo/repo/hw9-dds-vfo/hw9/mplab/uni-dds-hw9.asm
                 t100mSek   0x00011f    program     static /home/dirk/projects/hw9_digital_vfo/repo/hw9-dds-vfo/hw9/mplab/uni-dds-hw9.asm
                  t10mSek   0x000123    program     static /home/dirk/projects/hw9_digital_vfo/repo/hw9-dds-vfo/hw9/mplab/uni-dds-hw9.asm
                    t1Sek   0x000117    program     static /home/dirk/projects/hw9_digital_vfo/repo/hw9-dds-vfo/hw9/mplab/uni-dds-hw9.asm
                   t1mSek   0x000129    program     static /home/dirk/projects/hw9_digital_vfo/repo/hw9-dds-vfo/hw9/mplab/uni-dds-hw9.asm
                 t250mSek   0x00011d    program     static /home/dirk/projects/hw9_digital_vfo/repo/hw9-dds-vfo/hw9/mplab/uni-dds-hw9.asm
                   t3mSek   0x000127    program     static /home/dirk/projects/hw9_digital_vfo/repo/hw9-dds-vfo/hw9/mplab/uni-dds-hw9.asm
                  t50mSek   0x000121    program     static /home/dirk/projects/hw9_digital_vfo/repo/hw9-dds-vfo/hw9/mplab/uni-dds-hw9.asm
                   t5mSek   0x000125    program     static /home/dirk/projects/hw9_digital_vfo/repo/hw9-dds-vfo/hw9/mplab/uni-dds-hw9.asm
           tastaturstatus   0x000372    program     static /home/dirk/projects/hw9_digital_vfo/repo/hw9-dds-vfo/hw9/mplab/uni-dds-hw9.asm
                   tbreak   0x000960    program     static /home/dirk/projects/hw9_digital_vfo/repo/hw9-dds-vfo/hw9/mplab/uni-dds-hw9.asm
                   text10   0x0008be    program     static /home/dirk/projects/hw9_digital_vfo/repo/hw9-dds-vfo/hw9/mplab/uni-dds-hw9.asm
                   text11   0x0008d0    program     static /home/dirk/projects/hw9_digital_vfo/repo/hw9-dds-vfo/hw9/mplab/uni-dds-hw9.asm
                   text12   0x0008e2    program     static /home/dirk/projects/hw9_digital_vfo/repo/hw9-dds-vfo/hw9/mplab/uni-dds-hw9.asm
                   text13   0x0008f4    program     static /home/dirk/projects/hw9_digital_vfo/repo/hw9-dds-vfo/hw9/mplab/uni-dds-hw9.asm
                   text14   0x000906    program     static /home/dirk/projects/hw9_digital_vfo/repo/hw9-dds-vfo/hw9/mplab/uni-dds-hw9.asm
                   text15   0x000918    program     static /home/dirk/projects/hw9_digital_vfo/repo/hw9-dds-vfo/hw9/mplab/uni-dds-hw9.asm
                   text16   0x00092a    program     static /home/dirk/projects/hw9_digital_vfo/repo/hw9-dds-vfo/hw9/mplab/uni-dds-hw9.asm
                    text3   0x000884    program     static /home/dirk/projects/hw9_digital_vfo/repo/hw9-dds-vfo/hw9/mplab/uni-dds-hw9.asm
                    text4   0x00088b    program     static /home/dirk/projects/hw9_digital_vfo/repo/hw9-dds-vfo/hw9/mplab/uni-dds-hw9.asm
                    text5   0x000892    program     static /home/dirk/projects/hw9_digital_vfo/repo/hw9-dds-vfo/hw9/mplab/uni-dds-hw9.asm
                    text6   0x000898    program     static /home/dirk/projects/hw9_digital_vfo/repo/hw9-dds-vfo/hw9/mplab/uni-dds-hw9.asm
                    text7   0x0008a2    program     static /home/dirk/projects/hw9_digital_vfo/repo/hw9-dds-vfo/hw9/mplab/uni-dds-hw9.asm
                    text8   0x0008ac    program     static /home/dirk/projects/hw9_digital_vfo/repo/hw9-dds-vfo/hw9/mplab/uni-dds-hw9.asm
                    text9   0x0008b5    program     static /home/dirk/projects/hw9_digital_vfo/repo/hw9-dds-vfo/hw9/mplab/uni-dds-hw9.asm
                   textc1   0x000860    program     static /home/dirk/projects/hw9_digital_vfo/repo/hw9-dds-vfo/hw9/mplab/uni-dds-hw9.asm
                   textc2   0x000842    program     static /home/dirk/projects/hw9_digital_vfo/repo/hw9-dds-vfo/hw9/mplab/uni-dds-hw9.asm
                   textc3   0x000872    program     static /home/dirk/projects/hw9_digital_vfo/repo/hw9-dds-vfo/hw9/mplab/uni-dds-hw9.asm
                   textc4   0x00084e    program     static /home/dirk/projects/hw9_digital_vfo/repo/hw9-dds-vfo/hw9/mplab/uni-dds-hw9.asm
                  textoff   0x00094e    program     static /home/dirk/projects/hw9_digital_vfo/repo/hw9-dds-vfo/hw9/mplab/uni-dds-hw9.asm
                   texton   0x00093c    program     static /home/dirk/projects/hw9_digital_vfo/repo/hw9-dds-vfo/hw9/mplab/uni-dds-hw9.asm
                   tkeyer   0x0009cc    program     static /home/dirk/projects/hw9_digital_vfo/repo/hw9-dds-vfo/hw9/mplab/uni-dds-hw9.asm
                   tlight   0x000984    program     static /home/dirk/projects/hw9_digital_vfo/repo/hw9-dds-vfo/hw9/mplab/uni-dds-hw9.asm
               tlightauto   0x000996    program     static /home/dirk/projects/hw9_digital_vfo/repo/hw9-dds-vfo/hw9/mplab/uni-dds-hw9.asm
                     trit   0x000a14    program     static /home/dirk/projects/hw9_digital_vfo/repo/hw9-dds-vfo/hw9/mplab/uni-dds-hw9.asm
                    tscan   0x0009a8    program     static /home/dirk/projects/hw9_digital_vfo/repo/hw9-dds-vfo/hw9/mplab/uni-dds-hw9.asm
                   tsetup   0x0009ba    program     static /home/dirk/projects/hw9_digital_vfo/repo/hw9-dds-vfo/hw9/mplab/uni-dds-hw9.asm
                    ttune   0x0009de    program     static /home/dirk/projects/hw9_digital_vfo/repo/hw9-dds-vfo/hw9/mplab/uni-dds-hw9.asm
                   tvfoab   0x000972    program     static /home/dirk/projects/hw9_digital_vfo/repo/hw9-dds-vfo/hw9/mplab/uni-dds-hw9.asm
                tx_to_dds   0x00052d    program     static /home/dirk/projects/hw9_digital_vfo/repo/hw9-dds-vfo/hw9/mplab/uni-dds-hw9.asm
                   txit1k   0x0009f0    program     static /home/dirk/projects/hw9_digital_vfo/repo/hw9-dds-vfo/hw9/mplab/uni-dds-hw9.asm
                   txit2k   0x000a02    program     static /home/dirk/projects/hw9_digital_vfo/repo/hw9-dds-vfo/hw9/mplab/uni-dds-hw9.asm
                    u2bpm   0x000064    program     static /home/dirk/projects/hw9_digital_vfo/repo/hw9-dds-vfo/hw9/mplab/uni-dds-hw9.asm
                    u2pwr   0x000800    program     static /home/dirk/projects/hw9_digital_vfo/repo/hw9-dds-vfo/hw9/mplab/uni-dds-hw9.asm
                   uagc2s   0x00104a    program     static /home/dirk/projects/hw9_digital_vfo/repo/hw9-dds-vfo/hw9/mplab/uni-dds-hw9.asm
                ubatt_mul   0x0005bd    program     static /home/dirk/projects/hw9_digital_vfo/repo/hw9-dds-vfo/hw9/mplab/uni-dds-hw9.asm
                    ubme1   0x0005b9    program     static /home/dirk/projects/hw9_digital_vfo/repo/hw9-dds-vfo/hw9/mplab/uni-dds-hw9.asm
                 ukey2anz   0x0000a1    program     static /home/dirk/projects/hw9_digital_vfo/repo/hw9-dds-vfo/hw9/mplab/uni-dds-hw9.asm
                ukey2msek   0x000076    program     static /home/dirk/projects/hw9_digital_vfo/repo/hw9-dds-vfo/hw9/mplab/uni-dds-hw9.asm
                      um1   0x0005c5    program     static /home/dirk/projects/hw9_digital_vfo/repo/hw9-dds-vfo/hw9/mplab/uni-dds-hw9.asm
                      um2   0x0005ce    program     static /home/dirk/projects/hw9_digital_vfo/repo/hw9-dds-vfo/hw9/mplab/uni-dds-hw9.asm
                     vfo0   0x001826    program     static /home/dirk/projects/hw9_digital_vfo/repo/hw9-dds-vfo/hw9/mplab/uni-dds-hw9.asm
                     vfo1   0x001836    program     static /home/dirk/projects/hw9_digital_vfo/repo/hw9-dds-vfo/hw9/mplab/uni-dds-hw9.asm
                     vfo2   0x001846    program     static /home/dirk/projects/hw9_digital_vfo/repo/hw9-dds-vfo/hw9/mplab/uni-dds-hw9.asm
                     vfo3   0x001856    program     static /home/dirk/projects/hw9_digital_vfo/repo/hw9-dds-vfo/hw9/mplab/uni-dds-hw9.asm
                     vfo4   0x001866    program     static /home/dirk/projects/hw9_digital_vfo/repo/hw9-dds-vfo/hw9/mplab/uni-dds-hw9.asm
                     vfo5   0x001876    program     static /home/dirk/projects/hw9_digital_vfo/repo/hw9-dds-vfo/hw9/mplab/uni-dds-hw9.asm
                     vfo6   0x001886    program     static /home/dirk/projects/hw9_digital_vfo/repo/hw9-dds-vfo/hw9/mplab/uni-dds-hw9.asm
                     vfo7   0x001896    program     static /home/dirk/projects/hw9_digital_vfo/repo/hw9-dds-vfo/hw9/mplab/uni-dds-hw9.asm
                vfoa2vfob   0x0010fc    program     static /home/dirk/projects/hw9_digital_vfo/repo/hw9-dds-vfo/hw9/mplab/uni-dds-hw9.asm
                vfob2vfoa   0x001105    program     static /home/dirk/projects/hw9_digital_vfo/repo/hw9-dds-vfo/hw9/mplab/uni-dds-hw9.asm
              word_to_dds   0x000580    program     static /home/dirk/projects/hw9_digital_vfo/repo/hw9-dds-vfo/hw9/mplab/uni-dds-hw9.asm
                  xit1k01   0x001114    program     static /home/dirk/projects/hw9_digital_vfo/repo/hw9-dds-vfo/hw9/mplab/uni-dds-hw9.asm
                  xit1k02   0x001115    program     static /home/dirk/projects/hw9_digital_vfo/repo/hw9-dds-vfo/hw9/mplab/uni-dds-hw9.asm
                  xit1k03   0x001126    program     static /home/dirk/projects/hw9_digital_vfo/repo/hw9-dds-vfo/hw9/mplab/uni-dds-hw9.asm
                  xit1k04   0x001127    program     static /home/dirk/projects/hw9_digital_vfo/repo/hw9-dds-vfo/hw9/mplab/uni-dds-hw9.asm
                  xit2k01   0x00112e    program     static /home/dirk/projects/hw9_digital_vfo/repo/hw9-dds-vfo/hw9/mplab/uni-dds-hw9.asm
                  xit2k02   0x00112f    program     static /home/dirk/projects/hw9_digital_vfo/repo/hw9-dds-vfo/hw9/mplab/uni-dds-hw9.asm
                  xit2k03   0x001140    program     static /home/dirk/projects/hw9_digital_vfo/repo/hw9-dds-vfo/hw9/mplab/uni-dds-hw9.asm
                  xit2k04   0x001141    program     static /home/dirk/projects/hw9_digital_vfo/repo/hw9-dds-vfo/hw9/mplab/uni-dds-hw9.asm
                      zf0   0x0018a6    program     static /home/dirk/projects/hw9_digital_vfo/repo/hw9-dds-vfo/hw9/mplab/uni-dds-hw9.asm
                      zf1   0x0018aa    program     static /home/dirk/projects/hw9_digital_vfo/repo/hw9-dds-vfo/hw9/mplab/uni-dds-hw9.asm
            zs1setzen2sek   0x000625    program     static /home/dirk/projects/hw9_digital_vfo/repo/hw9-dds-vfo/hw9/mplab/uni-dds-hw9.asm



                              Symbols - Sorted by Address
                     Name    Address   Location    Storage File                     
                ---------  ---------  ---------  --------- ---------                
                    PAGE0   0x000000    program     static /home/dirk/projects/hw9_digital_vfo/repo/hw9-dds-vfo/hw9/mplab/uni-dds-hw9.asm
                    start   0x000000    program     static /home/dirk/projects/hw9_digital_vfo/repo/hw9-dds-vfo/hw9/mplab/uni-dds-hw9.asm
                      isr   0x000004    program     static /home/dirk/projects/hw9_digital_vfo/repo/hw9-dds-vfo/hw9/mplab/uni-dds-hw9.asm
                      ir2   0x00001c    program     static /home/dirk/projects/hw9_digital_vfo/repo/hw9-dds-vfo/hw9/mplab/uni-dds-hw9.asm
                     ir20   0x00001e    program     static /home/dirk/projects/hw9_digital_vfo/repo/hw9-dds-vfo/hw9/mplab/uni-dds-hw9.asm
                    ir202   0x000022    program     static /home/dirk/projects/hw9_digital_vfo/repo/hw9-dds-vfo/hw9/mplab/uni-dds-hw9.asm
                     ir21   0x000023    program     static /home/dirk/projects/hw9_digital_vfo/repo/hw9-dds-vfo/hw9/mplab/uni-dds-hw9.asm
                     ir22   0x00002b    program     static /home/dirk/projects/hw9_digital_vfo/repo/hw9-dds-vfo/hw9/mplab/uni-dds-hw9.asm
                     ir23   0x000030    program     static /home/dirk/projects/hw9_digital_vfo/repo/hw9-dds-vfo/hw9/mplab/uni-dds-hw9.asm
                      ir1   0x000031    program     static /home/dirk/projects/hw9_digital_vfo/repo/hw9-dds-vfo/hw9/mplab/uni-dds-hw9.asm
                      ir3   0x00003e    program     static /home/dirk/projects/hw9_digital_vfo/repo/hw9-dds-vfo/hw9/mplab/uni-dds-hw9.asm
                      ir4   0x000044    program     static /home/dirk/projects/hw9_digital_vfo/repo/hw9-dds-vfo/hw9/mplab/uni-dds-hw9.asm
                      ir6   0x000047    program     static /home/dirk/projects/hw9_digital_vfo/repo/hw9-dds-vfo/hw9/mplab/uni-dds-hw9.asm
                     iend   0x000049    program     static /home/dirk/projects/hw9_digital_vfo/repo/hw9-dds-vfo/hw9/mplab/uni-dds-hw9.asm
               BCDToASCII   0x000052    program     static /home/dirk/projects/hw9_digital_vfo/repo/hw9-dds-vfo/hw9/mplab/uni-dds-hw9.asm
                    u2bpm   0x000064    program     static /home/dirk/projects/hw9_digital_vfo/repo/hw9-dds-vfo/hw9/mplab/uni-dds-hw9.asm
                ukey2msek   0x000076    program     static /home/dirk/projects/hw9_digital_vfo/repo/hw9-dds-vfo/hw9/mplab/uni-dds-hw9.asm
                 ukey2anz   0x0000a1    program     static /home/dirk/projects/hw9_digital_vfo/repo/hw9-dds-vfo/hw9/mplab/uni-dds-hw9.asm
                MenuStart   0x0000c7    program     static /home/dirk/projects/hw9_digital_vfo/repo/hw9-dds-vfo/hw9/mplab/uni-dds-hw9.asm
               MenuStart1   0x0000cc    program     static /home/dirk/projects/hw9_digital_vfo/repo/hw9-dds-vfo/hw9/mplab/uni-dds-hw9.asm
               MenuStart3   0x0000d7    program     static /home/dirk/projects/hw9_digital_vfo/repo/hw9-dds-vfo/hw9/mplab/uni-dds-hw9.asm
               MenuStart2   0x0000dc    program     static /home/dirk/projects/hw9_digital_vfo/repo/hw9-dds-vfo/hw9/mplab/uni-dds-hw9.asm
           Tastegedrueckt   0x0000dd    program     static /home/dirk/projects/hw9_digital_vfo/repo/hw9-dds-vfo/hw9/mplab/uni-dds-hw9.asm
                     init   0x0000e1    program     static /home/dirk/projects/hw9_digital_vfo/repo/hw9-dds-vfo/hw9/mplab/uni-dds-hw9.asm
                  ramclr1   0x000102    program     static /home/dirk/projects/hw9_digital_vfo/repo/hw9-dds-vfo/hw9/mplab/uni-dds-hw9.asm
                     anf1   0x000109    program     static /home/dirk/projects/hw9_digital_vfo/repo/hw9-dds-vfo/hw9/mplab/uni-dds-hw9.asm
                    t1Sek   0x000117    program     static /home/dirk/projects/hw9_digital_vfo/repo/hw9-dds-vfo/hw9/mplab/uni-dds-hw9.asm
                 t250mSek   0x00011d    program     static /home/dirk/projects/hw9_digital_vfo/repo/hw9-dds-vfo/hw9/mplab/uni-dds-hw9.asm
                 t100mSek   0x00011f    program     static /home/dirk/projects/hw9_digital_vfo/repo/hw9-dds-vfo/hw9/mplab/uni-dds-hw9.asm
                    bank2   0x000120    program     static /home/dirk/projects/hw9_digital_vfo/repo/hw9-dds-vfo/hw9/mplab/uni-dds-hw9.asm
                  t50mSek   0x000121    program     static /home/dirk/projects/hw9_digital_vfo/repo/hw9-dds-vfo/hw9/mplab/uni-dds-hw9.asm
                  t10mSek   0x000123    program     static /home/dirk/projects/hw9_digital_vfo/repo/hw9-dds-vfo/hw9/mplab/uni-dds-hw9.asm
                   t5mSek   0x000125    program     static /home/dirk/projects/hw9_digital_vfo/repo/hw9-dds-vfo/hw9/mplab/uni-dds-hw9.asm
                   t3mSek   0x000127    program     static /home/dirk/projects/hw9_digital_vfo/repo/hw9-dds-vfo/hw9/mplab/uni-dds-hw9.asm
                   t1mSek   0x000129    program     static /home/dirk/projects/hw9_digital_vfo/repo/hw9-dds-vfo/hw9/mplab/uni-dds-hw9.asm
                    DELAY   0x00012a    program     static /home/dirk/projects/hw9_digital_vfo/repo/hw9-dds-vfo/hw9/mplab/uni-dds-hw9.asm
                  DELAY_1   0x00012c    program     static /home/dirk/projects/hw9_digital_vfo/repo/hw9-dds-vfo/hw9/mplab/uni-dds-hw9.asm
                  DELAY_2   0x00012f    program     static /home/dirk/projects/hw9_digital_vfo/repo/hw9-dds-vfo/hw9/mplab/uni-dds-hw9.asm
                  DELAY_3   0x000131    program     static /home/dirk/projects/hw9_digital_vfo/repo/hw9-dds-vfo/hw9/mplab/uni-dds-hw9.asm
                  DELAY_4   0x000134    program     static /home/dirk/projects/hw9_digital_vfo/repo/hw9-dds-vfo/hw9/mplab/uni-dds-hw9.asm
                  DELAY_5   0x000136    program     static /home/dirk/projects/hw9_digital_vfo/repo/hw9-dds-vfo/hw9/mplab/uni-dds-hw9.asm
                  LCDInit   0x000139    program     static /home/dirk/projects/hw9_digital_vfo/repo/hw9-dds-vfo/hw9/mplab/uni-dds-hw9.asm
                  LCDChar   0x000150    program     static /home/dirk/projects/hw9_digital_vfo/repo/hw9-dds-vfo/hw9/mplab/uni-dds-hw9.asm
                   LCDCom   0x00015a    program     static /home/dirk/projects/hw9_digital_vfo/repo/hw9-dds-vfo/hw9/mplab/uni-dds-hw9.asm
               LCDAusgabe   0x000161    program     static /home/dirk/projects/hw9_digital_vfo/repo/hw9-dds-vfo/hw9/mplab/uni-dds-hw9.asm
                   Enable   0x000164    program     static /home/dirk/projects/hw9_digital_vfo/repo/hw9-dds-vfo/hw9/mplab/uni-dds-hw9.asm
                   LCDRdy   0x000167    program     static /home/dirk/projects/hw9_digital_vfo/repo/hw9-dds-vfo/hw9/mplab/uni-dds-hw9.asm
                  LCDRdy1   0x000170    program     static /home/dirk/projects/hw9_digital_vfo/repo/hw9-dds-vfo/hw9/mplab/uni-dds-hw9.asm
          LCDDisplayClear   0x000184    program     static /home/dirk/projects/hw9_digital_vfo/repo/hw9-dds-vfo/hw9/mplab/uni-dds-hw9.asm
            LCDCursorHome   0x000186    program     static /home/dirk/projects/hw9_digital_vfo/repo/hw9-dds-vfo/hw9/mplab/uni-dds-hw9.asm
          LCDCursorZeile1   0x000188    program     static /home/dirk/projects/hw9_digital_vfo/repo/hw9-dds-vfo/hw9/mplab/uni-dds-hw9.asm
          LCDCursorZeile2   0x00018a    program     static /home/dirk/projects/hw9_digital_vfo/repo/hw9-dds-vfo/hw9/mplab/uni-dds-hw9.asm
                   LCDPos   0x00018c    program     static /home/dirk/projects/hw9_digital_vfo/repo/hw9-dds-vfo/hw9/mplab/uni-dds-hw9.asm
                LCDString   0x00018e    program     static /home/dirk/projects/hw9_digital_vfo/repo/hw9-dds-vfo/hw9/mplab/uni-dds-hw9.asm
               LCDString3   0x000196    program     static /home/dirk/projects/hw9_digital_vfo/repo/hw9-dds-vfo/hw9/mplab/uni-dds-hw9.asm
                    bank3   0x0001a0    program     static /home/dirk/projects/hw9_digital_vfo/repo/hw9-dds-vfo/hw9/mplab/uni-dds-hw9.asm
               LCDString1   0x0001a8    program     static /home/dirk/projects/hw9_digital_vfo/repo/hw9-dds-vfo/hw9/mplab/uni-dds-hw9.asm
               LCDString2   0x0001ab    program     static /home/dirk/projects/hw9_digital_vfo/repo/hw9-dds-vfo/hw9/mplab/uni-dds-hw9.asm
                 LCDSpace   0x0001c1    program     static /home/dirk/projects/hw9_digital_vfo/repo/hw9-dds-vfo/hw9/mplab/uni-dds-hw9.asm
                   LCDHEX   0x0001c3    program     static /home/dirk/projects/hw9_digital_vfo/repo/hw9-dds-vfo/hw9/mplab/uni-dds-hw9.asm
                    haupt   0x0001ca    program     static /home/dirk/projects/hw9_digital_vfo/repo/hw9-dds-vfo/hw9/mplab/uni-dds-hw9.asm
                 haupt0_2   0x0001d8    program     static /home/dirk/projects/hw9_digital_vfo/repo/hw9-dds-vfo/hw9/mplab/uni-dds-hw9.asm
                 haupt0_5   0x0001ec    program     static /home/dirk/projects/hw9_digital_vfo/repo/hw9-dds-vfo/hw9/mplab/uni-dds-hw9.asm
                 haupt0_4   0x0001f7    program     static /home/dirk/projects/hw9_digital_vfo/repo/hw9-dds-vfo/hw9/mplab/uni-dds-hw9.asm
                 haupt0_3   0x000207    program     static /home/dirk/projects/hw9_digital_vfo/repo/hw9-dds-vfo/hw9/mplab/uni-dds-hw9.asm
                 haupt0_1   0x00020e    program     static /home/dirk/projects/hw9_digital_vfo/repo/hw9-dds-vfo/hw9/mplab/uni-dds-hw9.asm
                   haupt1   0x00021a    program     static /home/dirk/projects/hw9_digital_vfo/repo/hw9-dds-vfo/hw9/mplab/uni-dds-hw9.asm
                   haupt2   0x000226    program     static /home/dirk/projects/hw9_digital_vfo/repo/hw9-dds-vfo/hw9/mplab/uni-dds-hw9.asm
                   haupt3   0x00022a    program     static /home/dirk/projects/hw9_digital_vfo/repo/hw9-dds-vfo/hw9/mplab/uni-dds-hw9.asm
                   haupt4   0x00022e    program     static /home/dirk/projects/hw9_digital_vfo/repo/hw9-dds-vfo/hw9/mplab/uni-dds-hw9.asm
[...]
               smtscanend   0x00131a    program     static /home/dirk/projects/hw9_digital_vfo/repo/hw9-dds-vfo/hw9/mplab/uni-dds-hw9.asm
                smtsmeter   0x001323    program     static /home/dirk/projects/hw9_digital_vfo/repo/hw9-dds-vfo/hw9/mplab/uni-dds-hw9.asm
                 smtvfozf   0x00132c    program     static /home/dirk/projects/hw9_digital_vfo/repo/hw9-dds-vfo/hw9/mplab/uni-dds-hw9.asm
               smtvfozf01   0x00133f    program     static /home/dirk/projects/hw9_digital_vfo/repo/hw9-dds-vfo/hw9/mplab/uni-dds-hw9.asm
                  smttxzf   0x001348    program     static /home/dirk/projects/hw9_digital_vfo/repo/hw9-dds-vfo/hw9/mplab/uni-dds-hw9.asm
                smttxzf01   0x00135b    program     static /home/dirk/projects/hw9_digital_vfo/repo/hw9-dds-vfo/hw9/mplab/uni-dds-hw9.asm
                  smt1mhz   0x001364    program     static /home/dirk/projects/hw9_digital_vfo/repo/hw9-dds-vfo/hw9/mplab/uni-dds-hw9.asm
                smt1mhz01   0x001377    program     static /home/dirk/projects/hw9_digital_vfo/repo/hw9-dds-vfo/hw9/mplab/uni-dds-hw9.asm
               smtdefault   0x001380    program     static /home/dirk/projects/hw9_digital_vfo/repo/hw9-dds-vfo/hw9/mplab/uni-dds-hw9.asm
                     mton   0x001389    program     static /home/dirk/projects/hw9_digital_vfo/repo/hw9-dds-vfo/hw9/mplab/uni-dds-hw9.asm
                    mtoff   0x001392    program     static /home/dirk/projects/hw9_digital_vfo/repo/hw9-dds-vfo/hw9/mplab/uni-dds-hw9.asm
                  mtbreak   0x00139b    program     static /home/dirk/projects/hw9_digital_vfo/repo/hw9-dds-vfo/hw9/mplab/uni-dds-hw9.asm
                   mtscan   0x0013a4    program     static /home/dirk/projects/hw9_digital_vfo/repo/hw9-dds-vfo/hw9/mplab/uni-dds-hw9.asm
                  mtsetup   0x0013ad    program     static /home/dirk/projects/hw9_digital_vfo/repo/hw9-dds-vfo/hw9/mplab/uni-dds-hw9.asm
                  mtkeyer   0x0013b6    program     static /home/dirk/projects/hw9_digital_vfo/repo/hw9-dds-vfo/hw9/mplab/uni-dds-hw9.asm
                 mtkeyer1   0x0013ba    program     static /home/dirk/projects/hw9_digital_vfo/repo/hw9-dds-vfo/hw9/mplab/uni-dds-hw9.asm
                 mtkeyer2   0x0013bb    program     static /home/dirk/projects/hw9_digital_vfo/repo/hw9-dds-vfo/hw9/mplab/uni-dds-hw9.asm
                    mtrit   0x0013c4    program     static /home/dirk/projects/hw9_digital_vfo/repo/hw9-dds-vfo/hw9/mplab/uni-dds-hw9.asm
                   mtrit1   0x0013c8    program     static /home/dirk/projects/hw9_digital_vfo/repo/hw9-dds-vfo/hw9/mplab/uni-dds-hw9.asm
                   mtrit2   0x0013c9    program     static /home/dirk/projects/hw9_digital_vfo/repo/hw9-dds-vfo/hw9/mplab/uni-dds-hw9.asm
                  mtvfoab   0x0013d2    program     static /home/dirk/projects/hw9_digital_vfo/repo/hw9-dds-vfo/hw9/mplab/uni-dds-hw9.asm
                  mtlight   0x0013db    program     static /home/dirk/projects/hw9_digital_vfo/repo/hw9-dds-vfo/hw9/mplab/uni-dds-hw9.asm
                 mtlight1   0x0013df    program     static /home/dirk/projects/hw9_digital_vfo/repo/hw9-dds-vfo/hw9/mplab/uni-dds-hw9.asm
                 mtlight2   0x0013e0    program     static /home/dirk/projects/hw9_digital_vfo/repo/hw9-dds-vfo/hw9/mplab/uni-dds-hw9.asm
              mtlightauto   0x0013e9    program     static /home/dirk/projects/hw9_digital_vfo/repo/hw9-dds-vfo/hw9/mplab/uni-dds-hw9.asm
             mtlightauto1   0x0013ed    program     static /home/dirk/projects/hw9_digital_vfo/repo/hw9-dds-vfo/hw9/mplab/uni-dds-hw9.asm
             mtlightauto2   0x0013ee    program     static /home/dirk/projects/hw9_digital_vfo/repo/hw9-dds-vfo/hw9/mplab/uni-dds-hw9.asm
                   mttune   0x0013f7    program     static /home/dirk/projects/hw9_digital_vfo/repo/hw9-dds-vfo/hw9/mplab/uni-dds-hw9.asm
                  mtxit1k   0x001400    program     static /home/dirk/projects/hw9_digital_vfo/repo/hw9-dds-vfo/hw9/mplab/uni-dds-hw9.asm
                 mtxit1k1   0x001404    program     static /home/dirk/projects/hw9_digital_vfo/repo/hw9-dds-vfo/hw9/mplab/uni-dds-hw9.asm
                 mtxit1k2   0x001405    program     static /home/dirk/projects/hw9_digital_vfo/repo/hw9-dds-vfo/hw9/mplab/uni-dds-hw9.asm
                  mtxit2k   0x00140e    program     static /home/dirk/projects/hw9_digital_vfo/repo/hw9-dds-vfo/hw9/mplab/uni-dds-hw9.asm
                 mtxit2k1   0x001412    program     static /home/dirk/projects/hw9_digital_vfo/repo/hw9-dds-vfo/hw9/mplab/uni-dds-hw9.asm
                 mtxit2k2   0x001413    program     static /home/dirk/projects/hw9_digital_vfo/repo/hw9-dds-vfo/hw9/mplab/uni-dds-hw9.asm
               AnzeigeAGC   0x00141c    program     static /home/dirk/projects/hw9_digital_vfo/repo/hw9-dds-vfo/hw9/mplab/uni-dds-hw9.asm
                   AAGC01   0x001432    program     static /home/dirk/projects/hw9_digital_vfo/repo/hw9-dds-vfo/hw9/mplab/uni-dds-hw9.asm
                   AAGC02   0x00143b    program     static /home/dirk/projects/hw9_digital_vfo/repo/hw9-dds-vfo/hw9/mplab/uni-dds-hw9.asm
                   AAGC03   0x001457    program     static /home/dirk/projects/hw9_digital_vfo/repo/hw9-dds-vfo/hw9/mplab/uni-dds-hw9.asm
              AnzeigeBatt   0x001458    program     static /home/dirk/projects/hw9_digital_vfo/repo/hw9-dds-vfo/hw9/mplab/uni-dds-hw9.asm
                     az01   0x00147d    program     static /home/dirk/projects/hw9_digital_vfo/repo/hw9-dds-vfo/hw9/mplab/uni-dds-hw9.asm
                     az02   0x001484    program     static /home/dirk/projects/hw9_digital_vfo/repo/hw9-dds-vfo/hw9/mplab/uni-dds-hw9.asm
                     az03   0x001494    program     static /home/dirk/projects/hw9_digital_vfo/repo/hw9-dds-vfo/hw9/mplab/uni-dds-hw9.asm
                 Dauerton   0x001495    program     static /home/dirk/projects/hw9_digital_vfo/repo/hw9-dds-vfo/hw9/mplab/uni-dds-hw9.asm
                  Dauer01   0x00149c    program     static /home/dirk/projects/hw9_digital_vfo/repo/hw9-dds-vfo/hw9/mplab/uni-dds-hw9.asm
                  Dauer03   0x0014ea    program     static /home/dirk/projects/hw9_digital_vfo/repo/hw9-dds-vfo/hw9/mplab/uni-dds-hw9.asm
                  Dauer04   0x0014f8    program     static /home/dirk/projects/hw9_digital_vfo/repo/hw9-dds-vfo/hw9/mplab/uni-dds-hw9.asm
                  Dauer02   0x001504    program     static /home/dirk/projects/hw9_digital_vfo/repo/hw9-dds-vfo/hw9/mplab/uni-dds-hw9.asm
                   getswr   0x001515    program     static /home/dirk/projects/hw9_digital_vfo/repo/hw9-dds-vfo/hw9/mplab/uni-dds-hw9.asm
                  getswr1   0x001535    program     static /home/dirk/projects/hw9_digital_vfo/repo/hw9-dds-vfo/hw9/mplab/uni-dds-hw9.asm
                  getswr2   0x001554    program     static /home/dirk/projects/hw9_digital_vfo/repo/hw9-dds-vfo/hw9/mplab/uni-dds-hw9.asm
                  getswr3   0x001567    program     static /home/dirk/projects/hw9_digital_vfo/repo/hw9-dds-vfo/hw9/mplab/uni-dds-hw9.asm
                  getswr4   0x00156b    program     static /home/dirk/projects/hw9_digital_vfo/repo/hw9-dds-vfo/hw9/mplab/uni-dds-hw9.asm
                  getswr5   0x00156f    program     static /home/dirk/projects/hw9_digital_vfo/repo/hw9-dds-vfo/hw9/mplab/uni-dds-hw9.asm
                  getswr6   0x001579    program     static /home/dirk/projects/hw9_digital_vfo/repo/hw9-dds-vfo/hw9/mplab/uni-dds-hw9.asm
                  getswr7   0x00157b    program     static /home/dirk/projects/hw9_digital_vfo/repo/hw9-dds-vfo/hw9/mplab/uni-dds-hw9.asm
                  getswr8   0x00157f    program     static /home/dirk/projects/hw9_digital_vfo/repo/hw9-dds-vfo/hw9/mplab/uni-dds-hw9.asm
                    mscan   0x001592    program     static /home/dirk/projects/hw9_digital_vfo/repo/hw9-dds-vfo/hw9/mplab/uni-dds-hw9.asm
                   scan01   0x0015b4    program     static /home/dirk/projects/hw9_digital_vfo/repo/hw9-dds-vfo/hw9/mplab/uni-dds-hw9.asm
                 _166CEND   0x0015c6    program     static /home/dirk/projects/hw9_digital_vfo/repo/hw9-dds-vfo/hw9/mplab/uni-dds-hw9.asm
                   scan02   0x0015d1    program     static /home/dirk/projects/hw9_digital_vfo/repo/hw9-dds-vfo/hw9/mplab/uni-dds-hw9.asm
                   scan03   0x0015d6    program     static /home/dirk/projects/hw9_digital_vfo/repo/hw9-dds-vfo/hw9/mplab/uni-dds-hw9.asm
                   scan05   0x0015e2    program     static /home/dirk/projects/hw9_digital_vfo/repo/hw9-dds-vfo/hw9/mplab/uni-dds-hw9.asm
                   scan04   0x001602    program     static /home/dirk/projects/hw9_digital_vfo/repo/hw9-dds-vfo/hw9/mplab/uni-dds-hw9.asm
                 _172CEND   0x001621    program     static /home/dirk/projects/hw9_digital_vfo/repo/hw9-dds-vfo/hw9/mplab/uni-dds-hw9.asm
                _171C2END   0x001622    program     static /home/dirk/projects/hw9_digital_vfo/repo/hw9-dds-vfo/hw9/mplab/uni-dds-hw9.asm
                _170C3END   0x001623    program     static /home/dirk/projects/hw9_digital_vfo/repo/hw9-dds-vfo/hw9/mplab/uni-dds-hw9.asm
                   scan98   0x001627    program     static /home/dirk/projects/hw9_digital_vfo/repo/hw9-dds-vfo/hw9/mplab/uni-dds-hw9.asm
                   scan99   0x001631    program     static /home/dirk/projects/hw9_digital_vfo/repo/hw9-dds-vfo/hw9/mplab/uni-dds-hw9.asm
                   msetup   0x00163b    program     static /home/dirk/projects/hw9_digital_vfo/repo/hw9-dds-vfo/hw9/mplab/uni-dds-hw9.asm
                 msausw01   0x001642    program     static /home/dirk/projects/hw9_digital_vfo/repo/hw9-dds-vfo/hw9/mplab/uni-dds-hw9.asm
                 msausw02   0x00164b    program     static /home/dirk/projects/hw9_digital_vfo/repo/hw9-dds-vfo/hw9/mplab/uni-dds-hw9.asm
                 msausw05   0x00165b    program     static /home/dirk/projects/hw9_digital_vfo/repo/hw9-dds-vfo/hw9/mplab/uni-dds-hw9.asm
                 msausw06   0x001662    program     static /home/dirk/projects/hw9_digital_vfo/repo/hw9-dds-vfo/hw9/mplab/uni-dds-hw9.asm
                 msausw04   0x00166a    program     static /home/dirk/projects/hw9_digital_vfo/repo/hw9-dds-vfo/hw9/mplab/uni-dds-hw9.asm
                 msausw03   0x001671    program     static /home/dirk/projects/hw9_digital_vfo/repo/hw9-dds-vfo/hw9/mplab/uni-dds-hw9.asm
                  hex2bcd   0x00167b    program     static /home/dirk/projects/hw9_digital_vfo/repo/hw9-dds-vfo/hw9/mplab/uni-dds-hw9.asm
                   hextb1   0x001689    program     static /home/dirk/projects/hw9_digital_vfo/repo/hw9-dds-vfo/hw9/mplab/uni-dds-hw9.asm
                   hextb4   0x00168d    program     static /home/dirk/projects/hw9_digital_vfo/repo/hw9-dds-vfo/hw9/mplab/uni-dds-hw9.asm
                   hextb2   0x001696    program     static /home/dirk/projects/hw9_digital_vfo/repo/hw9-dds-vfo/hw9/mplab/uni-dds-hw9.asm
                   hextb3   0x00169f    program     static /home/dirk/projects/hw9_digital_vfo/repo/hw9-dds-vfo/hw9/mplab/uni-dds-hw9.asm
                  bcd2hex   0x0016ae    program     static /home/dirk/projects/hw9_digital_vfo/repo/hw9-dds-vfo/hw9/mplab/uni-dds-hw9.asm
                 bcd2hex1   0x0016bc    program     static /home/dirk/projects/hw9_digital_vfo/repo/hw9-dds-vfo/hw9/mplab/uni-dds-hw9.asm
                 bcd2hex3   0x0016c9    program     static /home/dirk/projects/hw9_digital_vfo/repo/hw9-dds-vfo/hw9/mplab/uni-dds-hw9.asm
                 bcd2hex4   0x0016cd    program     static /home/dirk/projects/hw9_digital_vfo/repo/hw9-dds-vfo/hw9/mplab/uni-dds-hw9.asm
                 bcd2hex5   0x0016d1    program     static /home/dirk/projects/hw9_digital_vfo/repo/hw9-dds-vfo/hw9/mplab/uni-dds-hw9.asm
                    divb2   0x0016d7    program     static /home/dirk/projects/hw9_digital_vfo/repo/hw9-dds-vfo/hw9/mplab/uni-dds-hw9.asm
                   divb21   0x0016da    program     static /home/dirk/projects/hw9_digital_vfo/repo/hw9-dds-vfo/hw9/mplab/uni-dds-hw9.asm
                 _188CEND   0x0016e6    program     static /home/dirk/projects/hw9_digital_vfo/repo/hw9-dds-vfo/hw9/mplab/uni-dds-hw9.asm
                   divb22   0x0016eb    program     static /home/dirk/projects/hw9_digital_vfo/repo/hw9-dds-vfo/hw9/mplab/uni-dds-hw9.asm
                   divb23   0x0016ee    program     static /home/dirk/projects/hw9_digital_vfo/repo/hw9-dds-vfo/hw9/mplab/uni-dds-hw9.asm
                 _191CEND   0x0016f4    program     static /home/dirk/projects/hw9_digital_vfo/repo/hw9-dds-vfo/hw9/mplab/uni-dds-hw9.asm
                   divb24   0x0016fd    program     static /home/dirk/projects/hw9_digital_vfo/repo/hw9-dds-vfo/hw9/mplab/uni-dds-hw9.asm
                    mulb2   0x001702    program     static /home/dirk/projects/hw9_digital_vfo/repo/hw9-dds-vfo/hw9/mplab/uni-dds-hw9.asm
                   mulb21   0x001706    program     static /home/dirk/projects/hw9_digital_vfo/repo/hw9-dds-vfo/hw9/mplab/uni-dds-hw9.asm
                   mulb25   0x001712    program     static /home/dirk/projects/hw9_digital_vfo/repo/hw9-dds-vfo/hw9/mplab/uni-dds-hw9.asm
                   mulb24   0x00171f    program     static /home/dirk/projects/hw9_digital_vfo/repo/hw9-dds-vfo/hw9/mplab/uni-dds-hw9.asm
                   mulb23   0x001725    program     static /home/dirk/projects/hw9_digital_vfo/repo/hw9-dds-vfo/hw9/mplab/uni-dds-hw9.asm
                   mulb22   0x001729    program     static /home/dirk/projects/hw9_digital_vfo/repo/hw9-dds-vfo/hw9/mplab/uni-dds-hw9.asm
                 getswert   0x00172f    program     static /home/dirk/projects/hw9_digital_vfo/repo/hw9-dds-vfo/hw9/mplab/uni-dds-hw9.asm
                 _201CEND   0x001752    program     static /home/dirk/projects/hw9_digital_vfo/repo/hw9-dds-vfo/hw9/mplab/uni-dds-hw9.asm
                    gsw03   0x001776    program     static /home/dirk/projects/hw9_digital_vfo/repo/hw9-dds-vfo/hw9/mplab/uni-dds-hw9.asm
                    gsw02   0x00177e    program     static /home/dirk/projects/hw9_digital_vfo/repo/hw9-dds-vfo/hw9/mplab/uni-dds-hw9.asm
                    gsw01   0x001780    program     static /home/dirk/projects/hw9_digital_vfo/repo/hw9-dds-vfo/hw9/mplab/uni-dds-hw9.asm
                endepage2   0x001782    program     static /home/dirk/projects/hw9_digital_vfo/repo/hw9-dds-vfo/hw9/mplab/uni-dds-hw9.asm
                  nr2vfoH   0x001800    program     static /home/dirk/projects/hw9_digital_vfo/repo/hw9-dds-vfo/hw9/mplab/uni-dds-hw9.asm
                    PAGE3   0x001800    program     static /home/dirk/projects/hw9_digital_vfo/repo/hw9-dds-vfo/hw9/mplab/uni-dds-hw9.asm
                  nr2vfoL   0x001809    program     static /home/dirk/projects/hw9_digital_vfo/repo/hw9-dds-vfo/hw9/mplab/uni-dds-hw9.asm
                  nr2ddsL   0x001812    program     static /home/dirk/projects/hw9_digital_vfo/repo/hw9-dds-vfo/hw9/mplab/uni-dds-hw9.asm
                  nr2ddsH   0x001817    program     static /home/dirk/projects/hw9_digital_vfo/repo/hw9-dds-vfo/hw9/mplab/uni-dds-hw9.asm
                   nr2zfH   0x00181c    program     static /home/dirk/projects/hw9_digital_vfo/repo/hw9-dds-vfo/hw9/mplab/uni-dds-hw9.asm
                   nr2zfL   0x00181f    program     static /home/dirk/projects/hw9_digital_vfo/repo/hw9-dds-vfo/hw9/mplab/uni-dds-hw9.asm
                    konst   0x001822    program     static /home/dirk/projects/hw9_digital_vfo/repo/hw9-dds-vfo/hw9/mplab/uni-dds-hw9.asm
                     vfo0   0x001826    program     static /home/dirk/projects/hw9_digital_vfo/repo/hw9-dds-vfo/hw9/mplab/uni-dds-hw9.asm
                     vfo1   0x001836    program     static /home/dirk/projects/hw9_digital_vfo/repo/hw9-dds-vfo/hw9/mplab/uni-dds-hw9.asm
                     vfo2   0x001846    program     static /home/dirk/projects/hw9_digital_vfo/repo/hw9-dds-vfo/hw9/mplab/uni-dds-hw9.asm
                     vfo3   0x001856    program     static /home/dirk/projects/hw9_digital_vfo/repo/hw9-dds-vfo/hw9/mplab/uni-dds-hw9.asm
                     vfo4   0x001866    program     static /home/dirk/projects/hw9_digital_vfo/repo/hw9-dds-vfo/hw9/mplab/uni-dds-hw9.asm
                     vfo5   0x001876    program     static /home/dirk/projects/hw9_digital_vfo/repo/hw9-dds-vfo/hw9/mplab/uni-dds-hw9.asm
                     vfo6   0x001886    program     static /home/dirk/projects/hw9_digital_vfo/repo/hw9-dds-vfo/hw9/mplab/uni-dds-hw9.asm
                     vfo7   0x001896    program     static /home/dirk/projects/hw9_digital_vfo/repo/hw9-dds-vfo/hw9/mplab/uni-dds-hw9.asm
                      zf0   0x0018a6    program     static /home/dirk/projects/hw9_digital_vfo/repo/hw9-dds-vfo/hw9/mplab/uni-dds-hw9.asm
                      zf1   0x0018aa    program     static /home/dirk/projects/hw9_digital_vfo/repo/hw9-dds-vfo/hw9/mplab/uni-dds-hw9.asm
                     dds0   0x0018ae    program     static /home/dirk/projects/hw9_digital_vfo/repo/hw9-dds-vfo/hw9/mplab/uni-dds-hw9.asm
                     dds1   0x0018b2    program     static /home/dirk/projects/hw9_digital_vfo/repo/hw9-dds-vfo/hw9/mplab/uni-dds-hw9.asm
                     dds2   0x0018b6    program     static /home/dirk/projects/hw9_digital_vfo/repo/hw9-dds-vfo/hw9/mplab/uni-dds-hw9.asm
                smdefault   0x0018ba    program     static /home/dirk/projects/hw9_digital_vfo/repo/hw9-dds-vfo/hw9/mplab/uni-dds-hw9.asm
               rom2eeprom   0x00190d    program     static /home/dirk/projects/hw9_digital_vfo/repo/hw9-dds-vfo/hw9/mplab/uni-dds-hw9.asm
               eepromneu1   0x001919    program     static /home/dirk/projects/hw9_digital_vfo/repo/hw9-dds-vfo/hw9/mplab/uni-dds-hw9.asm
               eepromneu2   0x00193c    program     static /home/dirk/projects/hw9_digital_vfo/repo/hw9-dds-vfo/hw9/mplab/uni-dds-hw9.asm
               P3smsmeter   0x001945    program     static /home/dirk/projects/hw9_digital_vfo/repo/hw9-dds-vfo/hw9/mplab/uni-dds-hw9.asm
                   smsm01   0x00194d    program     static /home/dirk/projects/hw9_digital_vfo/repo/hw9-dds-vfo/hw9/mplab/uni-dds-hw9.asm
                   smsm02   0x001954    program     static /home/dirk/projects/hw9_digital_vfo/repo/hw9-dds-vfo/hw9/mplab/uni-dds-hw9.asm
                   smsm03   0x00199d    program     static /home/dirk/projects/hw9_digital_vfo/repo/hw9-dds-vfo/hw9/mplab/uni-dds-hw9.asm
                   smsm04   0x0019a4    program     static /home/dirk/projects/hw9_digital_vfo/repo/hw9-dds-vfo/hw9/mplab/uni-dds-hw9.asm
                   eflag1   0x002100    program     static /home/dirk/projects/hw9_digital_vfo/repo/hw9-dds-vfo/hw9/mplab/uni-dds-hw9.asm
                     edds   0x002101    program     static /home/dirk/projects/hw9_digital_vfo/repo/hw9-dds-vfo/hw9/mplab/uni-dds-hw9.asm
                      ezf   0x002105    program     static /home/dirk/projects/hw9_digital_vfo/repo/hw9-dds-vfo/hw9/mplab/uni-dds-hw9.asm
                     evfo   0x002109    program     static /home/dirk/projects/hw9_digital_vfo/repo/hw9-dds-vfo/hw9/mplab/uni-dds-hw9.asm
                  estarta   0x002109    program     static /home/dirk/projects/hw9_digital_vfo/repo/hw9-dds-vfo/hw9/mplab/uni-dds-hw9.asm
                  estartb   0x00210d    program     static /home/dirk/projects/hw9_digital_vfo/repo/hw9-dds-vfo/hw9/mplab/uni-dds-hw9.asm
                   escana   0x002111    program     static /home/dirk/projects/hw9_digital_vfo/repo/hw9-dds-vfo/hw9/mplab/uni-dds-hw9.asm
                   escanb   0x002115    program     static /home/dirk/projects/hw9_digital_vfo/repo/hw9-dds-vfo/hw9/mplab/uni-dds-hw9.asm
                es_konst1   0x002119    program     static /home/dirk/projects/hw9_digital_vfo/repo/hw9-dds-vfo/hw9/mplab/uni-dds-hw9.asm
                es_konst2   0x00211b    program     static /home/dirk/projects/hw9_digital_vfo/repo/hw9-dds-vfo/hw9/mplab/uni-dds-hw9.asm


